Archive member included to satisfy reference by file (symbol)

c:/program files (x86)/embitz/1.11/share/em_armgcc/bin/../lib/gcc/arm-none-eabi/5.4.1/../../../../arm-none-eabi/lib/armv7e-m\libg_n.a(lib_a-exit.o)
                              c:/program files (x86)/embitz/1.11/share/em_armgcc/bin/../lib/gcc/arm-none-eabi/5.4.1/../../../../arm-none-eabi/lib/armv7e-m/crt0.o (exit)
c:/program files (x86)/embitz/1.11/share/em_armgcc/bin/../lib/gcc/arm-none-eabi/5.4.1/../../../../arm-none-eabi/lib/armv7e-m\libg_n.a(lib_a-impure.o)
                              c:/program files (x86)/embitz/1.11/share/em_armgcc/bin/../lib/gcc/arm-none-eabi/5.4.1/../../../../arm-none-eabi/lib/armv7e-m\libg_n.a(lib_a-exit.o) (_global_impure_ptr)
c:/program files (x86)/embitz/1.11/share/em_armgcc/bin/../lib/gcc/arm-none-eabi/5.4.1/../../../../arm-none-eabi/lib/armv7e-m\libg_n.a(lib_a-init.o)
                              c:/program files (x86)/embitz/1.11/share/em_armgcc/bin/../lib/gcc/arm-none-eabi/5.4.1/../../../../arm-none-eabi/lib/armv7e-m/crt0.o (__libc_init_array)
c:/program files (x86)/embitz/1.11/share/em_armgcc/bin/../lib/gcc/arm-none-eabi/5.4.1/../../../../arm-none-eabi/lib/armv7e-m\libg_n.a(lib_a-memset.o)
                              c:/program files (x86)/embitz/1.11/share/em_armgcc/bin/../lib/gcc/arm-none-eabi/5.4.1/../../../../arm-none-eabi/lib/armv7e-m/crt0.o (memset)
c:/program files (x86)/embitz/1.11/share/em_armgcc/bin/../lib/gcc/arm-none-eabi/5.4.1/../../../../arm-none-eabi/lib/armv7e-m\libg_n.a(lib_a-printf.o)
                              obj\debug\src\main.o (printf)
c:/program files (x86)/embitz/1.11/share/em_armgcc/bin/../lib/gcc/arm-none-eabi/5.4.1/../../../../arm-none-eabi/lib/armv7e-m\libg_n.a(lib_a-putchar.o)
                              obj\debug\src\main.o (putchar)
c:/program files (x86)/embitz/1.11/share/em_armgcc/bin/../lib/gcc/arm-none-eabi/5.4.1/../../../../arm-none-eabi/lib/armv7e-m\libg_n.a(lib_a-puts.o)
                              obj\debug\src\main.o (puts)
c:/program files (x86)/embitz/1.11/share/em_armgcc/bin/../lib/gcc/arm-none-eabi/5.4.1/../../../../arm-none-eabi/lib/armv7e-m\libg_n.a(lib_a-scanf.o)
                              obj\debug\src\main.o (scanf)
c:/program files (x86)/embitz/1.11/share/em_armgcc/bin/../lib/gcc/arm-none-eabi/5.4.1/../../../../arm-none-eabi/lib/armv7e-m\libg_n.a(lib_a-setbuf.o)
                              obj\debug\src\30021_io.o (setbuf)
c:/program files (x86)/embitz/1.11/share/em_armgcc/bin/../lib/gcc/arm-none-eabi/5.4.1/../../../../arm-none-eabi/lib/armv7e-m\libg_n.a(lib_a-setvbuf.o)
                              c:/program files (x86)/embitz/1.11/share/em_armgcc/bin/../lib/gcc/arm-none-eabi/5.4.1/../../../../arm-none-eabi/lib/armv7e-m\libg_n.a(lib_a-setbuf.o) (setvbuf)
c:/program files (x86)/embitz/1.11/share/em_armgcc/bin/../lib/gcc/arm-none-eabi/5.4.1/../../../../arm-none-eabi/lib/armv7e-m\libg_n.a(lib_a-wbuf.o)
                              c:/program files (x86)/embitz/1.11/share/em_armgcc/bin/../lib/gcc/arm-none-eabi/5.4.1/../../../../arm-none-eabi/lib/armv7e-m\libg_n.a(lib_a-puts.o) (__swbuf_r)
c:/program files (x86)/embitz/1.11/share/em_armgcc/bin/../lib/gcc/arm-none-eabi/5.4.1/../../../../arm-none-eabi/lib/armv7e-m\libg_n.a(lib_a-wsetup.o)
                              c:/program files (x86)/embitz/1.11/share/em_armgcc/bin/../lib/gcc/arm-none-eabi/5.4.1/../../../../arm-none-eabi/lib/armv7e-m\libg_n.a(lib_a-puts.o) (__swsetup_r)
c:/program files (x86)/embitz/1.11/share/em_armgcc/bin/../lib/gcc/arm-none-eabi/5.4.1/../../../../arm-none-eabi/lib/armv7e-m\libg_n.a(lib_a-fflush.o)
                              c:/program files (x86)/embitz/1.11/share/em_armgcc/bin/../lib/gcc/arm-none-eabi/5.4.1/../../../../arm-none-eabi/lib/armv7e-m\libg_n.a(lib_a-setvbuf.o) (_fflush_r)
c:/program files (x86)/embitz/1.11/share/em_armgcc/bin/../lib/gcc/arm-none-eabi/5.4.1/../../../../arm-none-eabi/lib/armv7e-m\libg_n.a(lib_a-findfp.o)
                              c:/program files (x86)/embitz/1.11/share/em_armgcc/bin/../lib/gcc/arm-none-eabi/5.4.1/../../../../arm-none-eabi/lib/armv7e-m\libg_n.a(lib_a-printf.o) (__sinit)
c:/program files (x86)/embitz/1.11/share/em_armgcc/bin/../lib/gcc/arm-none-eabi/5.4.1/../../../../arm-none-eabi/lib/armv7e-m\libg_n.a(lib_a-fwalk.o)
                              c:/program files (x86)/embitz/1.11/share/em_armgcc/bin/../lib/gcc/arm-none-eabi/5.4.1/../../../../arm-none-eabi/lib/armv7e-m\libg_n.a(lib_a-findfp.o) (_fwalk)
c:/program files (x86)/embitz/1.11/share/em_armgcc/bin/../lib/gcc/arm-none-eabi/5.4.1/../../../../arm-none-eabi/lib/armv7e-m\libg_n.a(lib_a-makebuf.o)
                              c:/program files (x86)/embitz/1.11/share/em_armgcc/bin/../lib/gcc/arm-none-eabi/5.4.1/../../../../arm-none-eabi/lib/armv7e-m\libg_n.a(lib_a-setvbuf.o) (__swhatbuf_r)
c:/program files (x86)/embitz/1.11/share/em_armgcc/bin/../lib/gcc/arm-none-eabi/5.4.1/../../../../arm-none-eabi/lib/armv7e-m\libg_n.a(lib_a-malloc.o)
[...]
Memory Configuration

Name             Origin             Length             Attributes
ROM              0x08000000         0x00010000         xr
RAM              0x20000000         0x00004000         xrw
*default*        0x00000000         0xffffffff

Linker script and memory map

LOAD c:/program files (x86)/embitz/1.11/share/em_armgcc/bin/../lib/gcc/arm-none-eabi/5.4.1/armv7e-m/crti.o
LOAD c:/program files (x86)/embitz/1.11/share/em_armgcc/bin/../lib/gcc/arm-none-eabi/5.4.1/armv7e-m/crtbegin.o
LOAD c:/program files (x86)/embitz/1.11/share/em_armgcc/bin/../lib/gcc/arm-none-eabi/5.4.1/../../../../arm-none-eabi/lib/armv7e-m/crt0.o
                0x00000000                __HEAP_SIZE = 0x0
                0x00000100                __STACK_SIZE = 0x100

.text           0x08000000     0x317c
 *(.isr_vector)
 .isr_vector    0x08000000      0x188 obj\debug\src\startup_stm32f30x.o
                0x08000000                __isr_vector
 *(.text*)
 .text          0x08000188       0x5c c:/program files (x86)/embitz/1.11/share/em_armgcc/bin/../lib/gcc/arm-none-eabi/5.4.1/armv7e-m/crtbegin.o
 .text          0x080001e4       0x74 c:/program files (x86)/embitz/1.11/share/em_armgcc/bin/../lib/gcc/arm-none-eabi/5.4.1/../../../../arm-none-eabi/lib/armv7e-m/crt0.o
                0x080001e4                _start
                0x080001e4                _mainCRTStartup
 .text.GPIO_ReadInputDataBit
                0x08000258       0x38 obj\debug\spl\src\stm32f30x_gpio.o
                0x08000258                GPIO_ReadInputDataBit
 .text.GPIO_WriteBit
                0x08000290       0x30 obj\debug\spl\src\stm32f30x_gpio.o
                0x08000290                GPIO_WriteBit
 .text.RCC_GetClocksFreq
                0x080002c0      0x414 obj\debug\spl\src\stm32f30x_rcc.o
                0x080002c0                RCC_GetClocksFreq
 .text.USART_SendData
                0x080006d4       0x24 obj\debug\spl\src\stm32f30x_usart.o
                0x080006d4                USART_SendData
 .text.USART_GetFlagStatus
                0x080006f8       0x30 obj\debug\spl\src\stm32f30x_usart.o
                0x080006f8                USART_GetFlagStatus
 .text.uart_putc
                0x08000728       0x34 obj\debug\src\30021_io.o
                0x08000728                uart_putc
 .text._write_r
                0x0800075c       0x4c obj\debug\src\30021_io.o
                0x0800075c                _write_r
 .text.init_usb_uart
                0x080007a8      0x220 obj\debug\src\30021_io.o
                0x080007a8                init_usb_uart
 .text.NVIC_EnableIRQ
                0x080009c8       0x30 obj\debug\src\main.o
 .text.NVIC_SetPriority
                0x080009f8       0x54 obj\debug\src\main.o
 .text.initJoystick
                0x08000a4c       0xc4 obj\debug\src\main.o
                0x08000a4c                initJoystick
 .text.Read_Joystick
                0x08000b10       0x68 obj\debug\src\main.o
                0x08000b10                Read_Joystick
 .text.initLed  0x08000b78      0x174 obj\debug\src\main.o
                0x08000b78                initLed
 .text.init_interrupt
                0x08000cec       0x4c obj\debug\src\main.o
                0x08000cec                init_interrupt
 .text.Set_Led  0x08000d38      0x120 obj\debug\src\main.o
                0x08000d38                Set_Led
 .text.EXTIO_IRQHandler
                0x08000e58       0x38 obj\debug\src\main.o
                0x08000e58                EXTIO_IRQHandler
 .text.main     0x08000e90       0xc4 obj\debug\src\main.o
                0x08000e90                main
 .text          0x08000f54       0xe4 obj\debug\src\startup_stm32f30x.o
                0x08000f54                Reset_Handler
                0x08000f9a                NMI_Handler
                0x08000f9c                HardFault_Handler
                0x08000f9e                MemManage_Handler
                0x08000fa0                BusFault_Handler
                0x08000fa2                UsageFault_Handler
                0x08000fa4                SVC_Handler
                0x08000fa6                DebugMon_Handler
                0x08000fa8                PendSV_Handler
                0x08000faa                SysTick_Handler
                0x08000fac                WWDG_IRQHandler
                0x08000fae                PVD_IRQHandler
                0x08000fb0                TAMPER_STAMP_IRQHandler
                0x08000fb2                RTC_WKUP_IRQHandler
                0x08000fb4                FLASH_IRQHandler
                0x08000fb6                RCC_IRQHandler
                0x08000fb8                EXTI0_IRQHandler
                0x08000fba                EXTI1_IRQHandler
                0x08000fbc                EXTI2_TS_IRQHandler
                0x08000fbe                EXTI3_IRQHandler
                0x08000fc0                EXTI4_IRQHandler
                0x08000fc2                DMA1_Channel1_IRQHandler
                0x08000fc4                DMA1_Channel2_IRQHandler
                0x08000fc6                DMA1_Channel3_IRQHandler
                0x08000fc8                DMA1_Channel4_IRQHandler
                0x08000fca                DMA1_Channel5_IRQHandler
                0x08000fcc                DMA1_Channel6_IRQHandler
                0x08000fce                DMA1_Channel7_IRQHandler
                0x08000fd0                ADC1_2_IRQHandler
                0x08000fd2                USB_HP_CAN1_TX_IRQHandler
                0x08000fd4                USB_LP_CAN1_RX0_IRQHandler
                0x08000fd6                CAN1_RX1_IRQHandler
                0x08000fd8                CAN1_SCE_IRQHandler
                0x08000fda                EXTI9_5_IRQHandler
                0x08000fdc                TIM1_BRK_TIM15_IRQHandler
                0x08000fde                TIM1_UP_TIM16_IRQHandler
                0x08000fe0                TIM1_TRG_COM_TIM17_IRQHandler
                0x08000fe2                TIM1_CC_IRQHandler
                0x08000fe4                TIM2_IRQHandler
                0x08000fe6                TIM3_IRQHandler
                0x08000fe8                TIM4_IRQHandler
                0x08000fea                I2C1_EV_IRQHandler
                0x08000fec                I2C1_ER_IRQHandler
                0x08000fee                I2C2_EV_IRQHandler
                0x08000ff0                I2C2_ER_IRQHandler
                0x08000ff2                SPI1_IRQHandler
                0x08000ff4                SPI2_IRQHandler
                0x08000ff6                USART1_IRQHandler
                0x08000ff8                USART2_IRQHandler
                0x08000ffa                USART3_IRQHandler
                0x08000ffc                EXTI15_10_IRQHandler
                0x08000ffe                RTC_Alarm_IRQHandler
                0x08001000                USBWakeUp_IRQHandler
                0x08001002                TIM8_BRK_IRQHandler
                0x08001004                TIM8_UP_IRQHandler
                0x08001006                TIM8_TRG_COM_IRQHandler
                0x08001008                TIM8_CC_IRQHandler
                0x0800100a                ADC3_IRQHandler
                0x0800100c                SPI3_IRQHandler
                0x0800100e                UART4_IRQHandler
                0x08001010                UART5_IRQHandler
                0x08001012                TIM6_DAC_IRQHandler
                0x08001014                TIM7_IRQHandler
                0x08001016                DMA2_Channel1_IRQHandler
                0x08001018                DMA2_Channel2_IRQHandler
                0x0800101a                DMA2_Channel3_IRQHandler
                0x0800101c                DMA2_Channel4_IRQHandler
                0x0800101e                DMA2_Channel5_IRQHandler
                0x08001020                ADC4_IRQHandler
                0x08001022                COMP1_2_3_IRQHandler
                0x08001024                COMP4_5_6_IRQHandler
                0x08001026                COMP7_IRQHandler
                0x08001028                USB_HP_IRQHandler
                0x0800102a                USB_LP_IRQHandler
                0x0800102c                USBWakeUp_RMP_IRQHandler
                0x0800102e                FPU_IRQHandler
 .text.SystemInit
                0x08001038       0x84 obj\debug\src\system_stm32f30x.o
                0x08001038                SystemInit
 .text.SetSysClock
                0x080010bc       0x90 obj\debug\src\system_stm32f30x.o
 .text.exit     0x0800114c       0x28 c:/program files (x86)/embitz/1.11/share/em_armgcc/bin/../lib/gcc/arm-none-eabi/5.4.1/../../../../arm-none-eabi/lib/armv7e-m\libg_n.a(lib_a-exit.o)
                0x0800114c                exit
 .text.__libc_init_array
                0x08001174       0x4c c:/program files (x86)/embitz/1.11/share/em_armgcc/bin/../lib/gcc/arm-none-eabi/5.4.1/../../../../arm-none-eabi/lib/armv7e-m\libg_n.a(lib_a-init.o)
                0x08001174                __libc_init_array
 .text.memset   0x080011c0       0x10 c:/program files (x86)/embitz/1.11/share/em_armgcc/bin/../lib/gcc/arm-none-eabi/5.4.1/../../../../arm-none-eabi/lib/armv7e-m\libg_n.a(lib_a-memset.o)
                0x080011c0                memset
 .text.printf   0x080011d0       0x30 c:/program files (x86)/embitz/1.11/share/em_armgcc/bin/../lib/gcc/arm-none-eabi/5.4.1/../../../../arm-none-eabi/lib/armv7e-m\libg_n.a(lib_a-printf.o)
                0x080011d0                iprintf
                0x080011d0                printf
 .text.putchar  0x08001200       0x28 c:/program files (x86)/embitz/1.11/share/em_armgcc/bin/../lib/gcc/arm-none-eabi/5.4.1/../../../../arm-none-eabi/lib/armv7e-m\libg_n.a(lib_a-putchar.o)
                0x08001200                putchar
 .text._puts_r  0x08001228       0xb4 c:/program files (x86)/embitz/1.11/share/em_armgcc/bin/../lib/gcc/arm-none-eabi/5.4.1/../../../../arm-none-eabi/lib/armv7e-m\libg_n.a(lib_a-puts.o)
                0x08001228                _puts_r
 .text.puts     0x080012dc       0x10 c:/program files (x86)/embitz/1.11/share/em_armgcc/bin/../lib/gcc/arm-none-eabi/5.4.1/../../../../arm-none-eabi/lib/armv7e-m\libg_n.a(lib_a-puts.o)
                0x080012dc                puts
 .text.scanf    0x080012ec       0x30 c:/program files (x86)/embitz/1.11/share/em_armgcc/bin/../lib/gcc/arm-none-eabi/5.4.1/../../../../arm-none-eabi/lib/armv7e-m\libg_n.a(lib_a-scanf.o)
                0x080012ec                scanf
                0x080012ec                iscanf
 .text.setbuf   0x0800131c       0x10 c:/program files (x86)/embitz/1.11/share/em_armgcc/bin/../lib/gcc/arm-none-eabi/5.4.1/../../../../arm-none-eabi/lib/armv7e-m\libg_n.a(lib_a-setbuf.o)
                0x0800131c                setbuf
 .text.setvbuf  0x0800132c      0x154 c:/program files (x86)/embitz/1.11/share/em_armgcc/bin/../lib/gcc/arm-none-eabi/5.4.1/../../../../arm-none-eabi/lib/armv7e-m\libg_n.a(lib_a-setvbuf.o)
                0x0800132c                setvbuf
 .text.__swbuf_r
                0x08001480       0xa8 c:/program files (x86)/embitz/1.11/share/em_armgcc/bin/../lib/gcc/arm-none-eabi/5.4.1/../../../../arm-none-eabi/lib/armv7e-m\libg_n.a(lib_a-wbuf.o)
                0x08001480                __swbuf_r
 .text.__swsetup_r
                0x08001528       0xdc c:/program files (x86)/embitz/1.11/share/em_armgcc/bin/../lib/gcc/arm-none-eabi/5.4.1/../../../../arm-none-eabi/lib/armv7e-m\libg_n.a(lib_a-wsetup.o)
                0x08001528                __swsetup_r
 .text.__sflush_r
                0x08001604      0x110 c:/program files (x86)/embitz/1.11/share/em_armgcc/bin/../lib/gcc/arm-none-eabi/5.4.1/../../../../arm-none-eabi/lib/armv7e-m\libg_n.a(lib_a-fflush.o)
                0x08001604                __sflush_r
 .text._fflush_r
                0x08001714       0x54 c:/program files (x86)/embitz/1.11/share/em_armgcc/bin/../lib/gcc/arm-none-eabi/5.4.1/../../../../arm-none-eabi/lib/armv7e-m\libg_n.a(lib_a-fflush.o)
                0x08001714                _fflush_r
 .text.fflush   0x08001768       0x24 c:/program files (x86)/embitz/1.11/share/em_armgcc/bin/../lib/gcc/arm-none-eabi/5.4.1/../../../../arm-none-eabi/lib/armv7e-m\libg_n.a(lib_a-fflush.o)
                0x08001768                fflush
 .text._cleanup_r
                0x0800178c        0xc c:/program files (x86)/embitz/1.11/share/em_armgcc/bin/../lib/gcc/arm-none-eabi/5.4.1/../../../../arm-none-eabi/lib/armv7e-m\libg_n.a(lib_a-findfp.o)
                0x0800178c                _cleanup_r
 .text.std.isra.0
                0x08001798       0x48 c:/program files (x86)/embitz/1.11/share/em_armgcc/bin/../lib/gcc/arm-none-eabi/5.4.1/../../../../arm-none-eabi/lib/armv7e-m\libg_n.a(lib_a-findfp.o)
 .text.__sfmoreglue
                0x080017e0       0x2c c:/program files (x86)/embitz/1.11/share/em_armgcc/bin/../lib/gcc/arm-none-eabi/5.4.1/../../../../arm-none-eabi/lib/armv7e-m\libg_n.a(lib_a-findfp.o)
                0x080017e0                __sfmoreglue
 .text.__sinit  0x0800180c       0x60 c:/program files (x86)/embitz/1.11/share/em_armgcc/bin/../lib/gcc/arm-none-eabi/5.4.1/../../../../arm-none-eabi/lib/armv7e-m\libg_n.a(lib_a-findfp.o)
                0x0800180c                __sinit
 .text.__sfp    0x0800186c       0x78 c:/program files (x86)/embitz/1.11/share/em_armgcc/bin/../lib/gcc/arm-none-eabi/5.4.1/../../../../arm-none-eabi/lib/armv7e-m\libg_n.a(lib_a-findfp.o)
                0x0800186c                __sfp
 .text._fwalk   0x080018e4       0x38 c:/program files (x86)/embitz/1.11/share/em_armgcc/bin/../lib/gcc/arm-none-eabi/5.4.1/../../../../arm-none-eabi/lib/armv7e-m\libg_n.a(lib_a-fwalk.o)
                0x080018e4                _fwalk
 .text._fwalk_reent
                0x0800191c       0x3c c:/program files (x86)/embitz/1.11/share/em_armgcc/bin/../lib/gcc/arm-none-eabi/5.4.1/../../../../arm-none-eabi/lib/armv7e-m\libg_n.a(lib_a-fwalk.o)
                0x0800191c                _fwalk_reent
 .text.__swhatbuf_r
                0x08001958       0x46 c:/program files (x86)/embitz/1.11/share/em_armgcc/bin/../lib/gcc/arm-none-eabi/5.4.1/../../../../arm-none-eabi/lib/armv7e-m\libg_n.a(lib_a-makebuf.o)
                0x08001958                __swhatbuf_r
 *fill*         0x0800199e        0x2 
 .text.__smakebuf_r
                0x080019a0       0x78 c:/program files (x86)/embitz/1.11/share/em_armgcc/bin/../lib/gcc/arm-none-eabi/5.4.1/../../../../arm-none-eabi/lib/armv7e-m\libg_n.a(lib_a-makebuf.o)
                0x080019a0                __smakebuf_r
 .text.malloc   0x08001a18       0x10 c:/program files (x86)/embitz/1.11/share/em_armgcc/bin/../lib/gcc/arm-none-eabi/5.4.1/../../../../arm-none-eabi/lib/armv7e-m\libg_n.a(lib_a-malloc.o)
                0x08001a18                malloc
 .text._free_r  0x08001a28       0x9c c:/program files (x86)/embitz/1.11/share/em_armgcc/bin/../lib/gcc/arm-none-eabi/5.4.1/../../../../arm-none-eabi/lib/armv7e-m\libg_n.a(lib_a-nano-freer.o)
                0x08001a28                _free_r
 .text._malloc_r
                0x08001ac4       0xbc c:/program files (x86)/embitz/1.11/share/em_armgcc/bin/../lib/gcc/arm-none-eabi/5.4.1/../../../../arm-none-eabi/lib/armv7e-m\libg_n.a(lib_a-nano-mallocr.o)
                0x08001ac4                _malloc_r
 .text.__sfputc_r
                0x08001b80       0x2c c:/program files (x86)/embitz/1.11/share/em_armgcc/bin/../lib/gcc/arm-none-eabi/5.4.1/../../../../arm-none-eabi/lib/armv7e-m\libg_n.a(lib_a-nano-vfprintf.o)
 .text.__sfputs_r
                0x08001bac       0x24 c:/program files (x86)/embitz/1.11/share/em_armgcc/bin/../lib/gcc/arm-none-eabi/5.4.1/../../../../arm-none-eabi/lib/armv7e-m\libg_n.a(lib_a-nano-vfprintf.o)
                0x08001bac                __sfputs_r
 .text._vfprintf_r
                0x08001bd0      0x238 c:/program files (x86)/embitz/1.11/share/em_armgcc/bin/../lib/gcc/arm-none-eabi/5.4.1/../../../../arm-none-eabi/lib/armv7e-m\libg_n.a(lib_a-nano-vfprintf.o)
                0x08001bd0                _vfprintf_r
                0x08001bd0                _vfiprintf_r
 .text._printf_common
                0x08001e08       0xec c:/program files (x86)/embitz/1.11/share/em_armgcc/bin/../lib/gcc/arm-none-eabi/5.4.1/../../../../arm-none-eabi/lib/armv7e-m\libg_n.a(lib_a-nano-vfprintf_i.o)
                0x08001e08                _printf_common
 .text._printf_i
                0x08001ef4      0x24c c:/program files (x86)/embitz/1.11/share/em_armgcc/bin/../lib/gcc/arm-none-eabi/5.4.1/../../../../arm-none-eabi/lib/armv7e-m\libg_n.a(lib_a-nano-vfprintf_i.o)
                0x08001ef4                _printf_i
 .text.__svfscanf_r
                0x08002140      0x2a8 c:/program files (x86)/embitz/1.11/share/em_armgcc/bin/../lib/gcc/arm-none-eabi/5.4.1/../../../../arm-none-eabi/lib/armv7e-m\libg_n.a(lib_a-nano-vfscanf.o)
                0x08002140                __svfscanf_r
                0x08002140                __svfiscanf_r
 .text._vfscanf_r
                0x080023e8       0x50 c:/program files (x86)/embitz/1.11/share/em_armgcc/bin/../lib/gcc/arm-none-eabi/5.4.1/../../../../arm-none-eabi/lib/armv7e-m\libg_n.a(lib_a-nano-vfscanf.o)
                0x080023e8                _vfscanf_r
                0x080023e8                _vfiscanf_r
 .text._scanf_chars
                0x08002438       0xc8 c:/program files (x86)/embitz/1.11/share/em_armgcc/bin/../lib/gcc/arm-none-eabi/5.4.1/../../../../arm-none-eabi/lib/armv7e-m\libg_n.a(lib_a-nano-vfscanf_i.o)
                0x08002438                _scanf_chars
 .text._scanf_i
                0x08002500      0x1e4 c:/program files (x86)/embitz/1.11/share/em_armgcc/bin/../lib/gcc/arm-none-eabi/5.4.1/../../../../arm-none-eabi/lib/armv7e-m\libg_n.a(lib_a-nano-vfscanf_i.o)
                0x08002500                _scanf_i
 .text._putc_r  0x080026e4       0x6c c:/program files (x86)/embitz/1.11/share/em_armgcc/bin/../lib/gcc/arm-none-eabi/5.4.1/../../../../arm-none-eabi/lib/armv7e-m\libg_n.a(lib_a-putc.o)
                0x080026e4                _putc_r
 .text.lflush   0x08002750       0x12 c:/program files (x86)/embitz/1.11/share/em_armgcc/bin/../lib/gcc/arm-none-eabi/5.4.1/../../../../arm-none-eabi/lib/armv7e-m\libg_n.a(lib_a-refill.o)
 *fill*         0x08002762        0x2 
 .text.__srefill_r
                0x08002764      0x110 c:/program files (x86)/embitz/1.11/share/em_armgcc/bin/../lib/gcc/arm-none-eabi/5.4.1/../../../../arm-none-eabi/lib/armv7e-m\libg_n.a(lib_a-refill.o)
                0x08002764                __srefill_r
 .text._sbrk_r  0x08002874       0x20 c:/program files (x86)/embitz/1.11/share/em_armgcc/bin/../lib/gcc/arm-none-eabi/5.4.1/../../../../arm-none-eabi/lib/armv7e-m\libg_n.a(lib_a-sbrkr.o)
                0x08002874                _sbrk_r
 .text.__sccl   0x08002894       0x62 c:/program files (x86)/embitz/1.11/share/em_armgcc/bin/../lib/gcc/arm-none-eabi/5.4.1/../../../../arm-none-eabi/lib/armv7e-m\libg_n.a(lib_a-sccl.o)
                0x08002894                __sccl
 .text.__sread  0x080028f6       0x22 c:/program files (x86)/embitz/1.11/share/em_armgcc/bin/../lib/gcc/arm-none-eabi/5.4.1/../../../../arm-none-eabi/lib/armv7e-m\libg_n.a(lib_a-stdio.o)
                0x080028f6                __sread
 .text.__swrite
                0x08002918       0x38 c:/program files (x86)/embitz/1.11/share/em_armgcc/bin/../lib/gcc/arm-none-eabi/5.4.1/../../../../arm-none-eabi/lib/armv7e-m\libg_n.a(lib_a-stdio.o)
                0x08002918                __swrite
 .text.__sseek  0x08002950       0x24 c:/program files (x86)/embitz/1.11/share/em_armgcc/bin/../lib/gcc/arm-none-eabi/5.4.1/../../../../arm-none-eabi/lib/armv7e-m\libg_n.a(lib_a-stdio.o)
                0x08002950                __sseek
 .text.__sclose
                0x08002974        0x8 c:/program files (x86)/embitz/1.11/share/em_armgcc/bin/../lib/gcc/arm-none-eabi/5.4.1/../../../../arm-none-eabi/lib/armv7e-m\libg_n.a(lib_a-stdio.o)
                0x08002974                __sclose
 .text._strtol_r
                0x0800297c      0x10c c:/program files (x86)/embitz/1.11/share/em_armgcc/bin/../lib/gcc/arm-none-eabi/5.4.1/../../../../arm-none-eabi/lib/armv7e-m\libg_n.a(lib_a-strtol.o)
                0x0800297c                _strtol_r
 .text._strtoul_r
                0x08002a88       0xfc c:/program files (x86)/embitz/1.11/share/em_armgcc/bin/../lib/gcc/arm-none-eabi/5.4.1/../../../../arm-none-eabi/lib/armv7e-m\libg_n.a(lib_a-strtoul.o)
                0x08002a88                _strtoul_r
 .text.__submore
                0x08002b84       0x76 c:/program files (x86)/embitz/1.11/share/em_armgcc/bin/../lib/gcc/arm-none-eabi/5.4.1/../../../../arm-none-eabi/lib/armv7e-m\libg_n.a(lib_a-ungetc.o)
                0x08002b84                __submore
 *fill*         0x08002bfa        0x2 
 .text._ungetc_r
                0x08002bfc       0xe4 c:/program files (x86)/embitz/1.11/share/em_armgcc/bin/../lib/gcc/arm-none-eabi/5.4.1/../../../../arm-none-eabi/lib/armv7e-m\libg_n.a(lib_a-ungetc.o)
                0x08002bfc                _ungetc_r
 .text._close_r
                0x08002ce0       0x20 c:/program files (x86)/embitz/1.11/share/em_armgcc/bin/../lib/gcc/arm-none-eabi/5.4.1/../../../../arm-none-eabi/lib/armv7e-m\libg_n.a(lib_a-closer.o)
                0x08002ce0                _close_r
 .text._fstat_r
                0x08002d00       0x24 c:/program files (x86)/embitz/1.11/share/em_armgcc/bin/../lib/gcc/arm-none-eabi/5.4.1/../../../../arm-none-eabi/lib/armv7e-m\libg_n.a(lib_a-fstatr.o)
                0x08002d00                _fstat_r
 .text._isatty_r
                0x08002d24       0x20 c:/program files (x86)/embitz/1.11/share/em_armgcc/bin/../lib/gcc/arm-none-eabi/5.4.1/../../../../arm-none-eabi/lib/armv7e-m\libg_n.a(lib_a-isattyr.o)
                0x08002d24                _isatty_r
 .text._lseek_r
                0x08002d44       0x24 c:/program files (x86)/embitz/1.11/share/em_armgcc/bin/../lib/gcc/arm-none-eabi/5.4.1/../../../../arm-none-eabi/lib/armv7e-m\libg_n.a(lib_a-lseekr.o)
                0x08002d44                _lseek_r
 *fill*         0x08002d68        0x8 
 .text          0x08002d70       0xa0 c:/program files (x86)/embitz/1.11/share/em_armgcc/bin/../lib/gcc/arm-none-eabi/5.4.1/../../../../arm-none-eabi/lib/armv7e-m\libg_n.a(lib_a-memchr.o)
                0x08002d70                memchr
 .text.memcpy   0x08002e10       0x16 c:/program files (x86)/embitz/1.11/share/em_armgcc/bin/../lib/gcc/arm-none-eabi/5.4.1/../../../../arm-none-eabi/lib/armv7e-m\libg_n.a(lib_a-memcpy-stub.o)
                0x08002e10                memcpy
 .text.__malloc_lock
                0x08002e26        0x2 c:/program files (x86)/embitz/1.11/share/em_armgcc/bin/../lib/gcc/arm-none-eabi/5.4.1/../../../../arm-none-eabi/lib/armv7e-m\libg_n.a(lib_a-mlock.o)
                0x08002e26                __malloc_lock
 .text.__malloc_unlock
                0x08002e28        0x2 c:/program files (x86)/embitz/1.11/share/em_armgcc/bin/../lib/gcc/arm-none-eabi/5.4.1/../../../../arm-none-eabi/lib/armv7e-m\libg_n.a(lib_a-mlock.o)
                0x08002e28                __malloc_unlock
 .text._realloc_r
                0x08002e2a       0x4c c:/program files (x86)/embitz/1.11/share/em_armgcc/bin/../lib/gcc/arm-none-eabi/5.4.1/../../../../arm-none-eabi/lib/armv7e-m\libg_n.a(lib_a-nano-reallocr.o)
                0x08002e2a                _realloc_r
 *fill*         0x08002e76        0x2 
 .text._read_r  0x08002e78       0x24 c:/program files (x86)/embitz/1.11/share/em_armgcc/bin/../lib/gcc/arm-none-eabi/5.4.1/../../../../arm-none-eabi/lib/armv7e-m\libg_n.a(lib_a-readr.o)
                0x08002e78                _read_r
 .text._malloc_usable_size_r
                0x08002e9c       0x14 c:/program files (x86)/embitz/1.11/share/em_armgcc/bin/../lib/gcc/arm-none-eabi/5.4.1/../../../../arm-none-eabi/lib/armv7e-m\libg_n.a(lib_a-nano-msizer.o)
                0x08002e9c                _malloc_usable_size_r
 .text._close   0x08002eb0       0x10 c:/program files (x86)/embitz/1.11/share/em_armgcc/bin/../lib/gcc/arm-none-eabi/5.4.1/../../../../arm-none-eabi/lib/armv7e-m\libnosys_s.a(close.o)
                0x08002eb0                _close
 .text._fstat   0x08002ec0       0x10 c:/program files (x86)/embitz/1.11/share/em_armgcc/bin/../lib/gcc/arm-none-eabi/5.4.1/../../../../arm-none-eabi/lib/armv7e-m\libnosys_s.a(fstat.o)
                0x08002ec0                _fstat
 .text._isatty  0x08002ed0       0x10 c:/program files (x86)/embitz/1.11/share/em_armgcc/bin/../lib/gcc/arm-none-eabi/5.4.1/../../../../arm-none-eabi/lib/armv7e-m\libnosys_s.a(isatty.o)
                0x08002ed0                _isatty
 .text._lseek   0x08002ee0       0x10 c:/program files (x86)/embitz/1.11/share/em_armgcc/bin/../lib/gcc/arm-none-eabi/5.4.1/../../../../arm-none-eabi/lib/armv7e-m\libnosys_s.a(lseek.o)
                0x08002ee0                _lseek
 .text._read    0x08002ef0       0x10 c:/program files (x86)/embitz/1.11/share/em_armgcc/bin/../lib/gcc/arm-none-eabi/5.4.1/../../../../arm-none-eabi/lib/armv7e-m\libnosys_s.a(read.o)
                0x08002ef0                _read
 .text._sbrk    0x08002f00       0x1c c:/program files (x86)/embitz/1.11/share/em_armgcc/bin/../lib/gcc/arm-none-eabi/5.4.1/../../../../arm-none-eabi/lib/armv7e-m\libnosys_s.a(sbrk.o)
                0x08002f00                _sbrk
 .text._exit    0x08002f1c        0x2 c:/program files (x86)/embitz/1.11/share/em_armgcc/bin/../lib/gcc/arm-none-eabi/5.4.1/../../../../arm-none-eabi/lib/armv7e-m\libnosys_s.a(_exit.o)
                0x08002f1c                _exit
 *(.init)
 *fill*         0x08002f1e        0x2 
 .init          0x08002f20        0x4 c:/program files (x86)/embitz/1.11/share/em_armgcc/bin/../lib/gcc/arm-none-eabi/5.4.1/armv7e-m/crti.o
                0x08002f20                _init
 .init          0x08002f24        0x8 c:/program files (x86)/embitz/1.11/share/em_armgcc/bin/../lib/gcc/arm-none-eabi/5.4.1/armv7e-m/crtn.o
 *(.fini)
 .fini          0x08002f2c        0x4 c:/program files (x86)/embitz/1.11/share/em_armgcc/bin/../lib/gcc/arm-none-eabi/5.4.1/armv7e-m/crti.o
                0x08002f2c                _fini
 .fini          0x08002f30        0x8 c:/program files (x86)/embitz/1.11/share/em_armgcc/bin/../lib/gcc/arm-none-eabi/5.4.1/armv7e-m/crtn.o
 *crtbegin.o(.ctors)
 *crtbegin?.o(.ctors)
 *(EXCLUDE_FILE(*crtend.o *crtend?.o) .ctors)
 *(SORT(.ctors.*))
 *(.ctors)
 *crtbegin.o(.dtors)
 *crtbegin?.o(.dtors)
 *(EXCLUDE_FILE(*crtend.o *crtend?.o) .dtors)
 *(SORT(.dtors.*))
 *(.dtors)
 *(.rodata*)
 .rodata        0x08002f38       0x7c obj\debug\src\main.o
 .rodata.str1.1
                0x08002fb4        0x2 c:/program files (x86)/embitz/1.11/share/em_armgcc/bin/../lib/gcc/arm-none-eabi/5.4.1/../../../../arm-none-eabi/lib/armv7e-m\libg_n.a(lib_a-impure.o)
 *fill*         0x08002fb6        0x2 
 .rodata._global_impure_ptr
                0x08002fb8        0x4 c:/program files (x86)/embitz/1.11/share/em_armgcc/bin/../lib/gcc/arm-none-eabi/5.4.1/../../../../arm-none-eabi/lib/armv7e-m\libg_n.a(lib_a-impure.o)
                0x08002fb8                _global_impure_ptr
 .rodata.__sf_fake_stdin
                0x08002fbc       0x20 c:/program files (x86)/embitz/1.11/share/em_armgcc/bin/../lib/gcc/arm-none-eabi/5.4.1/../../../../arm-none-eabi/lib/armv7e-m\libg_n.a(lib_a-findfp.o)
                0x08002fbc                __sf_fake_stdin
 .rodata.__sf_fake_stdout
                0x08002fdc       0x20 c:/program files (x86)/embitz/1.11/share/em_armgcc/bin/../lib/gcc/arm-none-eabi/5.4.1/../../../../arm-none-eabi/lib/armv7e-m\libg_n.a(lib_a-findfp.o)
                0x08002fdc                __sf_fake_stdout
 .rodata.__sf_fake_stderr
                0x08002ffc       0x20 c:/program files (x86)/embitz/1.11/share/em_armgcc/bin/../lib/gcc/arm-none-eabi/5.4.1/../../../../arm-none-eabi/lib/armv7e-m\libg_n.a(lib_a-findfp.o)
                0x08002ffc                __sf_fake_stderr
 .rodata.str1.1
                0x0800301c       0x11 c:/program files (x86)/embitz/1.11/share/em_armgcc/bin/../lib/gcc/arm-none-eabi/5.4.1/../../../../arm-none-eabi/lib/armv7e-m\libg_n.a(lib_a-nano-vfprintf.o)
 .rodata.str1.1
                0x0800302d       0x22 c:/program files (x86)/embitz/1.11/share/em_armgcc/bin/../lib/gcc/arm-none-eabi/5.4.1/../../../../arm-none-eabi/lib/armv7e-m\libg_n.a(lib_a-nano-vfprintf_i.o)
 .rodata.str1.1
                0x0800304f        0x4 c:/program files (x86)/embitz/1.11/share/em_armgcc/bin/../lib/gcc/arm-none-eabi/5.4.1/../../../../arm-none-eabi/lib/armv7e-m\libg_n.a(lib_a-nano-vfscanf.o)
 *fill*         0x0800304f        0x1 
 .rodata        0x08003050        0xc c:/program files (x86)/embitz/1.11/share/em_armgcc/bin/../lib/gcc/arm-none-eabi/5.4.1/../../../../arm-none-eabi/lib/armv7e-m\libg_n.a(lib_a-nano-vfscanf_i.o)
 .rodata.str1.1
                0x0800305c       0x1b c:/program files (x86)/embitz/1.11/share/em_armgcc/bin/../lib/gcc/arm-none-eabi/5.4.1/../../../../arm-none-eabi/lib/armv7e-m\libg_n.a(lib_a-nano-vfscanf_i.o)
 .rodata._ctype_
                0x08003077      0x101 c:/program files (x86)/embitz/1.11/share/em_armgcc/bin/../lib/gcc/arm-none-eabi/5.4.1/../../../../arm-none-eabi/lib/armv7e-m\libg_n.a(lib_a-ctype_.o)
                0x08003077                _ctype_
 *(.eh_frame*)
 .eh_frame      0x08003178        0x0 c:/program files (x86)/embitz/1.11/share/em_armgcc/bin/../lib/gcc/arm-none-eabi/5.4.1/armv7e-m/crtbegin.o
 .eh_frame      0x08003178        0x4 c:/program files (x86)/embitz/1.11/share/em_armgcc/bin/../lib/gcc/arm-none-eabi/5.4.1/armv7e-m/crtend.o

.glue_7         0x0800317c        0x0
 .glue_7        0x0800317c        0x0 linker stubs

.glue_7t        0x0800317c        0x0
 .glue_7t       0x0800317c        0x0 linker stubs

.vfp11_veneer   0x0800317c        0x0
 .vfp11_veneer  0x0800317c        0x0 linker stubs

.v4_bx          0x0800317c        0x0
 .v4_bx         0x0800317c        0x0 linker stubs

.iplt           0x0800317c        0x0
 .iplt          0x0800317c        0x0 c:/program files (x86)/embitz/1.11/share/em_armgcc/bin/../lib/gcc/arm-none-eabi/5.4.1/armv7e-m/crtbegin.o

.ARM.extab
 *(.ARM.extab* .gnu.linkonce.armextab.*)
                0x0800317c                __exidx_start = .

.ARM.exidx      0x0800317c        0x8
 *(.ARM.exidx* .gnu.linkonce.armexidx.*)
 .ARM.exidx     0x0800317c        0x8 c:/program files (x86)/embitz/1.11/share/em_armgcc/bin/../lib/gcc/arm-none-eabi/5.4.1/../../../../arm-none-eabi/lib/armv7e-m/crt0.o
                0x08003184                __exidx_end = .
                0x08003184                __etext = .

.rel.dyn        0x08003184        0x0
 .rel.iplt      0x08003184        0x0 c:/program files (x86)/embitz/1.11/share/em_armgcc/bin/../lib/gcc/arm-none-eabi/5.4.1/armv7e-m/crtbegin.o

.data           0x20000000       0x9c load address 0x08003184
                0x20000000                __data_start__ = .
 *(vtable)
 *(.data*)
 .data.APBAHBPrescTable
                0x20000000       0x10 obj\debug\spl\src\stm32f30x_rcc.o
 .data.ADCPrescTable
                0x20000010       0x1a obj\debug\spl\src\stm32f30x_rcc.o
 *fill*         0x2000002a        0x2 
 .data.impure_data
                0x2000002c       0x60 c:/program files (x86)/embitz/1.11/share/em_armgcc/bin/../lib/gcc/arm-none-eabi/5.4.1/../../../../arm-none-eabi/lib/armv7e-m\libg_n.a(lib_a-impure.o)
 .data._impure_ptr
                0x2000008c        0x4 c:/program files (x86)/embitz/1.11/share/em_armgcc/bin/../lib/gcc/arm-none-eabi/5.4.1/../../../../arm-none-eabi/lib/armv7e-m\libg_n.a(lib_a-impure.o)
                0x2000008c                _impure_ptr
 .data.__ctype_ptr__
                0x20000090        0x4 c:/program files (x86)/embitz/1.11/share/em_armgcc/bin/../lib/gcc/arm-none-eabi/5.4.1/../../../../arm-none-eabi/lib/armv7e-m\libg_n.a(lib_a-ctype_.o)
                0x20000090                __ctype_ptr__
                0x20000094                . = ALIGN (0x4)
                0x20000094                PROVIDE (__preinit_array_start, .)
 *(.preinit_array)
                0x20000094                PROVIDE (__preinit_array_end, .)
                0x20000094                . = ALIGN (0x4)
                0x20000094                PROVIDE (__init_array_start, .)
 *(SORT(.init_array.*))
 *(.init_array)
 .init_array    0x20000094        0x4 c:/program files (x86)/embitz/1.11/share/em_armgcc/bin/../lib/gcc/arm-none-eabi/5.4.1/armv7e-m/crtbegin.o
                0x20000098                PROVIDE (__init_array_end, .)
                0x20000098                . = ALIGN (0x4)
                [!provide]                PROVIDE (__fini_array_start, .)
 *(SORT(.fini_array.*))
 *(.fini_array)
 .fini_array    0x20000098        0x4 c:/program files (x86)/embitz/1.11/share/em_armgcc/bin/../lib/gcc/arm-none-eabi/5.4.1/armv7e-m/crtbegin.o
                [!provide]                PROVIDE (__fini_array_end, .)
                0x2000009c                . = ALIGN (0x4)
                0x2000009c                __data_end__ = .

.jcr            0x2000009c        0x0 load address 0x08003220
 .jcr           0x2000009c        0x0 c:/program files (x86)/embitz/1.11/share/em_armgcc/bin/../lib/gcc/arm-none-eabi/5.4.1/armv7e-m/crtbegin.o

.igot.plt       0x2000009c        0x0 load address 0x08003220
 .igot.plt      0x2000009c        0x0 c:/program files (x86)/embitz/1.11/share/em_armgcc/bin/../lib/gcc/arm-none-eabi/5.4.1/armv7e-m/crtbegin.o

.bss            0x2000009c       0x2c load address 0x08003220
                0x2000009c                __bss_start__ = .
 *(.bss*)
 .bss           0x2000009c       0x1c c:/program files (x86)/embitz/1.11/share/em_armgcc/bin/../lib/gcc/arm-none-eabi/5.4.1/armv7e-m/crtbegin.o
 .bss.__malloc_sbrk_start
                0x200000b8        0x4 c:/program files (x86)/embitz/1.11/share/em_armgcc/bin/../lib/gcc/arm-none-eabi/5.4.1/../../../../arm-none-eabi/lib/armv7e-m\libg_n.a(lib_a-nano-mallocr.o)
                0x200000b8                __malloc_sbrk_start
 .bss.__malloc_free_list
                0x200000bc        0x4 c:/program files (x86)/embitz/1.11/share/em_armgcc/bin/../lib/gcc/arm-none-eabi/5.4.1/../../../../arm-none-eabi/lib/armv7e-m\libg_n.a(lib_a-nano-mallocr.o)
                0x200000bc                __malloc_free_list
 .bss.heap_end.4167
                0x200000c0        0x4 c:/program files (x86)/embitz/1.11/share/em_armgcc/bin/../lib/gcc/arm-none-eabi/5.4.1/../../../../arm-none-eabi/lib/armv7e-m\libnosys_s.a(sbrk.o)
 *(COMMON)
 COMMON         0x200000c4        0x4 c:/program files (x86)/embitz/1.11/share/em_armgcc/bin/../lib/gcc/arm-none-eabi/5.4.1/../../../../arm-none-eabi/lib/armv7e-m\libg_n.a(lib_a-reent.o)
                0x200000c4                errno
                0x200000c8                __bss_end__ = .

.heap           0x200000c8        0x0
                0x200000c8                __end__ = .
                0x200000c8                end = __end__
 *(.heap*)
 .heap          0x200000c8        0x0 obj\debug\src\startup_stm32f30x.o
                0x200000c8                __HeapLimit = .

.stack_dummy    0x200000c8      0x100
 *(.stack)
 .stack         0x200000c8      0x100 obj\debug\src\startup_stm32f30x.o
                0x20004000                __StackTop = (ORIGIN (RAM) + LENGTH (RAM))
                0x20003f00                __StackLimit = (__StackTop - SIZEOF (.stack_dummy))
                0x20004000                PROVIDE (__stack, __StackTop)
                0x00000001                ASSERT ((__StackLimit >= __HeapLimit), region RAM overflowed with stack)
LOAD obj\debug\spl\src\stm32f30x_adc.o
LOAD obj\debug\spl\src\stm32f30x_can.o
LOAD obj\debug\spl\src\stm32f30x_comp.o
LOAD obj\debug\spl\src\stm32f30x_crc.o
LOAD obj\debug\spl\src\stm32f30x_dac.o
LOAD obj\debug\spl\src\stm32f30x_dbgmcu.o
LOAD obj\debug\spl\src\stm32f30x_dma.o
LOAD obj\debug\spl\src\stm32f30x_exti.o
LOAD obj\debug\spl\src\stm32f30x_flash.o
LOAD obj\debug\spl\src\stm32f30x_gpio.o
LOAD obj\debug\spl\src\stm32f30x_i2c.o
LOAD obj\debug\spl\src\stm32f30x_iwdg.o
LOAD obj\debug\spl\src\stm32f30x_misc.o
LOAD obj\debug\spl\src\stm32f30x_opamp.o
LOAD obj\debug\spl\src\stm32f30x_pwr.o
LOAD obj\debug\spl\src\stm32f30x_rcc.o
LOAD obj\debug\spl\src\stm32f30x_rtc.o
LOAD obj\debug\spl\src\stm32f30x_spi.o
LOAD obj\debug\spl\src\stm32f30x_syscfg.o
LOAD obj\debug\spl\src\stm32f30x_tim.o
LOAD obj\debug\spl\src\stm32f30x_usart.o
LOAD obj\debug\spl\src\stm32f30x_wwdg.o
LOAD obj\debug\src\30021_io.o
LOAD obj\debug\src\main.o
LOAD obj\debug\src\startup_stm32f30x.o
LOAD obj\debug\src\system_stm32f30x.o
START GROUP
LOAD c:/program files (x86)/embitz/1.11/share/em_armgcc/bin/../lib/gcc/arm-none-eabi/5.4.1/armv7e-m\libgcc.a
LOAD c:/program files (x86)/embitz/1.11/share/em_armgcc/bin/../lib/gcc/arm-none-eabi/5.4.1/../../../../arm-none-eabi/lib/armv7e-m\libg_n.a
LOAD c:/program files (x86)/embitz/1.11/share/em_armgcc/bin/../lib/gcc/arm-none-eabi/5.4.1/../../../../arm-none-eabi/lib/armv7e-m\libc_n.a
END GROUP
START GROUP
LOAD c:/program files (x86)/embitz/1.11/share/em_armgcc/bin/../lib/gcc/arm-none-eabi/5.4.1/armv7e-m\libgcc.a
LOAD c:/program files (x86)/embitz/1.11/share/em_armgcc/bin/../lib/gcc/arm-none-eabi/5.4.1/../../../../arm-none-eabi/lib/armv7e-m\libc_n.a
LOAD c:/program files (x86)/embitz/1.11/share/em_armgcc/bin/../lib/gcc/arm-none-eabi/5.4.1/../../../../arm-none-eabi/lib/armv7e-m\libnosys_s.a
END GROUP
LOAD c:/program files (x86)/embitz/1.11/share/em_armgcc/bin/../lib/gcc/arm-none-eabi/5.4.1/armv7e-m/crtend.o
LOAD c:/program files (x86)/embitz/1.11/share/em_armgcc/bin/../lib/gcc/arm-none-eabi/5.4.1/armv7e-m/crtn.o
OUTPUT(bin\Debug\Example-1_thirdTry.elf elf32-littlearm)

.ARM.attributes
                0x00000000       0x2a
 .ARM.attributes
                0x00000000       0x1e c:/program files (x86)/embitz/1.11/share/em_armgcc/bin/../lib/gcc/arm-none-eabi/5.4.1/armv7e-m/crti.o
 .ARM.attributes
                0x0000001e       0x2e c:/program files (x86)/embitz/1.11/share/em_armgcc/bin/../lib/gcc/arm-none-eabi/5.4.1/armv7e-m/crtbegin.o
 .ARM.attributes
                0x0000004c       0x1c c:/program files (x86)/embitz/1.11/share/em_armgcc/bin/../lib/gcc/arm-none-eabi/5.4.1/../../../../arm-none-eabi/lib/armv7e-m/crt0.o
 .ARM.attributes
                0x00000068       0x33 obj\debug\spl\src\stm32f30x_gpio.o
 .ARM.attributes
                0x0000009b       0x33 obj\debug\spl\src\stm32f30x_rcc.o
 .ARM.attributes
                0x000000ce       0x33 obj\debug\spl\src\stm32f30x_usart.o
 .ARM.attributes
                0x00000101       0x33 obj\debug\src\30021_io.o
 .ARM.attributes
                0x00000134       0x33 obj\debug\src\main.o
 .ARM.attributes
                0x00000167       0x1b obj\debug\src\startup_stm32f30x.o
 .ARM.attributes
                0x00000182       0x33 obj\debug\src\system_stm32f30x.o
 .ARM.attributes
                0x000001b5       0x2e c:/program files (x86)/embitz/1.11/share/em_armgcc/bin/../lib/gcc/arm-none-eabi/5.4.1/../../../../arm-none-eabi/lib/armv7e-m\libg_n.a(lib_a-exit.o)
 .ARM.attributes
                0x000001e3       0x2e c:/program files (x86)/embitz/1.11/share/em_armgcc/bin/../lib/gcc/arm-none-eabi/5.4.1/../../../../arm-none-eabi/lib/armv7e-m\libg_n.a(lib_a-impure.o)
 .ARM.attributes
                0x00000211       0x2e c:/program files (x86)/embitz/1.11/share/em_armgcc/bin/../lib/gcc/arm-none-eabi/5.4.1/../../../../arm-none-eabi/lib/armv7e-m\libg_n.a(lib_a-init.o)
 .ARM.attributes
                0x0000023f       0x2e c:/program files (x86)/embitz/1.11/share/em_armgcc/bin/../lib/gcc/arm-none-eabi/5.4.1/../../../../arm-none-eabi/lib/armv7e-m\libg_n.a(lib_a-memset.o)
 .ARM.attributes
                0x0000026d       0x2e c:/program files (x86)/embitz/1.11/share/em_armgcc/bin/../lib/gcc/arm-none-eabi/5.4.1/../../../../arm-none-eabi/lib/armv7e-m\libg_n.a(lib_a-printf.o)
 .ARM.attributes
                0x0000029b       0x2e c:/program files (x86)/embitz/1.11/share/em_armgcc/bin/../lib/gcc/arm-none-eabi/5.4.1/../../../../arm-none-eabi/lib/armv7e-m\libg_n.a(lib_a-putchar.o)
 .ARM.attributes
                0x000002c9       0x2e c:/program files (x86)/embitz/1.11/share/em_armgcc/bin/../lib/gcc/arm-none-eabi/5.4.1/../../../../arm-none-eabi/lib/armv7e-m\libg_n.a(lib_a-puts.o)
 .ARM.attributes
                0x000002f7       0x2e c:/program files (x86)/embitz/1.11/share/em_armgcc/bin/../lib/gcc/arm-none-eabi/5.4.1/../../../../arm-none-eabi/lib/armv7e-m\libg_n.a(lib_a-scanf.o)
 .ARM.attributes
                0x00000325       0x2e c:/program files (x86)/embitz/1.11/share/em_armgcc/bin/../lib/gcc/arm-none-eabi/5.4.1/../../../../arm-none-eabi/lib/armv7e-m\libg_n.a(lib_a-setbuf.o)
 .ARM.attributes
                0x00000353       0x2e c:/program files (x86)/embitz/1.11/share/em_armgcc/bin/../lib/gcc/arm-none-eabi/5.4.1/../../../../arm-none-eabi/lib/armv7e-m\libg_n.a(lib_a-setvbuf.o)
 .ARM.attributes
                0x00000381       0x2e c:/program files (x86)/embitz/1.11/share/em_armgcc/bin/../lib/gcc/arm-none-eabi/5.4.1/../../../../arm-none-eabi/lib/armv7e-m\libg_n.a(lib_a-wbuf.o)
 .ARM.attributes
                0x000003af       0x2e c:/program files (x86)/embitz/1.11/share/em_armgcc/bin/../lib/gcc/arm-none-eabi/5.4.1/../../../../arm-none-eabi/lib/armv7e-m\libg_n.a(lib_a-wsetup.o)
 .ARM.attributes
                0x000003dd       0x2e c:/program files (x86)/embitz/1.11/share/em_armgcc/bin/../lib/gcc/arm-none-eabi/5.4.1/../../../../arm-none-eabi/lib/armv7e-m\libg_n.a(lib_a-fflush.o)
 .ARM.attributes
                0x0000040b       0x2e c:/program files (x86)/embitz/1.11/share/em_armgcc/bin/../lib/gcc/arm-none-eabi/5.4.1/../../../../arm-none-eabi/lib/armv7e-m\libg_n.a(lib_a-findfp.o)
 .ARM.attributes
                0x00000439       0x2e c:/program files (x86)/embitz/1.11/share/em_armgcc/bin/../lib/gcc/arm-none-eabi/5.4.1/../../../../arm-none-eabi/lib/armv7e-m\libg_n.a(lib_a-fwalk.o)
 .ARM.attributes
                0x00000467       0x2e c:/program files (x86)/embitz/1.11/share/em_armgcc/bin/../lib/gcc/arm-none-eabi/5.4.1/../../../../arm-none-eabi/lib/armv7e-m\libg_n.a(lib_a-makebuf.o)
 .ARM.attributes
                0x00000495       0x2e c:/program files (x86)/embitz/1.11/share/em_armgcc/bin/../lib/gcc/arm-none-eabi/5.4.1/../../../../arm-none-eabi/lib/armv7e-m\libg_n.a(lib_a-malloc.o)
 .ARM.attributes
                0x000004c3       0x2e c:/program files (x86)/embitz/1.11/share/em_armgcc/bin/../lib/gcc/arm-none-eabi/5.4.1/../../../../arm-none-eabi/lib/armv7e-m\libg_n.a(lib_a-nano-freer.o)
 .ARM.attributes
                0x000004f1       0x2e c:/program files (x86)/embitz/1.11/share/em_armgcc/bin/../lib/gcc/arm-none-eabi/5.4.1/../../../../arm-none-eabi/lib/armv7e-m\libg_n.a(lib_a-nano-mallocr.o)
 .ARM.attributes
                0x0000051f       0x2e c:/program files (x86)/embitz/1.11/share/em_armgcc/bin/../lib/gcc/arm-none-eabi/5.4.1/../../../../arm-none-eabi/lib/armv7e-m\libg_n.a(lib_a-nano-vfprintf.o)
 .ARM.attributes
                0x0000054d       0x2e c:/program files (x86)/embitz/1.11/share/em_armgcc/bin/../lib/gcc/arm-none-eabi/5.4.1/../../../../arm-none-eabi/lib/armv7e-m\libg_n.a(lib_a-nano-vfprintf_i.o)
 .ARM.attributes
                0x0000057b       0x2e c:/program files (x86)/embitz/1.11/share/em_armgcc/bin/../lib/gcc/arm-none-eabi/5.4.1/../../../../arm-none-eabi/lib/armv7e-m\libg_n.a(lib_a-nano-vfscanf.o)
 .ARM.attributes
                0x000005a9       0x2e c:/program files (x86)/embitz/1.11/share/em_armgcc/bin/../lib/gcc/arm-none-eabi/5.4.1/../../../../arm-none-eabi/lib/armv7e-m\libg_n.a(lib_a-nano-vfscanf_i.o)
 .ARM.attributes
                0x000005d7       0x2e c:/program files (x86)/embitz/1.11/share/em_armgcc/bin/../lib/gcc/arm-none-eabi/5.4.1/../../../../arm-none-eabi/lib/armv7e-m\libg_n.a(lib_a-putc.o)
 .ARM.attributes
                0x00000605       0x2e c:/program files (x86)/embitz/1.11/share/em_armgcc/bin/../lib/gcc/arm-none-eabi/5.4.1/../../../../arm-none-eabi/lib/armv7e-m\libg_n.a(lib_a-refill.o)
 .ARM.attributes
                0x00000633       0x2e c:/program files (x86)/embitz/1.11/share/em_armgcc/bin/../lib/gcc/arm-none-eabi/5.4.1/../../../../arm-none-eabi/lib/armv7e-m\libg_n.a(lib_a-sbrkr.o)
 .ARM.attributes
                0x00000661       0x2e c:/program files (x86)/embitz/1.11/share/em_armgcc/bin/../lib/gcc/arm-none-eabi/5.4.1/../../../../arm-none-eabi/lib/armv7e-m\libg_n.a(lib_a-sccl.o)
 .ARM.attributes
                0x0000068f       0x2e c:/program files (x86)/embitz/1.11/share/em_armgcc/bin/../lib/gcc/arm-none-eabi/5.4.1/../../../../arm-none-eabi/lib/armv7e-m\libg_n.a(lib_a-stdio.o)
 .ARM.attributes
                0x000006bd       0x2e c:/program files (x86)/embitz/1.11/share/em_armgcc/bin/../lib/gcc/arm-none-eabi/5.4.1/../../../../arm-none-eabi/lib/armv7e-m\libg_n.a(lib_a-strtol.o)
 .ARM.attributes
                0x000006eb       0x2e c:/program files (x86)/embitz/1.11/share/em_armgcc/bin/../lib/gcc/arm-none-eabi/5.4.1/../../../../arm-none-eabi/lib/armv7e-m\libg_n.a(lib_a-strtoul.o)
 .ARM.attributes
                0x00000719       0x2e c:/program files (x86)/embitz/1.11/share/em_armgcc/bin/../lib/gcc/arm-none-eabi/5.4.1/../../../../arm-none-eabi/lib/armv7e-m\libg_n.a(lib_a-ungetc.o)
 .ARM.attributes
                0x00000747       0x2e c:/program files (x86)/embitz/1.11/share/em_armgcc/bin/../lib/gcc/arm-none-eabi/5.4.1/../../../../arm-none-eabi/lib/armv7e-m\libg_n.a(lib_a-closer.o)
 .ARM.attributes
                0x00000775       0x2e c:/program files (x86)/embitz/1.11/share/em_armgcc/bin/../lib/gcc/arm-none-eabi/5.4.1/../../../../arm-none-eabi/lib/armv7e-m\libg_n.a(lib_a-ctype_.o)
 .ARM.attributes
                0x000007a3       0x2e c:/program files (x86)/embitz/1.11/share/em_armgcc/bin/../lib/gcc/arm-none-eabi/5.4.1/../../../../arm-none-eabi/lib/armv7e-m\libg_n.a(lib_a-fstatr.o)
 .ARM.attributes
                0x000007d1       0x2e c:/program files (x86)/embitz/1.11/share/em_armgcc/bin/../lib/gcc/arm-none-eabi/5.4.1/../../../../arm-none-eabi/lib/armv7e-m\libg_n.a(lib_a-isattyr.o)
 .ARM.attributes
                0x000007ff       0x2e c:/program files (x86)/embitz/1.11/share/em_armgcc/bin/../lib/gcc/arm-none-eabi/5.4.1/../../../../arm-none-eabi/lib/armv7e-m\libg_n.a(lib_a-lseekr.o)
 .ARM.attributes
                0x0000082d       0x1c c:/program files (x86)/embitz/1.11/share/em_armgcc/bin/../lib/gcc/arm-none-eabi/5.4.1/../../../../arm-none-eabi/lib/armv7e-m\libg_n.a(lib_a-memchr.o)
 .ARM.attributes
                0x00000849       0x2e c:/program files (x86)/embitz/1.11/share/em_armgcc/bin/../lib/gcc/arm-none-eabi/5.4.1/../../../../arm-none-eabi/lib/armv7e-m\libg_n.a(lib_a-memcpy-stub.o)
 .ARM.attributes
                0x00000877       0x2e c:/program files (x86)/embitz/1.11/share/em_armgcc/bin/../lib/gcc/arm-none-eabi/5.4.1/../../../../arm-none-eabi/lib/armv7e-m\libg_n.a(lib_a-mlock.o)
 .ARM.attributes
                0x000008a5       0x2e c:/program files (x86)/embitz/1.11/share/em_armgcc/bin/../lib/gcc/arm-none-eabi/5.4.1/../../../../arm-none-eabi/lib/armv7e-m\libg_n.a(lib_a-nano-reallocr.o)
 .ARM.attributes
                0x000008d3       0x2e c:/program files (x86)/embitz/1.11/share/em_armgcc/bin/../lib/gcc/arm-none-eabi/5.4.1/../../../../arm-none-eabi/lib/armv7e-m\libg_n.a(lib_a-readr.o)
 .ARM.attributes
                0x00000901       0x2e c:/program files (x86)/embitz/1.11/share/em_armgcc/bin/../lib/gcc/arm-none-eabi/5.4.1/../../../../arm-none-eabi/lib/armv7e-m\libg_n.a(lib_a-reent.o)
 .ARM.attributes
                0x0000092f       0x2e c:/program files (x86)/embitz/1.11/share/em_armgcc/bin/../lib/gcc/arm-none-eabi/5.4.1/../../../../arm-none-eabi/lib/armv7e-m\libg_n.a(lib_a-nano-msizer.o)
 .ARM.attributes
                0x0000095d       0x2e c:/program files (x86)/embitz/1.11/share/em_armgcc/bin/../lib/gcc/arm-none-eabi/5.4.1/../../../../arm-none-eabi/lib/armv7e-m\libnosys_s.a(close.o)
 .ARM.attributes
                0x0000098b       0x2e c:/program files (x86)/embitz/1.11/share/em_armgcc/bin/../lib/gcc/arm-none-eabi/5.4.1/../../../../arm-none-eabi/lib/armv7e-m\libnosys_s.a(fstat.o)
 .ARM.attributes
                0x000009b9       0x2e c:/program files (x86)/embitz/1.11/share/em_armgcc/bin/../lib/gcc/arm-none-eabi/5.4.1/../../../../arm-none-eabi/lib/armv7e-m\libnosys_s.a(isatty.o)
 .ARM.attributes
                0x000009e7       0x2e c:/program files (x86)/embitz/1.11/share/em_armgcc/bin/../lib/gcc/arm-none-eabi/5.4.1/../../../../arm-none-eabi/lib/armv7e-m\libnosys_s.a(lseek.o)
 .ARM.attributes
                0x00000a15       0x2e c:/program files (x86)/embitz/1.11/share/em_armgcc/bin/../lib/gcc/arm-none-eabi/5.4.1/../../../../arm-none-eabi/lib/armv7e-m\libnosys_s.a(read.o)
 .ARM.attributes
                0x00000a43       0x2e c:/program files (x86)/embitz/1.11/share/em_armgcc/bin/../lib/gcc/arm-none-eabi/5.4.1/../../../../arm-none-eabi/lib/armv7e-m\libnosys_s.a(sbrk.o)
 .ARM.attributes
                0x00000a71       0x2e c:/program files (x86)/embitz/1.11/share/em_armgcc/bin/../lib/gcc/arm-none-eabi/5.4.1/../../../../arm-none-eabi/lib/armv7e-m\libnosys_s.a(_exit.o)
 .ARM.attributes
                0x00000a9f       0x2e c:/program files (x86)/embitz/1.11/share/em_armgcc/bin/../lib/gcc/arm-none-eabi/5.4.1/armv7e-m/crtend.o
 .ARM.attributes
                0x00000acd       0x1e c:/program files (x86)/embitz/1.11/share/em_armgcc/bin/../lib/gcc/arm-none-eabi/5.4.1/armv7e-m/crtn.o

.comment        0x00000000       0x6e
 .comment       0x00000000       0x6e obj\debug\spl\src\stm32f30x_gpio.o
                                 0x6f (size before relaxing)
 .comment       0x0000006e       0x6f obj\debug\spl\src\stm32f30x_rcc.o
 .comment       0x0000006e       0x6f obj\debug\spl\src\stm32f30x_usart.o
 .comment       0x0000006e       0x6f obj\debug\src\30021_io.o
 .comment       0x0000006e       0x6f obj\debug\src\main.o
 .comment       0x0000006e       0x6f obj\debug\src\system_stm32f30x.o

.debug_info     0x00000000     0x3f20
 .debug_info    0x00000000      0x61a obj\debug\spl\src\stm32f30x_gpio.o
 .debug_info    0x0000061a      0xad4 obj\debug\spl\src\stm32f30x_rcc.o
 .debug_info    0x000010ee      0xecc obj\debug\spl\src\stm32f30x_usart.o
 .debug_info    0x00001fba      0xf04 obj\debug\src\30021_io.o
 .debug_info    0x00002ebe      0xb50 obj\debug\src\main.o
 .debug_info    0x00003a0e       0xa2 obj\debug\src\startup_stm32f30x.o
 .debug_info    0x00003ab0      0x470 obj\debug\src\system_stm32f30x.o

.debug_abbrev   0x00000000      0xabd
 .debug_abbrev  0x00000000      0x19d obj\debug\spl\src\stm32f30x_gpio.o
 .debug_abbrev  0x0000019d      0x1ea obj\debug\spl\src\stm32f30x_rcc.o
 .debug_abbrev  0x00000387      0x15c obj\debug\spl\src\stm32f30x_usart.o
 .debug_abbrev  0x000004e3      0x27d obj\debug\src\30021_io.o
 .debug_abbrev  0x00000760      0x22f obj\debug\src\main.o
 .debug_abbrev  0x0000098f       0x14 obj\debug\src\startup_stm32f30x.o
 .debug_abbrev  0x000009a3      0x11a obj\debug\src\system_stm32f30x.o

.debug_aranges  0x00000000      0x480
 .debug_aranges
                0x00000000       0x80 obj\debug\spl\src\stm32f30x_gpio.o
 .debug_aranges
                0x00000080      0x150 obj\debug\spl\src\stm32f30x_rcc.o
 .debug_aranges
                0x000001d0      0x1a0 obj\debug\spl\src\stm32f30x_usart.o
 .debug_aranges
                0x00000370       0x58 obj\debug\src\30021_io.o
 .debug_aranges
                0x000003c8       0x68 obj\debug\src\main.o
 .debug_aranges
                0x00000430       0x20 obj\debug\src\startup_stm32f30x.o
 .debug_aranges
                0x00000450       0x30 obj\debug\src\system_stm32f30x.o

.debug_ranges   0x00000000      0x400
 .debug_ranges  0x00000000       0x70 obj\debug\spl\src\stm32f30x_gpio.o
 .debug_ranges  0x00000070      0x140 obj\debug\spl\src\stm32f30x_rcc.o
 .debug_ranges  0x000001b0      0x190 obj\debug\spl\src\stm32f30x_usart.o
 .debug_ranges  0x00000340       0x48 obj\debug\src\30021_io.o
 .debug_ranges  0x00000388       0x58 obj\debug\src\main.o
 .debug_ranges  0x000003e0       0x20 obj\debug\src\system_stm32f30x.o

.debug_macro    0x00000000     0x2364
 .debug_macro   0x00000000      0x19b obj\debug\spl\src\stm32f30x_gpio.o
 .debug_macro   0x0000019b      0x1b0 obj\debug\spl\src\stm32f30x_gpio.o
 .debug_macro   0x0000034b      0x238 obj\debug\spl\src\stm32f30x_rcc.o
 .debug_macro   0x00000583      0x5c0 obj\debug\spl\src\stm32f30x_rcc.o
 .debug_macro   0x00000b43      0x1b3 obj\debug\spl\src\stm32f30x_usart.o
 .debug_macro   0x00000cf6      0x35e obj\debug\spl\src\stm32f30x_usart.o
 .debug_macro   0x00001054      0x2d8 obj\debug\src\30021_io.o
 .debug_macro   0x0000132c       0x52 obj\debug\src\30021_io.o
 .debug_macro   0x0000137e       0x35 obj\debug\src\30021_io.o
 .debug_macro   0x000013b3       0x9c obj\debug\src\30021_io.o
 .debug_macro   0x0000144f       0x16 obj\debug\src\30021_io.o
 .debug_macro   0x00001465       0x97 obj\debug\src\30021_io.o
 .debug_macro   0x000014fc      0x30d obj\debug\src\30021_io.o
 .debug_macro   0x00001809       0xfd obj\debug\src\30021_io.o
 .debug_macro   0x00001906       0x10 obj\debug\src\30021_io.o
 .debug_macro   0x00001916       0x52 obj\debug\src\30021_io.o
 .debug_macro   0x00001968       0x1f obj\debug\src\30021_io.o
 .debug_macro   0x00001987       0x43 obj\debug\src\30021_io.o
 .debug_macro   0x000019ca       0x20 obj\debug\src\30021_io.o
 .debug_macro   0x000019ea      0x187 obj\debug\src\30021_io.o
 .debug_macro   0x00001b71       0x10 obj\debug\src\30021_io.o
 .debug_macro   0x00001b81       0x1c obj\debug\src\30021_io.o
 .debug_macro   0x00001b9d       0x52 obj\debug\src\30021_io.o
 .debug_macro   0x00001bef       0x40 obj\debug\src\30021_io.o
 .debug_macro   0x00001c2f       0x10 obj\debug\src\30021_io.o
 .debug_macro   0x00001c3f       0x40 obj\debug\src\30021_io.o
 .debug_macro   0x00001c7f       0xd7 obj\debug\src\30021_io.o
 .debug_macro   0x00001d56       0x16 obj\debug\src\30021_io.o
 .debug_macro   0x00001d6c      0x189 obj\debug\src\30021_io.o
 .debug_macro   0x00001ef5      0x2d8 obj\debug\src\main.o
 .debug_macro   0x000021cd      0x197 obj\debug\src\system_stm32f30x.o

.debug_line     0x00000000     0x2871
 .debug_line    0x00000000      0x57f obj\debug\spl\src\stm32f30x_gpio.o
 .debug_line    0x0000057f      0x7e5 obj\debug\spl\src\stm32f30x_rcc.o
 .debug_line    0x00000d64      0x86c obj\debug\spl\src\stm32f30x_usart.o
 .debug_line    0x000015d0      0x6da obj\debug\src\30021_io.o
 .debug_line    0x00001caa      0x679 obj\debug\src\main.o
 .debug_line    0x00002323       0xbb obj\debug\src\startup_stm32f30x.o
 .debug_line    0x000023de      0x493 obj\debug\src\system_stm32f30x.o

.debug_str      0x00000000    0x57c8f
 .debug_str     0x00000000    0x52488 obj\debug\spl\src\stm32f30x_gpio.o
                              0x52643 (size before relaxing)
 .debug_str     0x00052488      0xa71 obj\debug\spl\src\stm32f30x_rcc.o
                              0x52df7 (size before relaxing)
 .debug_str     0x00052ef9      0x800 obj\debug\spl\src\stm32f30x_usart.o
                              0x52ccb (size before relaxing)
 .debug_str     0x000536f9     0x3f25 obj\debug\src\30021_io.o
                              0x56534 (size before relaxing)
 .debug_str     0x0005761e      0x5e5 obj\debug\src\main.o
                              0x56667 (size before relaxing)
 .debug_str     0x00057c03       0x8c obj\debug\src\system_stm32f30x.o
                              0x52489 (size before relaxing)

.debug_frame    0x00000000     0x1f84
 .debug_frame   0x00000000      0x214 obj\debug\spl\src\stm32f30x_gpio.o
 .debug_frame   0x00000214      0x60c obj\debug\spl\src\stm32f30x_rcc.o
 .debug_frame   0x00000820      0x7b0 obj\debug\spl\src\stm32f30x_usart.o
 .debug_frame   0x00000fd0      0x12c obj\debug\src\30021_io.o
 .debug_frame   0x000010fc      0x178 obj\debug\src\main.o
 .debug_frame   0x00001274       0x74 obj\debug\src\system_stm32f30x.o
 .debug_frame   0x000012e8       0x28 c:/program files (x86)/embitz/1.11/share/em_armgcc/bin/../lib/gcc/arm-none-eabi/5.4.1/../../../../arm-none-eabi/lib/armv7e-m\libg_n.a(lib_a-exit.o)
 .debug_frame   0x00001310       0x2c c:/program files (x86)/embitz/1.11/share/em_armgcc/bin/../lib/gcc/arm-none-eabi/5.4.1/../../../../arm-none-eabi/lib/armv7e-m\libg_n.a(lib_a-init.o)
 .debug_frame   0x0000133c       0x20 c:/program files (x86)/embitz/1.11/share/em_armgcc/bin/../lib/gcc/arm-none-eabi/5.4.1/../../../../arm-none-eabi/lib/armv7e-m\libg_n.a(lib_a-memset.o)
 .debug_frame   0x0000135c       0x74 c:/program files (x86)/embitz/1.11/share/em_armgcc/bin/../lib/gcc/arm-none-eabi/5.4.1/../../../../arm-none-eabi/lib/armv7e-m\libg_n.a(lib_a-printf.o)
 .debug_frame   0x000013d0       0x58 c:/program files (x86)/embitz/1.11/share/em_armgcc/bin/../lib/gcc/arm-none-eabi/5.4.1/../../../../arm-none-eabi/lib/armv7e-m\libg_n.a(lib_a-putchar.o)
 .debug_frame   0x00001428       0x3c c:/program files (x86)/embitz/1.11/share/em_armgcc/bin/../lib/gcc/arm-none-eabi/5.4.1/../../../../arm-none-eabi/lib/armv7e-m\libg_n.a(lib_a-puts.o)
 .debug_frame   0x00001464       0x74 c:/program files (x86)/embitz/1.11/share/em_armgcc/bin/../lib/gcc/arm-none-eabi/5.4.1/../../../../arm-none-eabi/lib/armv7e-m\libg_n.a(lib_a-scanf.o)
 .debug_frame   0x000014d8       0x20 c:/program files (x86)/embitz/1.11/share/em_armgcc/bin/../lib/gcc/arm-none-eabi/5.4.1/../../../../arm-none-eabi/lib/armv7e-m\libg_n.a(lib_a-setbuf.o)
 .debug_frame   0x000014f8       0x38 c:/program files (x86)/embitz/1.11/share/em_armgcc/bin/../lib/gcc/arm-none-eabi/5.4.1/../../../../arm-none-eabi/lib/armv7e-m\libg_n.a(lib_a-setvbuf.o)
 .debug_frame   0x00001530       0x40 c:/program files (x86)/embitz/1.11/share/em_armgcc/bin/../lib/gcc/arm-none-eabi/5.4.1/../../../../arm-none-eabi/lib/armv7e-m\libg_n.a(lib_a-wbuf.o)
 .debug_frame   0x00001570       0x2c c:/program files (x86)/embitz/1.11/share/em_armgcc/bin/../lib/gcc/arm-none-eabi/5.4.1/../../../../arm-none-eabi/lib/armv7e-m\libg_n.a(lib_a-wsetup.o)
 .debug_frame   0x0000159c       0x68 c:/program files (x86)/embitz/1.11/share/em_armgcc/bin/../lib/gcc/arm-none-eabi/5.4.1/../../../../arm-none-eabi/lib/armv7e-m\libg_n.a(lib_a-fflush.o)
 .debug_frame   0x00001604      0x11c c:/program files (x86)/embitz/1.11/share/em_armgcc/bin/../lib/gcc/arm-none-eabi/5.4.1/../../../../arm-none-eabi/lib/armv7e-m\libg_n.a(lib_a-findfp.o)
 .debug_frame   0x00001720       0x54 c:/program files (x86)/embitz/1.11/share/em_armgcc/bin/../lib/gcc/arm-none-eabi/5.4.1/../../../../arm-none-eabi/lib/armv7e-m\libg_n.a(lib_a-fwalk.o)
 .debug_frame   0x00001774       0x54 c:/program files (x86)/embitz/1.11/share/em_armgcc/bin/../lib/gcc/arm-none-eabi/5.4.1/../../../../arm-none-eabi/lib/armv7e-m\libg_n.a(lib_a-makebuf.o)
 .debug_frame   0x000017c8       0x30 c:/program files (x86)/embitz/1.11/share/em_armgcc/bin/../lib/gcc/arm-none-eabi/5.4.1/../../../../arm-none-eabi/lib/armv7e-m\libg_n.a(lib_a-malloc.o)
 .debug_frame   0x000017f8       0x38 c:/program files (x86)/embitz/1.11/share/em_armgcc/bin/../lib/gcc/arm-none-eabi/5.4.1/../../../../arm-none-eabi/lib/armv7e-m\libg_n.a(lib_a-nano-freer.o)
 .debug_frame   0x00001830       0x2c c:/program files (x86)/embitz/1.11/share/em_armgcc/bin/../lib/gcc/arm-none-eabi/5.4.1/../../../../arm-none-eabi/lib/armv7e-m\libg_n.a(lib_a-nano-mallocr.o)
 .debug_frame   0x0000185c       0xac c:/program files (x86)/embitz/1.11/share/em_armgcc/bin/../lib/gcc/arm-none-eabi/5.4.1/../../../../arm-none-eabi/lib/armv7e-m\libg_n.a(lib_a-nano-vfprintf.o)
 .debug_frame   0x00001908       0x60 c:/program files (x86)/embitz/1.11/share/em_armgcc/bin/../lib/gcc/arm-none-eabi/5.4.1/../../../../arm-none-eabi/lib/armv7e-m\libg_n.a(lib_a-nano-vfprintf_i.o)
 .debug_frame   0x00001968       0xa0 c:/program files (x86)/embitz/1.11/share/em_armgcc/bin/../lib/gcc/arm-none-eabi/5.4.1/../../../../arm-none-eabi/lib/armv7e-m\libg_n.a(lib_a-nano-vfscanf.o)
 .debug_frame   0x00001a08       0x60 c:/program files (x86)/embitz/1.11/share/em_armgcc/bin/../lib/gcc/arm-none-eabi/5.4.1/../../../../arm-none-eabi/lib/armv7e-m\libg_n.a(lib_a-nano-vfscanf_i.o)
 .debug_frame   0x00001a68       0x48 c:/program files (x86)/embitz/1.11/share/em_armgcc/bin/../lib/gcc/arm-none-eabi/5.4.1/../../../../arm-none-eabi/lib/armv7e-m\libg_n.a(lib_a-putc.o)
 .debug_frame   0x00001ab0       0x40 c:/program files (x86)/embitz/1.11/share/em_armgcc/bin/../lib/gcc/arm-none-eabi/5.4.1/../../../../arm-none-eabi/lib/armv7e-m\libg_n.a(lib_a-refill.o)
 .debug_frame   0x00001af0       0x2c c:/program files (x86)/embitz/1.11/share/em_armgcc/bin/../lib/gcc/arm-none-eabi/5.4.1/../../../../arm-none-eabi/lib/armv7e-m\libg_n.a(lib_a-sbrkr.o)
 .debug_frame   0x00001b1c       0x2c c:/program files (x86)/embitz/1.11/share/em_armgcc/bin/../lib/gcc/arm-none-eabi/5.4.1/../../../../arm-none-eabi/lib/armv7e-m\libg_n.a(lib_a-sccl.o)
 .debug_frame   0x00001b48       0x88 c:/program files (x86)/embitz/1.11/share/em_armgcc/bin/../lib/gcc/arm-none-eabi/5.4.1/../../../../arm-none-eabi/lib/armv7e-m\libg_n.a(lib_a-stdio.o)
 .debug_frame   0x00001bd0       0x44 c:/program files (x86)/embitz/1.11/share/em_armgcc/bin/../lib/gcc/arm-none-eabi/5.4.1/../../../../arm-none-eabi/lib/armv7e-m\libg_n.a(lib_a-strtol.o)
 .debug_frame   0x00001c14       0x44 c:/program files (x86)/embitz/1.11/share/em_armgcc/bin/../lib/gcc/arm-none-eabi/5.4.1/../../../../arm-none-eabi/lib/armv7e-m\libg_n.a(lib_a-strtoul.o)
 .debug_frame   0x00001c58       0x60 c:/program files (x86)/embitz/1.11/share/em_armgcc/bin/../lib/gcc/arm-none-eabi/5.4.1/../../../../arm-none-eabi/lib/armv7e-m\libg_n.a(lib_a-ungetc.o)
 .debug_frame   0x00001cb8       0x2c c:/program files (x86)/embitz/1.11/share/em_armgcc/bin/../lib/gcc/arm-none-eabi/5.4.1/../../../../arm-none-eabi/lib/armv7e-m\libg_n.a(lib_a-closer.o)
 .debug_frame   0x00001ce4       0x2c c:/program files (x86)/embitz/1.11/share/em_armgcc/bin/../lib/gcc/arm-none-eabi/5.4.1/../../../../arm-none-eabi/lib/armv7e-m\libg_n.a(lib_a-fstatr.o)
 .debug_frame   0x00001d10       0x2c c:/program files (x86)/embitz/1.11/share/em_armgcc/bin/../lib/gcc/arm-none-eabi/5.4.1/../../../../arm-none-eabi/lib/armv7e-m\libg_n.a(lib_a-isattyr.o)
 .debug_frame   0x00001d3c       0x2c c:/program files (x86)/embitz/1.11/share/em_armgcc/bin/../lib/gcc/arm-none-eabi/5.4.1/../../../../arm-none-eabi/lib/armv7e-m\libg_n.a(lib_a-lseekr.o)
 .debug_frame   0x00001d68       0x28 c:/program files (x86)/embitz/1.11/share/em_armgcc/bin/../lib/gcc/arm-none-eabi/5.4.1/../../../../arm-none-eabi/lib/armv7e-m\libg_n.a(lib_a-memcpy-stub.o)
 .debug_frame   0x00001d90       0x30 c:/program files (x86)/embitz/1.11/share/em_armgcc/bin/../lib/gcc/arm-none-eabi/5.4.1/../../../../arm-none-eabi/lib/armv7e-m\libg_n.a(lib_a-mlock.o)
 .debug_frame   0x00001dc0       0x3c c:/program files (x86)/embitz/1.11/share/em_armgcc/bin/../lib/gcc/arm-none-eabi/5.4.1/../../../../arm-none-eabi/lib/armv7e-m\libg_n.a(lib_a-nano-reallocr.o)
 .debug_frame   0x00001dfc       0x2c c:/program files (x86)/embitz/1.11/share/em_armgcc/bin/../lib/gcc/arm-none-eabi/5.4.1/../../../../arm-none-eabi/lib/armv7e-m\libg_n.a(lib_a-readr.o)
 .debug_frame   0x00001e28       0x5c c:/program files (x86)/embitz/1.11/share/em_armgcc/bin/../lib/gcc/arm-none-eabi/5.4.1/../../../../arm-none-eabi/lib/armv7e-m\libg_n.a(lib_a-reent.o)
 .debug_frame   0x00001e84       0x20 c:/program files (x86)/embitz/1.11/share/em_armgcc/bin/../lib/gcc/arm-none-eabi/5.4.1/../../../../arm-none-eabi/lib/armv7e-m\libg_n.a(lib_a-nano-msizer.o)
 .debug_frame   0x00001ea4       0x20 c:/program files (x86)/embitz/1.11/share/em_armgcc/bin/../lib/gcc/arm-none-eabi/5.4.1/../../../../arm-none-eabi/lib/armv7e-m\libnosys_s.a(close.o)
 .debug_frame   0x00001ec4       0x20 c:/program files (x86)/embitz/1.11/share/em_armgcc/bin/../lib/gcc/arm-none-eabi/5.4.1/../../../../arm-none-eabi/lib/armv7e-m\libnosys_s.a(fstat.o)
 .debug_frame   0x00001ee4       0x20 c:/program files (x86)/embitz/1.11/share/em_armgcc/bin/../lib/gcc/arm-none-eabi/5.4.1/../../../../arm-none-eabi/lib/armv7e-m\libnosys_s.a(isatty.o)
 .debug_frame   0x00001f04       0x20 c:/program files (x86)/embitz/1.11/share/em_armgcc/bin/../lib/gcc/arm-none-eabi/5.4.1/../../../../arm-none-eabi/lib/armv7e-m\libnosys_s.a(lseek.o)
 .debug_frame   0x00001f24       0x20 c:/program files (x86)/embitz/1.11/share/em_armgcc/bin/../lib/gcc/arm-none-eabi/5.4.1/../../../../arm-none-eabi/lib/armv7e-m\libnosys_s.a(read.o)
 .debug_frame   0x00001f44       0x20 c:/program files (x86)/embitz/1.11/share/em_armgcc/bin/../lib/gcc/arm-none-eabi/5.4.1/../../../../arm-none-eabi/lib/armv7e-m\libnosys_s.a(sbrk.o)
 .debug_frame   0x00001f64       0x20 c:/program files (x86)/embitz/1.11/share/em_armgcc/bin/../lib/gcc/arm-none-eabi/5.4.1/../../../../arm-none-eabi/lib/armv7e-m\libnosys_s.a(_exit.o)

.stab           0x00000000       0x84
 .stab          0x00000000       0x24 c:/program files (x86)/embitz/1.11/share/em_armgcc/bin/../lib/gcc/arm-none-eabi/5.4.1/../../../../arm-none-eabi/lib/armv7e-m\libnosys_s.a(close.o)
 .stab          0x00000024       0x18 c:/program files (x86)/embitz/1.11/share/em_armgcc/bin/../lib/gcc/arm-none-eabi/5.4.1/../../../../arm-none-eabi/lib/armv7e-m\libnosys_s.a(fstat.o)
                                 0x24 (size before relaxing)
 .stab          0x0000003c       0x18 c:/program files (x86)/embitz/1.11/share/em_armgcc/bin/../lib/gcc/arm-none-eabi/5.4.1/../../../../arm-none-eabi/lib/armv7e-m\libnosys_s.a(isatty.o)
                                 0x24 (size before relaxing)
 .stab          0x00000054       0x18 c:/program files (x86)/embitz/1.11/share/em_armgcc/bin/../lib/gcc/arm-none-eabi/5.4.1/../../../../arm-none-eabi/lib/armv7e-m\libnosys_s.a(lseek.o)
                                 0x24 (size before relaxing)
 .stab          0x0000006c       0x18 c:/program files (x86)/embitz/1.11/share/em_armgcc/bin/../lib/gcc/arm-none-eabi/5.4.1/../../../../arm-none-eabi/lib/armv7e-m\libnosys_s.a(read.o)
                                 0x24 (size before relaxing)

.stabstr        0x00000000      0x117
 .stabstr       0x00000000      0x117 c:/program files (x86)/embitz/1.11/share/em_armgcc/bin/../lib/gcc/arm-none-eabi/5.4.1/../../../../arm-none-eabi/lib/armv7e-m\libnosys_s.a(close.o)
