Archive member included to satisfy reference by file (symbol)

e:/1.11/share/em_armgcc/bin/../lib/gcc/arm-none-eabi/5.4.1/../../../../arm-none-eabi/lib/armv7e-m\libg_n.a(lib_a-exit.o)
                              e:/1.11/share/em_armgcc/bin/../lib/gcc/arm-none-eabi/5.4.1/../../../../arm-none-eabi/lib/armv7e-m/crt0.o (exit)
e:/1.11/share/em_armgcc/bin/../lib/gcc/arm-none-eabi/5.4.1/../../../../arm-none-eabi/lib/armv7e-m\libg_n.a(lib_a-impure.o)
                              e:/1.11/share/em_armgcc/bin/../lib/gcc/arm-none-eabi/5.4.1/../../../../arm-none-eabi/lib/armv7e-m\libg_n.a(lib_a-exit.o) (_global_impure_ptr)
e:/1.11/share/em_armgcc/bin/../lib/gcc/arm-none-eabi/5.4.1/../../../../arm-none-eabi/lib/armv7e-m\libg_n.a(lib_a-init.o)
                              e:/1.11/share/em_armgcc/bin/../lib/gcc/arm-none-eabi/5.4.1/../../../../arm-none-eabi/lib/armv7e-m/crt0.o (__libc_init_array)
e:/1.11/share/em_armgcc/bin/../lib/gcc/arm-none-eabi/5.4.1/../../../../arm-none-eabi/lib/armv7e-m\libg_n.a(lib_a-memset.o)
                              e:/1.11/share/em_armgcc/bin/../lib/gcc/arm-none-eabi/5.4.1/../../../../arm-none-eabi/lib/armv7e-m/crt0.o (memset)
e:/1.11/share/em_armgcc/bin/../lib/gcc/arm-none-eabi/5.4.1/../../../../arm-none-eabi/lib/armv7e-m\libg_n.a(lib_a-printf.o)
                              obj\debug\src\main.o (printf)
e:/1.11/share/em_armgcc/bin/../lib/gcc/arm-none-eabi/5.4.1/../../../../arm-none-eabi/lib/armv7e-m\libg_n.a(lib_a-setbuf.o)
                              obj\debug\src\30021_io.o (setbuf)
e:/1.11/share/em_armgcc/bin/../lib/gcc/arm-none-eabi/5.4.1/../../../../arm-none-eabi/lib/armv7e-m\libg_n.a(lib_a-setvbuf.o)
                              e:/1.11/share/em_armgcc/bin/../lib/gcc/arm-none-eabi/5.4.1/../../../../arm-none-eabi/lib/armv7e-m\libg_n.a(lib_a-setbuf.o) (setvbuf)
e:/1.11/share/em_armgcc/bin/../lib/gcc/arm-none-eabi/5.4.1/../../../../arm-none-eabi/lib/armv7e-m\libg_n.a(lib_a-fflush.o)
                              e:/1.11/share/em_armgcc/bin/../lib/gcc/arm-none-eabi/5.4.1/../../../../arm-none-eabi/lib/armv7e-m\libg_n.a(lib_a-setvbuf.o) (_fflush_r)
e:/1.11/share/em_armgcc/bin/../lib/gcc/arm-none-eabi/5.4.1/../../../../arm-none-eabi/lib/armv7e-m\libg_n.a(lib_a-findfp.o)
                              e:/1.11/share/em_armgcc/bin/../lib/gcc/arm-none-eabi/5.4.1/../../../../arm-none-eabi/lib/armv7e-m\libg_n.a(lib_a-printf.o) (__sinit)
e:/1.11/share/em_armgcc/bin/../lib/gcc/arm-none-eabi/5.4.1/../../../../arm-none-eabi/lib/armv7e-m\libg_n.a(lib_a-fwalk.o)
                              e:/1.11/share/em_armgcc/bin/../lib/gcc/arm-none-eabi/5.4.1/../../../../arm-none-eabi/lib/armv7e-m\libg_n.a(lib_a-findfp.o) (_fwalk)
e:/1.11/share/em_armgcc/bin/../lib/gcc/arm-none-eabi/5.4.1/../../../../arm-none-eabi/lib/armv7e-m\libg_n.a(lib_a-makebuf.o)
                              e:/1.11/share/em_armgcc/bin/../lib/gcc/arm-none-eabi/5.4.1/../../../../arm-none-eabi/lib/armv7e-m\libg_n.a(lib_a-setvbuf.o) (__swhatbuf_r)
e:/1.11/share/em_armgcc/bin/../lib/gcc/arm-none-eabi/5.4.1/../../../../arm-none-eabi/lib/armv7e-m\libg_n.a(lib_a-malloc.o)
                              e:/1.11/share/em_armgcc/bin/../lib/gcc/arm-none-eabi/5.4.1/../../../../arm-none-eabi/lib/armv7e-m\libg_n.a(lib_a-setvbuf.o) (malloc)
e:/1.11/share/em_armgcc/bin/../lib/gcc/arm-none-eabi/5.4.1/../../../../arm-none-eabi/lib/armv7e-m\libg_n.a(lib_a-nano-freer.o)
                              e:/1.11/share/em_armgcc/bin/../lib/gcc/arm-none-eabi/5.4.1/../../../../arm-none-eabi/lib/armv7e-m\libg_n.a(lib_a-setvbuf.o) (_free_r)
e:/1.11/share/em_armgcc/bin/../lib/gcc/arm-none-eabi/5.4.1/../../../../arm-none-eabi/lib/armv7e-m\libg_n.a(lib_a-nano-mallocr.o)
                              e:/1.11/share/em_armgcc/bin/../lib/gcc/arm-none-eabi/5.4.1/../../../../arm-none-eabi/lib/armv7e-m\libg_n.a(lib_a-findfp.o) (_malloc_r)
e:/1.11/share/em_armgcc/bin/../lib/gcc/arm-none-eabi/5.4.1/../../../../arm-none-eabi/lib/armv7e-m\libg_n.a(lib_a-nano-vfprintf.o)
                              e:/1.11/share/em_armgcc/bin/../lib/gcc/arm-none-eabi/5.4.1/../../../../arm-none-eabi/lib/armv7e-m\libg_n.a(lib_a-printf.o) (_vfprintf_r)
e:/1.11/share/em_armgcc/bin/../lib/gcc/arm-none-eabi/5.4.1/../../../../arm-none-eabi/lib/armv7e-m\libg_n.a(lib_a-nano-vfprintf_i.o)
                              e:/1.11/share/em_armgcc/bin/../lib/gcc/arm-none-eabi/5.4.1/../../../../arm-none-eabi/lib/armv7e-m\libg_n.a(lib_a-nano-vfprintf.o) (_printf_i)
e:/1.11/share/em_armgcc/bin/../lib/gcc/arm-none-eabi/5.4.1/../../../../arm-none-eabi/lib/armv7e-m\libg_n.a(lib_a-sbrkr.o)
                              e:/1.11/share/em_armgcc/bin/../lib/gcc/arm-none-eabi/5.4.1/../../../../arm-none-eabi/lib/armv7e-m\libg_n.a(lib_a-nano-mallocr.o) (_sbrk_r)
e:/1.11/share/em_armgcc/bin/../lib/gcc/arm-none-eabi/5.4.1/../../../../arm-none-eabi/lib/armv7e-m\libg_n.a(lib_a-stdio.o)
[...]
Memory Configuration

Name             Origin             Length             Attributes
ROM              0x08000000         0x00010000         xr
RAM              0x20000000         0x00004000         xrw
*default*        0x00000000         0xffffffff

Linker script and memory map

LOAD e:/1.11/share/em_armgcc/bin/../lib/gcc/arm-none-eabi/5.4.1/armv7e-m/crti.o
LOAD e:/1.11/share/em_armgcc/bin/../lib/gcc/arm-none-eabi/5.4.1/armv7e-m/crtbegin.o
LOAD e:/1.11/share/em_armgcc/bin/../lib/gcc/arm-none-eabi/5.4.1/../../../../arm-none-eabi/lib/armv7e-m/crt0.o
                0x00000000                __HEAP_SIZE = 0x0
                0x00000100                __STACK_SIZE = 0x100

.text           0x08000000     0x247c
 *(.isr_vector)
 .isr_vector    0x08000000      0x188 obj\debug\src\startup_stm32f30x.o
                0x08000000                __isr_vector
 *(.text*)
 .text          0x08000188       0x5c e:/1.11/share/em_armgcc/bin/../lib/gcc/arm-none-eabi/5.4.1/armv7e-m/crtbegin.o
 .text          0x080001e4       0x74 e:/1.11/share/em_armgcc/bin/../lib/gcc/arm-none-eabi/5.4.1/../../../../arm-none-eabi/lib/armv7e-m/crt0.o
                0x080001e4                _start
                0x080001e4                _mainCRTStartup
 .text.GPIO_PinAFConfig
                0x08000258       0x90 obj\debug\spl\src\stm32f30x_gpio.o
                0x08000258                GPIO_PinAFConfig
 .text.RCC_GetClocksFreq
                0x080002e8      0x414 obj\debug\spl\src\stm32f30x_rcc.o
                0x080002e8                RCC_GetClocksFreq
 .text.SPI_I2S_SendData16
                0x080006fc       0x1c obj\debug\spl\src\stm32f30x_spi.o
                0x080006fc                SPI_I2S_SendData16
 .text.SPI_I2S_ReceiveData16
                0x08000718       0x18 obj\debug\spl\src\stm32f30x_spi.o
                0x08000718                SPI_I2S_ReceiveData16
 .text.SPI_GetReceptionFIFOStatus
                0x08000730       0x20 obj\debug\spl\src\stm32f30x_spi.o
                0x08000730                SPI_GetReceptionFIFOStatus
 .text.SPI_I2S_GetFlagStatus
                0x08000750       0x38 obj\debug\spl\src\stm32f30x_spi.o
                0x08000750                SPI_I2S_GetFlagStatus
 .text.USART_SendData
                0x08000788       0x24 obj\debug\spl\src\stm32f30x_usart.o
                0x08000788                USART_SendData
 .text.USART_GetFlagStatus
                0x080007ac       0x30 obj\debug\spl\src\stm32f30x_usart.o
                0x080007ac                USART_GetFlagStatus
 .text.uart_putc
                0x080007dc       0x34 obj\debug\src\30021_io.o
                0x080007dc                uart_putc
 .text._write_r
                0x08000810       0x4c obj\debug\src\30021_io.o
                0x08000810                _write_r
 .text.init_usb_uart
                0x0800085c      0x220 obj\debug\src\30021_io.o
                0x0800085c                init_usb_uart
 .text.accel_write_reg
                0x08000a7c       0x84 obj\debug\src\accel.o
                0x08000a7c                accel_write_reg
 .text.accel_reset
                0x08000b00       0x2c obj\debug\src\accel.o
                0x08000b00                accel_reset
 .text.init_accel
                0x08000b2c       0x24 obj\debug\src\accel.o
                0x08000b2c                init_accel
 .text.initPin  0x08000b50      0x150 obj\debug\src\gpio.o
                0x08000b50                initPin
 .text.initPinAlternate
                0x08000ca0       0x38 obj\debug\src\gpio.o
                0x08000ca0                initPinAlternate
 .text.mag_read_reg
                0x08000cd8       0x5c obj\debug\src\mag.o
                0x08000cd8                mag_read_reg
 .text.mag_write_reg
                0x08000d34       0x84 obj\debug\src\mag.o
                0x08000d34                mag_write_reg
 .text.mag_reset
                0x08000db8       0x24 obj\debug\src\mag.o
                0x08000db8                mag_reset
 .text.mag_status
                0x08000ddc       0x10 obj\debug\src\mag.o
                0x08000ddc                mag_status
 .text.mag_whoami
                0x08000dec       0x10 obj\debug\src\mag.o
                0x08000dec                mag_whoami
 .text.mag_read
                0x08000dfc       0x70 obj\debug\src\mag.o
                0x08000dfc                mag_read
 .text.init_mag
                0x08000e6c       0x24 obj\debug\src\mag.o
                0x08000e6c                init_mag
 .text.main     0x08000e90       0x88 obj\debug\src\main.o
                0x08000e90                main
 .text.spi3_recv_byte
                0x08000f18       0x34 obj\debug\src\spi.o
                0x08000f18                spi3_recv_byte
 .text.spi3_transmit_word
                0x08000f4c       0x40 obj\debug\src\spi.o
                0x08000f4c                spi3_transmit_word
 .text.spi3_init
                0x08000f8c      0x130 obj\debug\src\spi.o
                0x08000f8c                spi3_init
 .text          0x080010bc       0xe4 obj\debug\src\startup_stm32f30x.o
                0x080010bc                Reset_Handler
                0x08001102                NMI_Handler
                0x08001104                HardFault_Handler
                0x08001106                MemManage_Handler
                0x08001108                BusFault_Handler
                0x0800110a                UsageFault_Handler
                0x0800110c                SVC_Handler
                0x0800110e                DebugMon_Handler
                0x08001110                PendSV_Handler
                0x08001112                SysTick_Handler
                0x08001114                WWDG_IRQHandler
                0x08001116                PVD_IRQHandler
                0x08001118                TAMPER_STAMP_IRQHandler
                0x0800111a                RTC_WKUP_IRQHandler
                0x0800111c                FLASH_IRQHandler
                0x0800111e                RCC_IRQHandler
                0x08001120                EXTI0_IRQHandler
                0x08001122                EXTI1_IRQHandler
                0x08001124                EXTI2_TS_IRQHandler
                0x08001126                EXTI3_IRQHandler
                0x08001128                EXTI4_IRQHandler
                0x0800112a                DMA1_Channel1_IRQHandler
                0x0800112c                DMA1_Channel2_IRQHandler
                0x0800112e                DMA1_Channel3_IRQHandler
                0x08001130                DMA1_Channel4_IRQHandler
                0x08001132                DMA1_Channel5_IRQHandler
                0x08001134                DMA1_Channel6_IRQHandler
                0x08001136                DMA1_Channel7_IRQHandler
                0x08001138                ADC1_2_IRQHandler
                0x0800113a                USB_HP_CAN1_TX_IRQHandler
                0x0800113c                USB_LP_CAN1_RX0_IRQHandler
                0x0800113e                CAN1_RX1_IRQHandler
                0x08001140                CAN1_SCE_IRQHandler
                0x08001142                EXTI9_5_IRQHandler
                0x08001144                TIM1_BRK_TIM15_IRQHandler
                0x08001146                TIM1_UP_TIM16_IRQHandler
                0x08001148                TIM1_TRG_COM_TIM17_IRQHandler
                0x0800114a                TIM1_CC_IRQHandler
                0x0800114c                TIM2_IRQHandler
                0x0800114e                TIM3_IRQHandler
                0x08001150                TIM4_IRQHandler
                0x08001152                I2C1_EV_IRQHandler
                0x08001154                I2C1_ER_IRQHandler
                0x08001156                I2C2_EV_IRQHandler
                0x08001158                I2C2_ER_IRQHandler
                0x0800115a                SPI1_IRQHandler
                0x0800115c                SPI2_IRQHandler
                0x0800115e                USART1_IRQHandler
                0x08001160                USART2_IRQHandler
                0x08001162                USART3_IRQHandler
                0x08001164                EXTI15_10_IRQHandler
                0x08001166                RTC_Alarm_IRQHandler
                0x08001168                USBWakeUp_IRQHandler
                0x0800116a                TIM8_BRK_IRQHandler
                0x0800116c                TIM8_UP_IRQHandler
                0x0800116e                TIM8_TRG_COM_IRQHandler
                0x08001170                TIM8_CC_IRQHandler
                0x08001172                ADC3_IRQHandler
                0x08001174                SPI3_IRQHandler
                0x08001176                UART4_IRQHandler
                0x08001178                UART5_IRQHandler
                0x0800117a                TIM6_DAC_IRQHandler
                0x0800117c                TIM7_IRQHandler
                0x0800117e                DMA2_Channel1_IRQHandler
                0x08001180                DMA2_Channel2_IRQHandler
                0x08001182                DMA2_Channel3_IRQHandler
                0x08001184                DMA2_Channel4_IRQHandler
                0x08001186                DMA2_Channel5_IRQHandler
                0x08001188                ADC4_IRQHandler
                0x0800118a                COMP1_2_3_IRQHandler
                0x0800118c                COMP4_5_6_IRQHandler
                0x0800118e                COMP7_IRQHandler
                0x08001190                USB_HP_IRQHandler
                0x08001192                USB_LP_IRQHandler
                0x08001194                USBWakeUp_RMP_IRQHandler
                0x08001196                FPU_IRQHandler
 .text.SystemInit
                0x080011a0       0x84 obj\debug\src\system_stm32f30x.o
                0x080011a0                SystemInit
 .text.SetSysClock
                0x08001224       0x90 obj\debug\src\system_stm32f30x.o
 .text.exit     0x080012b4       0x28 e:/1.11/share/em_armgcc/bin/../lib/gcc/arm-none-eabi/5.4.1/../../../../arm-none-eabi/lib/armv7e-m\libg_n.a(lib_a-exit.o)
                0x080012b4                exit
 .text.__libc_init_array
                0x080012dc       0x4c e:/1.11/share/em_armgcc/bin/../lib/gcc/arm-none-eabi/5.4.1/../../../../arm-none-eabi/lib/armv7e-m\libg_n.a(lib_a-init.o)
                0x080012dc                __libc_init_array
 .text.memset   0x08001328       0x10 e:/1.11/share/em_armgcc/bin/../lib/gcc/arm-none-eabi/5.4.1/../../../../arm-none-eabi/lib/armv7e-m\libg_n.a(lib_a-memset.o)
                0x08001328                memset
 .text.printf   0x08001338       0x30 e:/1.11/share/em_armgcc/bin/../lib/gcc/arm-none-eabi/5.4.1/../../../../arm-none-eabi/lib/armv7e-m\libg_n.a(lib_a-printf.o)
                0x08001338                iprintf
                0x08001338                printf
 .text.setbuf   0x08001368       0x10 e:/1.11/share/em_armgcc/bin/../lib/gcc/arm-none-eabi/5.4.1/../../../../arm-none-eabi/lib/armv7e-m\libg_n.a(lib_a-setbuf.o)
                0x08001368                setbuf
 .text.setvbuf  0x08001378      0x154 e:/1.11/share/em_armgcc/bin/../lib/gcc/arm-none-eabi/5.4.1/../../../../arm-none-eabi/lib/armv7e-m\libg_n.a(lib_a-setvbuf.o)
                0x08001378                setvbuf
 .text.__sflush_r
                0x080014cc      0x110 e:/1.11/share/em_armgcc/bin/../lib/gcc/arm-none-eabi/5.4.1/../../../../arm-none-eabi/lib/armv7e-m\libg_n.a(lib_a-fflush.o)
                0x080014cc                __sflush_r
 .text._fflush_r
                0x080015dc       0x54 e:/1.11/share/em_armgcc/bin/../lib/gcc/arm-none-eabi/5.4.1/../../../../arm-none-eabi/lib/armv7e-m\libg_n.a(lib_a-fflush.o)
                0x080015dc                _fflush_r
 .text._cleanup_r
                0x08001630        0xc e:/1.11/share/em_armgcc/bin/../lib/gcc/arm-none-eabi/5.4.1/../../../../arm-none-eabi/lib/armv7e-m\libg_n.a(lib_a-findfp.o)
                0x08001630                _cleanup_r
 .text.std.isra.0
                0x0800163c       0x48 e:/1.11/share/em_armgcc/bin/../lib/gcc/arm-none-eabi/5.4.1/../../../../arm-none-eabi/lib/armv7e-m\libg_n.a(lib_a-findfp.o)
 .text.__sfmoreglue
                0x08001684       0x2c e:/1.11/share/em_armgcc/bin/../lib/gcc/arm-none-eabi/5.4.1/../../../../arm-none-eabi/lib/armv7e-m\libg_n.a(lib_a-findfp.o)
                0x08001684                __sfmoreglue
 .text.__sinit  0x080016b0       0x60 e:/1.11/share/em_armgcc/bin/../lib/gcc/arm-none-eabi/5.4.1/../../../../arm-none-eabi/lib/armv7e-m\libg_n.a(lib_a-findfp.o)
                0x080016b0                __sinit
 .text.__sfp    0x08001710       0x78 e:/1.11/share/em_armgcc/bin/../lib/gcc/arm-none-eabi/5.4.1/../../../../arm-none-eabi/lib/armv7e-m\libg_n.a(lib_a-findfp.o)
                0x08001710                __sfp
 .text._fwalk_reent
                0x08001788       0x3c e:/1.11/share/em_armgcc/bin/../lib/gcc/arm-none-eabi/5.4.1/../../../../arm-none-eabi/lib/armv7e-m\libg_n.a(lib_a-fwalk.o)
                0x08001788                _fwalk_reent
 .text.__swhatbuf_r
                0x080017c4       0x46 e:/1.11/share/em_armgcc/bin/../lib/gcc/arm-none-eabi/5.4.1/../../../../arm-none-eabi/lib/armv7e-m\libg_n.a(lib_a-makebuf.o)
                0x080017c4                __swhatbuf_r
 *fill*         0x0800180a        0x2 
 .text.__smakebuf_r
                0x0800180c       0x78 e:/1.11/share/em_armgcc/bin/../lib/gcc/arm-none-eabi/5.4.1/../../../../arm-none-eabi/lib/armv7e-m\libg_n.a(lib_a-makebuf.o)
                0x0800180c                __smakebuf_r
 .text.malloc   0x08001884       0x10 e:/1.11/share/em_armgcc/bin/../lib/gcc/arm-none-eabi/5.4.1/../../../../arm-none-eabi/lib/armv7e-m\libg_n.a(lib_a-malloc.o)
                0x08001884                malloc
 .text._free_r  0x08001894       0x9c e:/1.11/share/em_armgcc/bin/../lib/gcc/arm-none-eabi/5.4.1/../../../../arm-none-eabi/lib/armv7e-m\libg_n.a(lib_a-nano-freer.o)
                0x08001894                _free_r
 .text._malloc_r
                0x08001930       0xbc e:/1.11/share/em_armgcc/bin/../lib/gcc/arm-none-eabi/5.4.1/../../../../arm-none-eabi/lib/armv7e-m\libg_n.a(lib_a-nano-mallocr.o)
                0x08001930                _malloc_r
 .text.__sfputc_r
                0x080019ec       0x2c e:/1.11/share/em_armgcc/bin/../lib/gcc/arm-none-eabi/5.4.1/../../../../arm-none-eabi/lib/armv7e-m\libg_n.a(lib_a-nano-vfprintf.o)
 .text.__sfputs_r
                0x08001a18       0x24 e:/1.11/share/em_armgcc/bin/../lib/gcc/arm-none-eabi/5.4.1/../../../../arm-none-eabi/lib/armv7e-m\libg_n.a(lib_a-nano-vfprintf.o)
                0x08001a18                __sfputs_r
 .text._vfprintf_r
                0x08001a3c      0x238 e:/1.11/share/em_armgcc/bin/../lib/gcc/arm-none-eabi/5.4.1/../../../../arm-none-eabi/lib/armv7e-m\libg_n.a(lib_a-nano-vfprintf.o)
                0x08001a3c                _vfprintf_r
                0x08001a3c                _vfiprintf_r
 .text._printf_common
                0x08001c74       0xec e:/1.11/share/em_armgcc/bin/../lib/gcc/arm-none-eabi/5.4.1/../../../../arm-none-eabi/lib/armv7e-m\libg_n.a(lib_a-nano-vfprintf_i.o)
                0x08001c74                _printf_common
 .text._printf_i
                0x08001d60      0x24c e:/1.11/share/em_armgcc/bin/../lib/gcc/arm-none-eabi/5.4.1/../../../../arm-none-eabi/lib/armv7e-m\libg_n.a(lib_a-nano-vfprintf_i.o)
                0x08001d60                _printf_i
 .text._sbrk_r  0x08001fac       0x20 e:/1.11/share/em_armgcc/bin/../lib/gcc/arm-none-eabi/5.4.1/../../../../arm-none-eabi/lib/armv7e-m\libg_n.a(lib_a-sbrkr.o)
                0x08001fac                _sbrk_r
 .text.__sread  0x08001fcc       0x22 e:/1.11/share/em_armgcc/bin/../lib/gcc/arm-none-eabi/5.4.1/../../../../arm-none-eabi/lib/armv7e-m\libg_n.a(lib_a-stdio.o)
                0x08001fcc                __sread
 .text.__swrite
                0x08001fee       0x38 e:/1.11/share/em_armgcc/bin/../lib/gcc/arm-none-eabi/5.4.1/../../../../arm-none-eabi/lib/armv7e-m\libg_n.a(lib_a-stdio.o)
                0x08001fee                __swrite
 .text.__sseek  0x08002026       0x24 e:/1.11/share/em_armgcc/bin/../lib/gcc/arm-none-eabi/5.4.1/../../../../arm-none-eabi/lib/armv7e-m\libg_n.a(lib_a-stdio.o)
                0x08002026                __sseek
 .text.__sclose
                0x0800204a        0x8 e:/1.11/share/em_armgcc/bin/../lib/gcc/arm-none-eabi/5.4.1/../../../../arm-none-eabi/lib/armv7e-m\libg_n.a(lib_a-stdio.o)
                0x0800204a                __sclose
 *fill*         0x08002052        0x2 
 .text.__swbuf_r
                0x08002054       0xa8 e:/1.11/share/em_armgcc/bin/../lib/gcc/arm-none-eabi/5.4.1/../../../../arm-none-eabi/lib/armv7e-m\libg_n.a(lib_a-wbuf.o)
                0x08002054                __swbuf_r
 .text.__swsetup_r
                0x080020fc       0xdc e:/1.11/share/em_armgcc/bin/../lib/gcc/arm-none-eabi/5.4.1/../../../../arm-none-eabi/lib/armv7e-m\libg_n.a(lib_a-wsetup.o)
                0x080020fc                __swsetup_r
 .text._close_r
                0x080021d8       0x20 e:/1.11/share/em_armgcc/bin/../lib/gcc/arm-none-eabi/5.4.1/../../../../arm-none-eabi/lib/armv7e-m\libg_n.a(lib_a-closer.o)
                0x080021d8                _close_r
 .text._fstat_r
                0x080021f8       0x24 e:/1.11/share/em_armgcc/bin/../lib/gcc/arm-none-eabi/5.4.1/../../../../arm-none-eabi/lib/armv7e-m\libg_n.a(lib_a-fstatr.o)
                0x080021f8                _fstat_r
 .text._isatty_r
                0x0800221c       0x20 e:/1.11/share/em_armgcc/bin/../lib/gcc/arm-none-eabi/5.4.1/../../../../arm-none-eabi/lib/armv7e-m\libg_n.a(lib_a-isattyr.o)
                0x0800221c                _isatty_r
 .text._lseek_r
                0x0800223c       0x24 e:/1.11/share/em_armgcc/bin/../lib/gcc/arm-none-eabi/5.4.1/../../../../arm-none-eabi/lib/armv7e-m\libg_n.a(lib_a-lseekr.o)
                0x0800223c                _lseek_r
 .text          0x08002260       0xa0 e:/1.11/share/em_armgcc/bin/../lib/gcc/arm-none-eabi/5.4.1/../../../../arm-none-eabi/lib/armv7e-m\libg_n.a(lib_a-memchr.o)
                0x08002260                memchr
 .text.__malloc_lock
                0x08002300        0x2 e:/1.11/share/em_armgcc/bin/../lib/gcc/arm-none-eabi/5.4.1/../../../../arm-none-eabi/lib/armv7e-m\libg_n.a(lib_a-mlock.o)
                0x08002300                __malloc_lock
 .text.__malloc_unlock
                0x08002302        0x2 e:/1.11/share/em_armgcc/bin/../lib/gcc/arm-none-eabi/5.4.1/../../../../arm-none-eabi/lib/armv7e-m\libg_n.a(lib_a-mlock.o)
                0x08002302                __malloc_unlock
 .text._read_r  0x08002304       0x24 e:/1.11/share/em_armgcc/bin/../lib/gcc/arm-none-eabi/5.4.1/../../../../arm-none-eabi/lib/armv7e-m\libg_n.a(lib_a-readr.o)
                0x08002304                _read_r
 .text._close   0x08002328       0x10 e:/1.11/share/em_armgcc/bin/../lib/gcc/arm-none-eabi/5.4.1/../../../../arm-none-eabi/lib/armv7e-m\libnosys_s.a(close.o)
                0x08002328                _close
 .text._fstat   0x08002338       0x10 e:/1.11/share/em_armgcc/bin/../lib/gcc/arm-none-eabi/5.4.1/../../../../arm-none-eabi/lib/armv7e-m\libnosys_s.a(fstat.o)
                0x08002338                _fstat
 .text._isatty  0x08002348       0x10 e:/1.11/share/em_armgcc/bin/../lib/gcc/arm-none-eabi/5.4.1/../../../../arm-none-eabi/lib/armv7e-m\libnosys_s.a(isatty.o)
                0x08002348                _isatty
 .text._lseek   0x08002358       0x10 e:/1.11/share/em_armgcc/bin/../lib/gcc/arm-none-eabi/5.4.1/../../../../arm-none-eabi/lib/armv7e-m\libnosys_s.a(lseek.o)
                0x08002358                _lseek
 .text._read    0x08002368       0x10 e:/1.11/share/em_armgcc/bin/../lib/gcc/arm-none-eabi/5.4.1/../../../../arm-none-eabi/lib/armv7e-m\libnosys_s.a(read.o)
                0x08002368                _read
 .text._sbrk    0x08002378       0x1c e:/1.11/share/em_armgcc/bin/../lib/gcc/arm-none-eabi/5.4.1/../../../../arm-none-eabi/lib/armv7e-m\libnosys_s.a(sbrk.o)
                0x08002378                _sbrk
 .text._exit    0x08002394        0x2 e:/1.11/share/em_armgcc/bin/../lib/gcc/arm-none-eabi/5.4.1/../../../../arm-none-eabi/lib/armv7e-m\libnosys_s.a(_exit.o)
                0x08002394                _exit
 *(.init)
 *fill*         0x08002396        0x2 
 .init          0x08002398        0x4 e:/1.11/share/em_armgcc/bin/../lib/gcc/arm-none-eabi/5.4.1/armv7e-m/crti.o
                0x08002398                _init
 .init          0x0800239c        0x8 e:/1.11/share/em_armgcc/bin/../lib/gcc/arm-none-eabi/5.4.1/armv7e-m/crtn.o
 *(.fini)
 .fini          0x080023a4        0x4 e:/1.11/share/em_armgcc/bin/../lib/gcc/arm-none-eabi/5.4.1/armv7e-m/crti.o
                0x080023a4                _fini
 .fini          0x080023a8        0x8 e:/1.11/share/em_armgcc/bin/../lib/gcc/arm-none-eabi/5.4.1/armv7e-m/crtn.o
 *crtbegin.o(.ctors)
 *crtbegin?.o(.ctors)
 *(EXCLUDE_FILE(*crtend.o *crtend?.o) .ctors)
 *(SORT(.ctors.*))
 *(.ctors)
 *crtbegin.o(.dtors)
 *crtbegin?.o(.dtors)
 *(EXCLUDE_FILE(*crtend.o *crtend?.o) .dtors)
 *(SORT(.dtors.*))
 *(.dtors)
 *(.rodata*)
 .rodata        0x080023b0       0x2d obj\debug\src\main.o
 .rodata.str1.1
                0x080023dd        0x2 e:/1.11/share/em_armgcc/bin/../lib/gcc/arm-none-eabi/5.4.1/../../../../arm-none-eabi/lib/armv7e-m\libg_n.a(lib_a-impure.o)
 *fill*         0x080023df        0x1 
 .rodata._global_impure_ptr
                0x080023e0        0x4 e:/1.11/share/em_armgcc/bin/../lib/gcc/arm-none-eabi/5.4.1/../../../../arm-none-eabi/lib/armv7e-m\libg_n.a(lib_a-impure.o)
                0x080023e0                _global_impure_ptr
 .rodata.__sf_fake_stdin
                0x080023e4       0x20 e:/1.11/share/em_armgcc/bin/../lib/gcc/arm-none-eabi/5.4.1/../../../../arm-none-eabi/lib/armv7e-m\libg_n.a(lib_a-findfp.o)
                0x080023e4                __sf_fake_stdin
 .rodata.__sf_fake_stdout
                0x08002404       0x20 e:/1.11/share/em_armgcc/bin/../lib/gcc/arm-none-eabi/5.4.1/../../../../arm-none-eabi/lib/armv7e-m\libg_n.a(lib_a-findfp.o)
                0x08002404                __sf_fake_stdout
 .rodata.__sf_fake_stderr
                0x08002424       0x20 e:/1.11/share/em_armgcc/bin/../lib/gcc/arm-none-eabi/5.4.1/../../../../arm-none-eabi/lib/armv7e-m\libg_n.a(lib_a-findfp.o)
                0x08002424                __sf_fake_stderr
 .rodata.str1.1
                0x08002444       0x11 e:/1.11/share/em_armgcc/bin/../lib/gcc/arm-none-eabi/5.4.1/../../../../arm-none-eabi/lib/armv7e-m\libg_n.a(lib_a-nano-vfprintf.o)
 .rodata.str1.1
                0x08002455       0x22 e:/1.11/share/em_armgcc/bin/../lib/gcc/arm-none-eabi/5.4.1/../../../../arm-none-eabi/lib/armv7e-m\libg_n.a(lib_a-nano-vfprintf_i.o)
 *(.eh_frame*)
 *fill*         0x08002477        0x1 
 .eh_frame      0x08002478        0x0 e:/1.11/share/em_armgcc/bin/../lib/gcc/arm-none-eabi/5.4.1/armv7e-m/crtbegin.o
 .eh_frame      0x08002478        0x4 e:/1.11/share/em_armgcc/bin/../lib/gcc/arm-none-eabi/5.4.1/armv7e-m/crtend.o

.glue_7         0x0800247c        0x0
 .glue_7        0x0800247c        0x0 linker stubs

.glue_7t        0x0800247c        0x0
 .glue_7t       0x0800247c        0x0 linker stubs

.vfp11_veneer   0x0800247c        0x0
 .vfp11_veneer  0x0800247c        0x0 linker stubs

.v4_bx          0x0800247c        0x0
 .v4_bx         0x0800247c        0x0 linker stubs

.iplt           0x0800247c        0x0
 .iplt          0x0800247c        0x0 e:/1.11/share/em_armgcc/bin/../lib/gcc/arm-none-eabi/5.4.1/armv7e-m/crtbegin.o

.ARM.extab
 *(.ARM.extab* .gnu.linkonce.armextab.*)
                0x0800247c                __exidx_start = .

.ARM.exidx      0x0800247c        0x8
 *(.ARM.exidx* .gnu.linkonce.armexidx.*)
 .ARM.exidx     0x0800247c        0x8 e:/1.11/share/em_armgcc/bin/../lib/gcc/arm-none-eabi/5.4.1/../../../../arm-none-eabi/lib/armv7e-m/crt0.o
                0x08002484                __exidx_end = .
                0x08002484                __etext = .

.rel.dyn        0x08002484        0x0
 .rel.iplt      0x08002484        0x0 e:/1.11/share/em_armgcc/bin/../lib/gcc/arm-none-eabi/5.4.1/armv7e-m/crtbegin.o

.data           0x20000000       0x98 load address 0x08002484
                0x20000000                __data_start__ = .
 *(vtable)
 *(.data*)
 .data.APBAHBPrescTable
                0x20000000       0x10 obj\debug\spl\src\stm32f30x_rcc.o
 .data.ADCPrescTable
                0x20000010       0x1a obj\debug\spl\src\stm32f30x_rcc.o
 *fill*         0x2000002a        0x2 
 .data.impure_data
                0x2000002c       0x60 e:/1.11/share/em_armgcc/bin/../lib/gcc/arm-none-eabi/5.4.1/../../../../arm-none-eabi/lib/armv7e-m\libg_n.a(lib_a-impure.o)
 .data._impure_ptr
                0x2000008c        0x4 e:/1.11/share/em_armgcc/bin/../lib/gcc/arm-none-eabi/5.4.1/../../../../arm-none-eabi/lib/armv7e-m\libg_n.a(lib_a-impure.o)
                0x2000008c                _impure_ptr
                0x20000090                . = ALIGN (0x4)
                0x20000090                PROVIDE (__preinit_array_start, .)
 *(.preinit_array)
                0x20000090                PROVIDE (__preinit_array_end, .)
                0x20000090                . = ALIGN (0x4)
                0x20000090                PROVIDE (__init_array_start, .)
 *(SORT(.init_array.*))
 *(.init_array)
 .init_array    0x20000090        0x4 e:/1.11/share/em_armgcc/bin/../lib/gcc/arm-none-eabi/5.4.1/armv7e-m/crtbegin.o
                0x20000094                PROVIDE (__init_array_end, .)
                0x20000094                . = ALIGN (0x4)
                [!provide]                PROVIDE (__fini_array_start, .)
 *(SORT(.fini_array.*))
 *(.fini_array)
 .fini_array    0x20000094        0x4 e:/1.11/share/em_armgcc/bin/../lib/gcc/arm-none-eabi/5.4.1/armv7e-m/crtbegin.o
                [!provide]                PROVIDE (__fini_array_end, .)
                0x20000098                . = ALIGN (0x4)
                0x20000098                __data_end__ = .

.jcr            0x20000098        0x0 load address 0x0800251c
 .jcr           0x20000098        0x0 e:/1.11/share/em_armgcc/bin/../lib/gcc/arm-none-eabi/5.4.1/armv7e-m/crtbegin.o

.igot.plt       0x20000098        0x0 load address 0x0800251c
 .igot.plt      0x20000098        0x0 e:/1.11/share/em_armgcc/bin/../lib/gcc/arm-none-eabi/5.4.1/armv7e-m/crtbegin.o

.bss            0x20000098       0x2c load address 0x0800251c
                0x20000098                __bss_start__ = .
 *(.bss*)
 .bss           0x20000098       0x1c e:/1.11/share/em_armgcc/bin/../lib/gcc/arm-none-eabi/5.4.1/armv7e-m/crtbegin.o
 .bss.__malloc_sbrk_start
                0x200000b4        0x4 e:/1.11/share/em_armgcc/bin/../lib/gcc/arm-none-eabi/5.4.1/../../../../arm-none-eabi/lib/armv7e-m\libg_n.a(lib_a-nano-mallocr.o)
                0x200000b4                __malloc_sbrk_start
 .bss.__malloc_free_list
                0x200000b8        0x4 e:/1.11/share/em_armgcc/bin/../lib/gcc/arm-none-eabi/5.4.1/../../../../arm-none-eabi/lib/armv7e-m\libg_n.a(lib_a-nano-mallocr.o)
                0x200000b8                __malloc_free_list
 .bss.heap_end.4167
                0x200000bc        0x4 e:/1.11/share/em_armgcc/bin/../lib/gcc/arm-none-eabi/5.4.1/../../../../arm-none-eabi/lib/armv7e-m\libnosys_s.a(sbrk.o)
 *(COMMON)
 COMMON         0x200000c0        0x4 e:/1.11/share/em_armgcc/bin/../lib/gcc/arm-none-eabi/5.4.1/../../../../arm-none-eabi/lib/armv7e-m\libg_n.a(lib_a-reent.o)
                0x200000c0                errno
                0x200000c4                __bss_end__ = .

.heap           0x200000c8        0x0
                0x200000c8                __end__ = .
                0x200000c8                end = __end__
 *(.heap*)
 .heap          0x200000c8        0x0 obj\debug\src\startup_stm32f30x.o
                0x200000c8                __HeapLimit = .

.stack_dummy    0x200000c8      0x100
 *(.stack)
 .stack         0x200000c8      0x100 obj\debug\src\startup_stm32f30x.o
                0x20004000                __StackTop = (ORIGIN (RAM) + LENGTH (RAM))
                0x20003f00                __StackLimit = (__StackTop - SIZEOF (.stack_dummy))
                0x20004000                PROVIDE (__stack, __StackTop)
                0x00000001                ASSERT ((__StackLimit >= __HeapLimit), region RAM overflowed with stack)
LOAD obj\debug\spl\src\stm32f30x_adc.o
LOAD obj\debug\spl\src\stm32f30x_can.o
LOAD obj\debug\spl\src\stm32f30x_comp.o
LOAD obj\debug\spl\src\stm32f30x_crc.o
LOAD obj\debug\spl\src\stm32f30x_dac.o
LOAD obj\debug\spl\src\stm32f30x_dbgmcu.o
LOAD obj\debug\spl\src\stm32f30x_dma.o
LOAD obj\debug\spl\src\stm32f30x_exti.o
LOAD obj\debug\spl\src\stm32f30x_flash.o
LOAD obj\debug\spl\src\stm32f30x_gpio.o
LOAD obj\debug\spl\src\stm32f30x_i2c.o
LOAD obj\debug\spl\src\stm32f30x_iwdg.o
LOAD obj\debug\spl\src\stm32f30x_misc.o
LOAD obj\debug\spl\src\stm32f30x_opamp.o
LOAD obj\debug\spl\src\stm32f30x_pwr.o
LOAD obj\debug\spl\src\stm32f30x_rcc.o
LOAD obj\debug\spl\src\stm32f30x_rtc.o
LOAD obj\debug\spl\src\stm32f30x_spi.o
LOAD obj\debug\spl\src\stm32f30x_syscfg.o
LOAD obj\debug\spl\src\stm32f30x_tim.o
LOAD obj\debug\spl\src\stm32f30x_usart.o
LOAD obj\debug\spl\src\stm32f30x_wwdg.o
LOAD obj\debug\src\30021_io.o
LOAD obj\debug\src\accel.o
LOAD obj\debug\src\gpio.o
LOAD obj\debug\src\mag.o
LOAD obj\debug\src\main.o
LOAD obj\debug\src\spi.o
LOAD obj\debug\src\startup_stm32f30x.o
LOAD obj\debug\src\system_stm32f30x.o
START GROUP
LOAD e:/1.11/share/em_armgcc/bin/../lib/gcc/arm-none-eabi/5.4.1/armv7e-m\libgcc.a
LOAD e:/1.11/share/em_armgcc/bin/../lib/gcc/arm-none-eabi/5.4.1/../../../../arm-none-eabi/lib/armv7e-m\libg_n.a
LOAD e:/1.11/share/em_armgcc/bin/../lib/gcc/arm-none-eabi/5.4.1/../../../../arm-none-eabi/lib/armv7e-m\libc_n.a
END GROUP
START GROUP
LOAD e:/1.11/share/em_armgcc/bin/../lib/gcc/arm-none-eabi/5.4.1/armv7e-m\libgcc.a
LOAD e:/1.11/share/em_armgcc/bin/../lib/gcc/arm-none-eabi/5.4.1/../../../../arm-none-eabi/lib/armv7e-m\libc_n.a
LOAD e:/1.11/share/em_armgcc/bin/../lib/gcc/arm-none-eabi/5.4.1/../../../../arm-none-eabi/lib/armv7e-m\libnosys_s.a
END GROUP
LOAD e:/1.11/share/em_armgcc/bin/../lib/gcc/arm-none-eabi/5.4.1/armv7e-m/crtend.o
LOAD e:/1.11/share/em_armgcc/bin/../lib/gcc/arm-none-eabi/5.4.1/armv7e-m/crtn.o
OUTPUT(bin\Debug\Acc_Mag.elf elf32-littlearm)

.ARM.attributes
                0x00000000       0x2a
 .ARM.attributes
                0x00000000       0x1e e:/1.11/share/em_armgcc/bin/../lib/gcc/arm-none-eabi/5.4.1/armv7e-m/crti.o
 .ARM.attributes
                0x0000001e       0x2e e:/1.11/share/em_armgcc/bin/../lib/gcc/arm-none-eabi/5.4.1/armv7e-m/crtbegin.o
 .ARM.attributes
                0x0000004c       0x1c e:/1.11/share/em_armgcc/bin/../lib/gcc/arm-none-eabi/5.4.1/../../../../arm-none-eabi/lib/armv7e-m/crt0.o
 .ARM.attributes
                0x00000068       0x33 obj\debug\spl\src\stm32f30x_gpio.o
 .ARM.attributes
                0x0000009b       0x33 obj\debug\spl\src\stm32f30x_rcc.o
 .ARM.attributes
                0x000000ce       0x33 obj\debug\spl\src\stm32f30x_spi.o
 .ARM.attributes
                0x00000101       0x33 obj\debug\spl\src\stm32f30x_usart.o
 .ARM.attributes
                0x00000134       0x33 obj\debug\src\30021_io.o
 .ARM.attributes
                0x00000167       0x33 obj\debug\src\accel.o
 .ARM.attributes
                0x0000019a       0x33 obj\debug\src\gpio.o
 .ARM.attributes
                0x000001cd       0x33 obj\debug\src\mag.o
 .ARM.attributes
                0x00000200       0x33 obj\debug\src\main.o
 .ARM.attributes
                0x00000233       0x33 obj\debug\src\spi.o
 .ARM.attributes
                0x00000266       0x1b obj\debug\src\startup_stm32f30x.o
 .ARM.attributes
                0x00000281       0x33 obj\debug\src\system_stm32f30x.o
 .ARM.attributes
                0x000002b4       0x2e e:/1.11/share/em_armgcc/bin/../lib/gcc/arm-none-eabi/5.4.1/../../../../arm-none-eabi/lib/armv7e-m\libg_n.a(lib_a-exit.o)
 .ARM.attributes
                0x000002e2       0x2e e:/1.11/share/em_armgcc/bin/../lib/gcc/arm-none-eabi/5.4.1/../../../../arm-none-eabi/lib/armv7e-m\libg_n.a(lib_a-impure.o)
 .ARM.attributes
                0x00000310       0x2e e:/1.11/share/em_armgcc/bin/../lib/gcc/arm-none-eabi/5.4.1/../../../../arm-none-eabi/lib/armv7e-m\libg_n.a(lib_a-init.o)
 .ARM.attributes
                0x0000033e       0x2e e:/1.11/share/em_armgcc/bin/../lib/gcc/arm-none-eabi/5.4.1/../../../../arm-none-eabi/lib/armv7e-m\libg_n.a(lib_a-memset.o)
 .ARM.attributes
                0x0000036c       0x2e e:/1.11/share/em_armgcc/bin/../lib/gcc/arm-none-eabi/5.4.1/../../../../arm-none-eabi/lib/armv7e-m\libg_n.a(lib_a-printf.o)
 .ARM.attributes
                0x0000039a       0x2e e:/1.11/share/em_armgcc/bin/../lib/gcc/arm-none-eabi/5.4.1/../../../../arm-none-eabi/lib/armv7e-m\libg_n.a(lib_a-setbuf.o)
 .ARM.attributes
                0x000003c8       0x2e e:/1.11/share/em_armgcc/bin/../lib/gcc/arm-none-eabi/5.4.1/../../../../arm-none-eabi/lib/armv7e-m\libg_n.a(lib_a-setvbuf.o)
 .ARM.attributes
                0x000003f6       0x2e e:/1.11/share/em_armgcc/bin/../lib/gcc/arm-none-eabi/5.4.1/../../../../arm-none-eabi/lib/armv7e-m\libg_n.a(lib_a-fflush.o)
 .ARM.attributes
                0x00000424       0x2e e:/1.11/share/em_armgcc/bin/../lib/gcc/arm-none-eabi/5.4.1/../../../../arm-none-eabi/lib/armv7e-m\libg_n.a(lib_a-findfp.o)
 .ARM.attributes
                0x00000452       0x2e e:/1.11/share/em_armgcc/bin/../lib/gcc/arm-none-eabi/5.4.1/../../../../arm-none-eabi/lib/armv7e-m\libg_n.a(lib_a-fwalk.o)
 .ARM.attributes
                0x00000480       0x2e e:/1.11/share/em_armgcc/bin/../lib/gcc/arm-none-eabi/5.4.1/../../../../arm-none-eabi/lib/armv7e-m\libg_n.a(lib_a-makebuf.o)
 .ARM.attributes
                0x000004ae       0x2e e:/1.11/share/em_armgcc/bin/../lib/gcc/arm-none-eabi/5.4.1/../../../../arm-none-eabi/lib/armv7e-m\libg_n.a(lib_a-malloc.o)
 .ARM.attributes
                0x000004dc       0x2e e:/1.11/share/em_armgcc/bin/../lib/gcc/arm-none-eabi/5.4.1/../../../../arm-none-eabi/lib/armv7e-m\libg_n.a(lib_a-nano-freer.o)
 .ARM.attributes
                0x0000050a       0x2e e:/1.11/share/em_armgcc/bin/../lib/gcc/arm-none-eabi/5.4.1/../../../../arm-none-eabi/lib/armv7e-m\libg_n.a(lib_a-nano-mallocr.o)
 .ARM.attributes
                0x00000538       0x2e e:/1.11/share/em_armgcc/bin/../lib/gcc/arm-none-eabi/5.4.1/../../../../arm-none-eabi/lib/armv7e-m\libg_n.a(lib_a-nano-vfprintf.o)
 .ARM.attributes
                0x00000566       0x2e e:/1.11/share/em_armgcc/bin/../lib/gcc/arm-none-eabi/5.4.1/../../../../arm-none-eabi/lib/armv7e-m\libg_n.a(lib_a-nano-vfprintf_i.o)
 .ARM.attributes
                0x00000594       0x2e e:/1.11/share/em_armgcc/bin/../lib/gcc/arm-none-eabi/5.4.1/../../../../arm-none-eabi/lib/armv7e-m\libg_n.a(lib_a-sbrkr.o)
 .ARM.attributes
                0x000005c2       0x2e e:/1.11/share/em_armgcc/bin/../lib/gcc/arm-none-eabi/5.4.1/../../../../arm-none-eabi/lib/armv7e-m\libg_n.a(lib_a-stdio.o)
 .ARM.attributes
                0x000005f0       0x2e e:/1.11/share/em_armgcc/bin/../lib/gcc/arm-none-eabi/5.4.1/../../../../arm-none-eabi/lib/armv7e-m\libg_n.a(lib_a-wbuf.o)
 .ARM.attributes
                0x0000061e       0x2e e:/1.11/share/em_armgcc/bin/../lib/gcc/arm-none-eabi/5.4.1/../../../../arm-none-eabi/lib/armv7e-m\libg_n.a(lib_a-wsetup.o)
 .ARM.attributes
                0x0000064c       0x2e e:/1.11/share/em_armgcc/bin/../lib/gcc/arm-none-eabi/5.4.1/../../../../arm-none-eabi/lib/armv7e-m\libg_n.a(lib_a-closer.o)
 .ARM.attributes
                0x0000067a       0x2e e:/1.11/share/em_armgcc/bin/../lib/gcc/arm-none-eabi/5.4.1/../../../../arm-none-eabi/lib/armv7e-m\libg_n.a(lib_a-fstatr.o)
 .ARM.attributes
                0x000006a8       0x2e e:/1.11/share/em_armgcc/bin/../lib/gcc/arm-none-eabi/5.4.1/../../../../arm-none-eabi/lib/armv7e-m\libg_n.a(lib_a-isattyr.o)
 .ARM.attributes
                0x000006d6       0x2e e:/1.11/share/em_armgcc/bin/../lib/gcc/arm-none-eabi/5.4.1/../../../../arm-none-eabi/lib/armv7e-m\libg_n.a(lib_a-lseekr.o)
 .ARM.attributes
                0x00000704       0x1c e:/1.11/share/em_armgcc/bin/../lib/gcc/arm-none-eabi/5.4.1/../../../../arm-none-eabi/lib/armv7e-m\libg_n.a(lib_a-memchr.o)
 .ARM.attributes
                0x00000720       0x2e e:/1.11/share/em_armgcc/bin/../lib/gcc/arm-none-eabi/5.4.1/../../../../arm-none-eabi/lib/armv7e-m\libg_n.a(lib_a-mlock.o)
 .ARM.attributes
                0x0000074e       0x2e e:/1.11/share/em_armgcc/bin/../lib/gcc/arm-none-eabi/5.4.1/../../../../arm-none-eabi/lib/armv7e-m\libg_n.a(lib_a-readr.o)
 .ARM.attributes
                0x0000077c       0x2e e:/1.11/share/em_armgcc/bin/../lib/gcc/arm-none-eabi/5.4.1/../../../../arm-none-eabi/lib/armv7e-m\libg_n.a(lib_a-reent.o)
 .ARM.attributes
                0x000007aa       0x2e e:/1.11/share/em_armgcc/bin/../lib/gcc/arm-none-eabi/5.4.1/../../../../arm-none-eabi/lib/armv7e-m\libnosys_s.a(close.o)
 .ARM.attributes
                0x000007d8       0x2e e:/1.11/share/em_armgcc/bin/../lib/gcc/arm-none-eabi/5.4.1/../../../../arm-none-eabi/lib/armv7e-m\libnosys_s.a(fstat.o)
 .ARM.attributes
                0x00000806       0x2e e:/1.11/share/em_armgcc/bin/../lib/gcc/arm-none-eabi/5.4.1/../../../../arm-none-eabi/lib/armv7e-m\libnosys_s.a(isatty.o)
 .ARM.attributes
                0x00000834       0x2e e:/1.11/share/em_armgcc/bin/../lib/gcc/arm-none-eabi/5.4.1/../../../../arm-none-eabi/lib/armv7e-m\libnosys_s.a(lseek.o)
 .ARM.attributes
                0x00000862       0x2e e:/1.11/share/em_armgcc/bin/../lib/gcc/arm-none-eabi/5.4.1/../../../../arm-none-eabi/lib/armv7e-m\libnosys_s.a(read.o)
 .ARM.attributes
                0x00000890       0x2e e:/1.11/share/em_armgcc/bin/../lib/gcc/arm-none-eabi/5.4.1/../../../../arm-none-eabi/lib/armv7e-m\libnosys_s.a(sbrk.o)
 .ARM.attributes
                0x000008be       0x2e e:/1.11/share/em_armgcc/bin/../lib/gcc/arm-none-eabi/5.4.1/../../../../arm-none-eabi/lib/armv7e-m\libnosys_s.a(_exit.o)
 .ARM.attributes
                0x000008ec       0x2e e:/1.11/share/em_armgcc/bin/../lib/gcc/arm-none-eabi/5.4.1/armv7e-m/crtend.o
 .ARM.attributes
                0x0000091a       0x1e e:/1.11/share/em_armgcc/bin/../lib/gcc/arm-none-eabi/5.4.1/armv7e-m/crtn.o

.comment        0x00000000       0x6e
 .comment       0x00000000       0x6e obj\debug\spl\src\stm32f30x_gpio.o
                                 0x6f (size before relaxing)
 .comment       0x0000006e       0x6f obj\debug\spl\src\stm32f30x_rcc.o
 .comment       0x0000006e       0x6f obj\debug\spl\src\stm32f30x_spi.o
 .comment       0x0000006e       0x6f obj\debug\spl\src\stm32f30x_usart.o
 .comment       0x0000006e       0x6f obj\debug\src\30021_io.o
 .comment       0x0000006e       0x6f obj\debug\src\accel.o
 .comment       0x0000006e       0x6f obj\debug\src\gpio.o
 .comment       0x0000006e       0x6f obj\debug\src\mag.o
 .comment       0x0000006e       0x6f obj\debug\src\main.o
 .comment       0x0000006e       0x6f obj\debug\src\spi.o
 .comment       0x0000006e       0x6f obj\debug\src\system_stm32f30x.o

.debug_info     0x00000000     0x4fc8
 .debug_info    0x00000000      0x61a obj\debug\spl\src\stm32f30x_gpio.o
 .debug_info    0x0000061a      0xad4 obj\debug\spl\src\stm32f30x_rcc.o
 .debug_info    0x000010ee      0xb82 obj\debug\spl\src\stm32f30x_spi.o
 .debug_info    0x00001c70      0xecc obj\debug\spl\src\stm32f30x_usart.o
 .debug_info    0x00002b3c      0xf04 obj\debug\src\30021_io.o
 .debug_info    0x00003a40      0x3f3 obj\debug\src\accel.o
 .debug_info    0x00003e33      0x340 obj\debug\src\gpio.o
 .debug_info    0x00004173      0x3f3 obj\debug\src\mag.o
 .debug_info    0x00004566      0x147 obj\debug\src\main.o
 .debug_info    0x000046ad      0x445 obj\debug\src\spi.o
 .debug_info    0x00004af2       0x66 obj\debug\src\startup_stm32f30x.o
 .debug_info    0x00004b58      0x470 obj\debug\src\system_stm32f30x.o

.debug_abbrev   0x00000000      0xfd5
 .debug_abbrev  0x00000000      0x19d obj\debug\spl\src\stm32f30x_gpio.o
 .debug_abbrev  0x0000019d      0x1ea obj\debug\spl\src\stm32f30x_rcc.o
 .debug_abbrev  0x00000387      0x190 obj\debug\spl\src\stm32f30x_spi.o
 .debug_abbrev  0x00000517      0x15c obj\debug\spl\src\stm32f30x_usart.o
 .debug_abbrev  0x00000673      0x27d obj\debug\src\30021_io.o
 .debug_abbrev  0x000008f0      0x164 obj\debug\src\accel.o
 .debug_abbrev  0x00000a54      0x10a obj\debug\src\gpio.o
 .debug_abbrev  0x00000b5e      0x164 obj\debug\src\mag.o
 .debug_abbrev  0x00000cc2       0x95 obj\debug\src\main.o
 .debug_abbrev  0x00000d57      0x150 obj\debug\src\spi.o
 .debug_abbrev  0x00000ea7       0x14 obj\debug\src\startup_stm32f30x.o
 .debug_abbrev  0x00000ebb      0x11a obj\debug\src\system_stm32f30x.o

.debug_aranges  0x00000000      0x650
 .debug_aranges
                0x00000000       0x80 obj\debug\spl\src\stm32f30x_gpio.o
 .debug_aranges
                0x00000080      0x150 obj\debug\spl\src\stm32f30x_rcc.o
 .debug_aranges
                0x000001d0      0x118 obj\debug\spl\src\stm32f30x_spi.o
 .debug_aranges
                0x000002e8      0x1a0 obj\debug\spl\src\stm32f30x_usart.o
 .debug_aranges
                0x00000488       0x58 obj\debug\src\30021_io.o
 .debug_aranges
                0x000004e0       0x50 obj\debug\src\accel.o
 .debug_aranges
                0x00000530       0x28 obj\debug\src\gpio.o
 .debug_aranges
                0x00000558       0x50 obj\debug\src\mag.o
 .debug_aranges
                0x000005a8       0x20 obj\debug\src\main.o
 .debug_aranges
                0x000005c8       0x38 obj\debug\src\spi.o
 .debug_aranges
                0x00000600       0x20 obj\debug\src\startup_stm32f30x.o
 .debug_aranges
                0x00000620       0x30 obj\debug\src\system_stm32f30x.o

.debug_ranges   0x00000000      0x580
 .debug_ranges  0x00000000       0x70 obj\debug\spl\src\stm32f30x_gpio.o
 .debug_ranges  0x00000070      0x140 obj\debug\spl\src\stm32f30x_rcc.o
 .debug_ranges  0x000001b0      0x108 obj\debug\spl\src\stm32f30x_spi.o
 .debug_ranges  0x000002b8      0x190 obj\debug\spl\src\stm32f30x_usart.o
 .debug_ranges  0x00000448       0x48 obj\debug\src\30021_io.o
 .debug_ranges  0x00000490       0x40 obj\debug\src\accel.o
 .debug_ranges  0x000004d0       0x18 obj\debug\src\gpio.o
 .debug_ranges  0x000004e8       0x40 obj\debug\src\mag.o
 .debug_ranges  0x00000528       0x10 obj\debug\src\main.o
 .debug_ranges  0x00000538       0x28 obj\debug\src\spi.o
 .debug_ranges  0x00000560       0x20 obj\debug\src\system_stm32f30x.o

.debug_macro    0x00000000     0x322e
 .debug_macro   0x00000000      0x19b obj\debug\spl\src\stm32f30x_gpio.o
 .debug_macro   0x0000019b      0x1b0 obj\debug\spl\src\stm32f30x_gpio.o
 .debug_macro   0x0000034b      0x238 obj\debug\spl\src\stm32f30x_rcc.o
 .debug_macro   0x00000583      0x5c0 obj\debug\spl\src\stm32f30x_rcc.o
 .debug_macro   0x00000b43      0x1b0 obj\debug\spl\src\stm32f30x_spi.o
 .debug_macro   0x00000cf3      0x3a5 obj\debug\spl\src\stm32f30x_spi.o
 .debug_macro   0x00001098      0x1b3 obj\debug\spl\src\stm32f30x_usart.o
 .debug_macro   0x0000124b      0x35e obj\debug\spl\src\stm32f30x_usart.o
 .debug_macro   0x000015a9      0x2d2 obj\debug\src\30021_io.o
 .debug_macro   0x0000187b       0x52 obj\debug\src\30021_io.o
 .debug_macro   0x000018cd       0x35 obj\debug\src\30021_io.o
 .debug_macro   0x00001902       0x9c obj\debug\src\30021_io.o
 .debug_macro   0x0000199e       0x16 obj\debug\src\30021_io.o
 .debug_macro   0x000019b4       0x97 obj\debug\src\30021_io.o
 .debug_macro   0x00001a4b      0x30d obj\debug\src\30021_io.o
 .debug_macro   0x00001d58       0xfd obj\debug\src\30021_io.o
 .debug_macro   0x00001e55       0x10 obj\debug\src\30021_io.o
 .debug_macro   0x00001e65       0x52 obj\debug\src\30021_io.o
 .debug_macro   0x00001eb7       0x1f obj\debug\src\30021_io.o
 .debug_macro   0x00001ed6       0x43 obj\debug\src\30021_io.o
 .debug_macro   0x00001f19       0x20 obj\debug\src\30021_io.o
 .debug_macro   0x00001f39      0x187 obj\debug\src\30021_io.o
 .debug_macro   0x000020c0       0x10 obj\debug\src\30021_io.o
 .debug_macro   0x000020d0       0x1c obj\debug\src\30021_io.o
 .debug_macro   0x000020ec       0x52 obj\debug\src\30021_io.o
 .debug_macro   0x0000213e       0x40 obj\debug\src\30021_io.o
 .debug_macro   0x0000217e       0x10 obj\debug\src\30021_io.o
 .debug_macro   0x0000218e       0x40 obj\debug\src\30021_io.o
 .debug_macro   0x000021ce       0xd7 obj\debug\src\30021_io.o
 .debug_macro   0x000022a5       0x16 obj\debug\src\30021_io.o
 .debug_macro   0x000022bb      0x189 obj\debug\src\30021_io.o
 .debug_macro   0x00002444      0x1bb obj\debug\src\accel.o
 .debug_macro   0x000025ff       0x10 obj\debug\src\accel.o
 .debug_macro   0x0000260f       0xa6 obj\debug\src\accel.o
 .debug_macro   0x000026b5       0x58 obj\debug\src\accel.o
 .debug_macro   0x0000270d       0x52 obj\debug\src\accel.o
 .debug_macro   0x0000275f      0x1a9 obj\debug\src\gpio.o
 .debug_macro   0x00002908      0x1ba obj\debug\src\mag.o
 .debug_macro   0x00002ac2       0x10 obj\debug\src\mag.o
 .debug_macro   0x00002ad2       0x64 obj\debug\src\mag.o
 .debug_macro   0x00002b36      0x305 obj\debug\src\main.o
 .debug_macro   0x00002e3b       0x70 obj\debug\src\main.o
 .debug_macro   0x00002eab      0x1a0 obj\debug\src\spi.o
 .debug_macro   0x0000304b       0x4c obj\debug\src\spi.o
 .debug_macro   0x00003097      0x197 obj\debug\src\system_stm32f30x.o

.debug_line     0x00000000     0x3c93
 .debug_line    0x00000000      0x513 obj\debug\spl\src\stm32f30x_gpio.o
 .debug_line    0x00000513      0x779 obj\debug\spl\src\stm32f30x_rcc.o
 .debug_line    0x00000c8c      0x6ca obj\debug\spl\src\stm32f30x_spi.o
 .debug_line    0x00001356      0x800 obj\debug\spl\src\stm32f30x_usart.o
 .debug_line    0x00001b56      0x66e obj\debug\src\30021_io.o
 .debug_line    0x000021c4      0x45a obj\debug\src\accel.o
 .debug_line    0x0000261e      0x3f8 obj\debug\src\gpio.o
 .debug_line    0x00002a16      0x455 obj\debug\src\mag.o
 .debug_line    0x00002e6b      0x511 obj\debug\src\main.o
 .debug_line    0x0000337c      0x435 obj\debug\src\spi.o
 .debug_line    0x000037b1       0xbb obj\debug\src\startup_stm32f30x.o
 .debug_line    0x0000386c      0x427 obj\debug\src\system_stm32f30x.o

.debug_str      0x00000000    0x581e9
 .debug_str     0x00000000    0x5244c obj\debug\spl\src\stm32f30x_gpio.o
                              0x52607 (size before relaxing)
 .debug_str     0x0005244c      0xa71 obj\debug\spl\src\stm32f30x_rcc.o
                              0x52dbb (size before relaxing)
 .debug_str     0x00052ebd      0x4f4 obj\debug\spl\src\stm32f30x_spi.o
                              0x52998 (size before relaxing)
 .debug_str     0x000533b1      0x7e5 obj\debug\spl\src\stm32f30x_usart.o
                              0x52c8f (size before relaxing)
 .debug_str     0x00053b96     0x3ec5 obj\debug\src\30021_io.o
                              0x564ea (size before relaxing)
 .debug_str     0x00057a5b      0x438 obj\debug\src\accel.o
                              0x527f0 (size before relaxing)
 .debug_str     0x00057e93       0x44 obj\debug\src\gpio.o
                              0x52664 (size before relaxing)
 .debug_str     0x00057ed7      0x1d9 obj\debug\src\mag.o
                              0x52841 (size before relaxing)
 .debug_str     0x000580b0       0x10 obj\debug\src\main.o
                              0x56357 (size before relaxing)
 .debug_str     0x000580c0       0x49 obj\debug\src\spi.o
                              0x52572 (size before relaxing)
 .debug_str     0x00058109       0xe0 obj\debug\src\system_stm32f30x.o
                              0x5244d (size before relaxing)

.debug_frame    0x00000000     0x2208
 .debug_frame   0x00000000      0x214 obj\debug\spl\src\stm32f30x_gpio.o
 .debug_frame   0x00000214      0x60c obj\debug\spl\src\stm32f30x_rcc.o
 .debug_frame   0x00000820      0x508 obj\debug\spl\src\stm32f30x_spi.o
 .debug_frame   0x00000d28      0x7b0 obj\debug\spl\src\stm32f30x_usart.o
 .debug_frame   0x000014d8      0x12c obj\debug\src\30021_io.o
 .debug_frame   0x00001604       0xf8 obj\debug\src\accel.o
 .debug_frame   0x000016fc       0x5c obj\debug\src\gpio.o
 .debug_frame   0x00001758       0xf8 obj\debug\src\mag.o
 .debug_frame   0x00001850       0x30 obj\debug\src\main.o
 .debug_frame   0x00001880       0xa0 obj\debug\src\spi.o
 .debug_frame   0x00001920       0x74 obj\debug\src\system_stm32f30x.o
 .debug_frame   0x00001994       0x28 e:/1.11/share/em_armgcc/bin/../lib/gcc/arm-none-eabi/5.4.1/../../../../arm-none-eabi/lib/armv7e-m\libg_n.a(lib_a-exit.o)
 .debug_frame   0x000019bc       0x2c e:/1.11/share/em_armgcc/bin/../lib/gcc/arm-none-eabi/5.4.1/../../../../arm-none-eabi/lib/armv7e-m\libg_n.a(lib_a-init.o)
 .debug_frame   0x000019e8       0x20 e:/1.11/share/em_armgcc/bin/../lib/gcc/arm-none-eabi/5.4.1/../../../../arm-none-eabi/lib/armv7e-m\libg_n.a(lib_a-memset.o)
 .debug_frame   0x00001a08       0x74 e:/1.11/share/em_armgcc/bin/../lib/gcc/arm-none-eabi/5.4.1/../../../../arm-none-eabi/lib/armv7e-m\libg_n.a(lib_a-printf.o)
 .debug_frame   0x00001a7c       0x20 e:/1.11/share/em_armgcc/bin/../lib/gcc/arm-none-eabi/5.4.1/../../../../arm-none-eabi/lib/armv7e-m\libg_n.a(lib_a-setbuf.o)
 .debug_frame   0x00001a9c       0x38 e:/1.11/share/em_armgcc/bin/../lib/gcc/arm-none-eabi/5.4.1/../../../../arm-none-eabi/lib/armv7e-m\libg_n.a(lib_a-setvbuf.o)
 .debug_frame   0x00001ad4       0x68 e:/1.11/share/em_armgcc/bin/../lib/gcc/arm-none-eabi/5.4.1/../../../../arm-none-eabi/lib/armv7e-m\libg_n.a(lib_a-fflush.o)
 .debug_frame   0x00001b3c      0x11c e:/1.11/share/em_armgcc/bin/../lib/gcc/arm-none-eabi/5.4.1/../../../../arm-none-eabi/lib/armv7e-m\libg_n.a(lib_a-findfp.o)
 .debug_frame   0x00001c58       0x54 e:/1.11/share/em_armgcc/bin/../lib/gcc/arm-none-eabi/5.4.1/../../../../arm-none-eabi/lib/armv7e-m\libg_n.a(lib_a-fwalk.o)
 .debug_frame   0x00001cac       0x54 e:/1.11/share/em_armgcc/bin/../lib/gcc/arm-none-eabi/5.4.1/../../../../arm-none-eabi/lib/armv7e-m\libg_n.a(lib_a-makebuf.o)
 .debug_frame   0x00001d00       0x30 e:/1.11/share/em_armgcc/bin/../lib/gcc/arm-none-eabi/5.4.1/../../../../arm-none-eabi/lib/armv7e-m\libg_n.a(lib_a-malloc.o)
 .debug_frame   0x00001d30       0x38 e:/1.11/share/em_armgcc/bin/../lib/gcc/arm-none-eabi/5.4.1/../../../../arm-none-eabi/lib/armv7e-m\libg_n.a(lib_a-nano-freer.o)
 .debug_frame   0x00001d68       0x2c e:/1.11/share/em_armgcc/bin/../lib/gcc/arm-none-eabi/5.4.1/../../../../arm-none-eabi/lib/armv7e-m\libg_n.a(lib_a-nano-mallocr.o)
 .debug_frame   0x00001d94       0xac e:/1.11/share/em_armgcc/bin/../lib/gcc/arm-none-eabi/5.4.1/../../../../arm-none-eabi/lib/armv7e-m\libg_n.a(lib_a-nano-vfprintf.o)
 .debug_frame   0x00001e40       0x60 e:/1.11/share/em_armgcc/bin/../lib/gcc/arm-none-eabi/5.4.1/../../../../arm-none-eabi/lib/armv7e-m\libg_n.a(lib_a-nano-vfprintf_i.o)
 .debug_frame   0x00001ea0       0x2c e:/1.11/share/em_armgcc/bin/../lib/gcc/arm-none-eabi/5.4.1/../../../../arm-none-eabi/lib/armv7e-m\libg_n.a(lib_a-sbrkr.o)
 .debug_frame   0x00001ecc       0x88 e:/1.11/share/em_armgcc/bin/../lib/gcc/arm-none-eabi/5.4.1/../../../../arm-none-eabi/lib/armv7e-m\libg_n.a(lib_a-stdio.o)
 .debug_frame   0x00001f54       0x40 e:/1.11/share/em_armgcc/bin/../lib/gcc/arm-none-eabi/5.4.1/../../../../arm-none-eabi/lib/armv7e-m\libg_n.a(lib_a-wbuf.o)
 .debug_frame   0x00001f94       0x2c e:/1.11/share/em_armgcc/bin/../lib/gcc/arm-none-eabi/5.4.1/../../../../arm-none-eabi/lib/armv7e-m\libg_n.a(lib_a-wsetup.o)
 .debug_frame   0x00001fc0       0x2c e:/1.11/share/em_armgcc/bin/../lib/gcc/arm-none-eabi/5.4.1/../../../../arm-none-eabi/lib/armv7e-m\libg_n.a(lib_a-closer.o)
 .debug_frame   0x00001fec       0x2c e:/1.11/share/em_armgcc/bin/../lib/gcc/arm-none-eabi/5.4.1/../../../../arm-none-eabi/lib/armv7e-m\libg_n.a(lib_a-fstatr.o)
 .debug_frame   0x00002018       0x2c e:/1.11/share/em_armgcc/bin/../lib/gcc/arm-none-eabi/5.4.1/../../../../arm-none-eabi/lib/armv7e-m\libg_n.a(lib_a-isattyr.o)
 .debug_frame   0x00002044       0x2c e:/1.11/share/em_armgcc/bin/../lib/gcc/arm-none-eabi/5.4.1/../../../../arm-none-eabi/lib/armv7e-m\libg_n.a(lib_a-lseekr.o)
 .debug_frame   0x00002070       0x30 e:/1.11/share/em_armgcc/bin/../lib/gcc/arm-none-eabi/5.4.1/../../../../arm-none-eabi/lib/armv7e-m\libg_n.a(lib_a-mlock.o)
 .debug_frame   0x000020a0       0x2c e:/1.11/share/em_armgcc/bin/../lib/gcc/arm-none-eabi/5.4.1/../../../../arm-none-eabi/lib/armv7e-m\libg_n.a(lib_a-readr.o)
 .debug_frame   0x000020cc       0x5c e:/1.11/share/em_armgcc/bin/../lib/gcc/arm-none-eabi/5.4.1/../../../../arm-none-eabi/lib/armv7e-m\libg_n.a(lib_a-reent.o)
 .debug_frame   0x00002128       0x20 e:/1.11/share/em_armgcc/bin/../lib/gcc/arm-none-eabi/5.4.1/../../../../arm-none-eabi/lib/armv7e-m\libnosys_s.a(close.o)
 .debug_frame   0x00002148       0x20 e:/1.11/share/em_armgcc/bin/../lib/gcc/arm-none-eabi/5.4.1/../../../../arm-none-eabi/lib/armv7e-m\libnosys_s.a(fstat.o)
 .debug_frame   0x00002168       0x20 e:/1.11/share/em_armgcc/bin/../lib/gcc/arm-none-eabi/5.4.1/../../../../arm-none-eabi/lib/armv7e-m\libnosys_s.a(isatty.o)
 .debug_frame   0x00002188       0x20 e:/1.11/share/em_armgcc/bin/../lib/gcc/arm-none-eabi/5.4.1/../../../../arm-none-eabi/lib/armv7e-m\libnosys_s.a(lseek.o)
 .debug_frame   0x000021a8       0x20 e:/1.11/share/em_armgcc/bin/../lib/gcc/arm-none-eabi/5.4.1/../../../../arm-none-eabi/lib/armv7e-m\libnosys_s.a(read.o)
 .debug_frame   0x000021c8       0x20 e:/1.11/share/em_armgcc/bin/../lib/gcc/arm-none-eabi/5.4.1/../../../../arm-none-eabi/lib/armv7e-m\libnosys_s.a(sbrk.o)
 .debug_frame   0x000021e8       0x20 e:/1.11/share/em_armgcc/bin/../lib/gcc/arm-none-eabi/5.4.1/../../../../arm-none-eabi/lib/armv7e-m\libnosys_s.a(_exit.o)

.stab           0x00000000       0x84
 .stab          0x00000000       0x24 e:/1.11/share/em_armgcc/bin/../lib/gcc/arm-none-eabi/5.4.1/../../../../arm-none-eabi/lib/armv7e-m\libnosys_s.a(close.o)
 .stab          0x00000024       0x18 e:/1.11/share/em_armgcc/bin/../lib/gcc/arm-none-eabi/5.4.1/../../../../arm-none-eabi/lib/armv7e-m\libnosys_s.a(fstat.o)
                                 0x24 (size before relaxing)
 .stab          0x0000003c       0x18 e:/1.11/share/em_armgcc/bin/../lib/gcc/arm-none-eabi/5.4.1/../../../../arm-none-eabi/lib/armv7e-m\libnosys_s.a(isatty.o)
                                 0x24 (size before relaxing)
 .stab          0x00000054       0x18 e:/1.11/share/em_armgcc/bin/../lib/gcc/arm-none-eabi/5.4.1/../../../../arm-none-eabi/lib/armv7e-m\libnosys_s.a(lseek.o)
                                 0x24 (size before relaxing)
 .stab          0x0000006c       0x18 e:/1.11/share/em_armgcc/bin/../lib/gcc/arm-none-eabi/5.4.1/../../../../arm-none-eabi/lib/armv7e-m\libnosys_s.a(read.o)
                                 0x24 (size before relaxing)

.stabstr        0x00000000      0x117
 .stabstr       0x00000000      0x117 e:/1.11/share/em_armgcc/bin/../lib/gcc/arm-none-eabi/5.4.1/../../../../arm-none-eabi/lib/armv7e-m\libnosys_s.a(close.o)
