Archive member included to satisfy reference by file (symbol)

e:/1.11/share/em_armgcc/bin/../lib/gcc/arm-none-eabi/5.4.1/../../../../arm-none-eabi/lib/armv7e-m\libg_n.a(lib_a-exit.o)
                              e:/1.11/share/em_armgcc/bin/../lib/gcc/arm-none-eabi/5.4.1/../../../../arm-none-eabi/lib/armv7e-m/crt0.o (exit)
e:/1.11/share/em_armgcc/bin/../lib/gcc/arm-none-eabi/5.4.1/../../../../arm-none-eabi/lib/armv7e-m\libg_n.a(lib_a-impure.o)
                              e:/1.11/share/em_armgcc/bin/../lib/gcc/arm-none-eabi/5.4.1/../../../../arm-none-eabi/lib/armv7e-m\libg_n.a(lib_a-exit.o) (_global_impure_ptr)
e:/1.11/share/em_armgcc/bin/../lib/gcc/arm-none-eabi/5.4.1/../../../../arm-none-eabi/lib/armv7e-m\libg_n.a(lib_a-init.o)
                              e:/1.11/share/em_armgcc/bin/../lib/gcc/arm-none-eabi/5.4.1/../../../../arm-none-eabi/lib/armv7e-m/crt0.o (__libc_init_array)
e:/1.11/share/em_armgcc/bin/../lib/gcc/arm-none-eabi/5.4.1/../../../../arm-none-eabi/lib/armv7e-m\libg_n.a(lib_a-memset.o)
                              e:/1.11/share/em_armgcc/bin/../lib/gcc/arm-none-eabi/5.4.1/../../../../arm-none-eabi/lib/armv7e-m/crt0.o (memset)
e:/1.11/share/em_armgcc/bin/../lib/gcc/arm-none-eabi/5.4.1/../../../../arm-none-eabi/lib/armv7e-m\libg_n.a(lib_a-printf.o)
                              obj\release\src\accel.o (printf)
e:/1.11/share/em_armgcc/bin/../lib/gcc/arm-none-eabi/5.4.1/../../../../arm-none-eabi/lib/armv7e-m\libg_n.a(lib_a-setbuf.o)
                              obj\release\src\30021_io.o (setbuf)
e:/1.11/share/em_armgcc/bin/../lib/gcc/arm-none-eabi/5.4.1/../../../../arm-none-eabi/lib/armv7e-m\libg_n.a(lib_a-setvbuf.o)
                              e:/1.11/share/em_armgcc/bin/../lib/gcc/arm-none-eabi/5.4.1/../../../../arm-none-eabi/lib/armv7e-m\libg_n.a(lib_a-setbuf.o) (setvbuf)
e:/1.11/share/em_armgcc/bin/../lib/gcc/arm-none-eabi/5.4.1/../../../../arm-none-eabi/lib/armv7e-m\libg_n.a(lib_a-fflush.o)
                              e:/1.11/share/em_armgcc/bin/../lib/gcc/arm-none-eabi/5.4.1/../../../../arm-none-eabi/lib/armv7e-m\libg_n.a(lib_a-setvbuf.o) (_fflush_r)
e:/1.11/share/em_armgcc/bin/../lib/gcc/arm-none-eabi/5.4.1/../../../../arm-none-eabi/lib/armv7e-m\libg_n.a(lib_a-findfp.o)
                              e:/1.11/share/em_armgcc/bin/../lib/gcc/arm-none-eabi/5.4.1/../../../../arm-none-eabi/lib/armv7e-m\libg_n.a(lib_a-printf.o) (__sinit)
e:/1.11/share/em_armgcc/bin/../lib/gcc/arm-none-eabi/5.4.1/../../../../arm-none-eabi/lib/armv7e-m\libg_n.a(lib_a-fwalk.o)
                              e:/1.11/share/em_armgcc/bin/../lib/gcc/arm-none-eabi/5.4.1/../../../../arm-none-eabi/lib/armv7e-m\libg_n.a(lib_a-findfp.o) (_fwalk)
e:/1.11/share/em_armgcc/bin/../lib/gcc/arm-none-eabi/5.4.1/../../../../arm-none-eabi/lib/armv7e-m\libg_n.a(lib_a-makebuf.o)
                              e:/1.11/share/em_armgcc/bin/../lib/gcc/arm-none-eabi/5.4.1/../../../../arm-none-eabi/lib/armv7e-m\libg_n.a(lib_a-setvbuf.o) (__swhatbuf_r)
e:/1.11/share/em_armgcc/bin/../lib/gcc/arm-none-eabi/5.4.1/../../../../arm-none-eabi/lib/armv7e-m\libg_n.a(lib_a-malloc.o)
                              e:/1.11/share/em_armgcc/bin/../lib/gcc/arm-none-eabi/5.4.1/../../../../arm-none-eabi/lib/armv7e-m\libg_n.a(lib_a-setvbuf.o) (malloc)
e:/1.11/share/em_armgcc/bin/../lib/gcc/arm-none-eabi/5.4.1/../../../../arm-none-eabi/lib/armv7e-m\libg_n.a(lib_a-nano-freer.o)
                              e:/1.11/share/em_armgcc/bin/../lib/gcc/arm-none-eabi/5.4.1/../../../../arm-none-eabi/lib/armv7e-m\libg_n.a(lib_a-setvbuf.o) (_free_r)
e:/1.11/share/em_armgcc/bin/../lib/gcc/arm-none-eabi/5.4.1/../../../../arm-none-eabi/lib/armv7e-m\libg_n.a(lib_a-nano-mallocr.o)
                              e:/1.11/share/em_armgcc/bin/../lib/gcc/arm-none-eabi/5.4.1/../../../../arm-none-eabi/lib/armv7e-m\libg_n.a(lib_a-findfp.o) (_malloc_r)
e:/1.11/share/em_armgcc/bin/../lib/gcc/arm-none-eabi/5.4.1/../../../../arm-none-eabi/lib/armv7e-m\libg_n.a(lib_a-nano-vfprintf.o)
                              e:/1.11/share/em_armgcc/bin/../lib/gcc/arm-none-eabi/5.4.1/../../../../arm-none-eabi/lib/armv7e-m\libg_n.a(lib_a-printf.o) (_vfprintf_r)
e:/1.11/share/em_armgcc/bin/../lib/gcc/arm-none-eabi/5.4.1/../../../../arm-none-eabi/lib/armv7e-m\libg_n.a(lib_a-nano-vfprintf_i.o)
                              e:/1.11/share/em_armgcc/bin/../lib/gcc/arm-none-eabi/5.4.1/../../../../arm-none-eabi/lib/armv7e-m\libg_n.a(lib_a-nano-vfprintf.o) (_printf_i)
e:/1.11/share/em_armgcc/bin/../lib/gcc/arm-none-eabi/5.4.1/../../../../arm-none-eabi/lib/armv7e-m\libg_n.a(lib_a-sbrkr.o)
                              e:/1.11/share/em_armgcc/bin/../lib/gcc/arm-none-eabi/5.4.1/../../../../arm-none-eabi/lib/armv7e-m\libg_n.a(lib_a-nano-mallocr.o) (_sbrk_r)
e:/1.11/share/em_armgcc/bin/../lib/gcc/arm-none-eabi/5.4.1/../../../../arm-none-eabi/lib/armv7e-m\libg_n.a(lib_a-stdio.o)
[...]
Memory Configuration

Name             Origin             Length             Attributes
ROM              0x08000000         0x00010000         xr
RAM              0x20000000         0x00004000         xrw
*default*        0x00000000         0xffffffff

Linker script and memory map

LOAD e:/1.11/share/em_armgcc/bin/../lib/gcc/arm-none-eabi/5.4.1/armv7e-m/crti.o
LOAD e:/1.11/share/em_armgcc/bin/../lib/gcc/arm-none-eabi/5.4.1/armv7e-m/crtbegin.o
LOAD e:/1.11/share/em_armgcc/bin/../lib/gcc/arm-none-eabi/5.4.1/../../../../arm-none-eabi/lib/armv7e-m/crt0.o
                0x00000000                __HEAP_SIZE = 0x0
                0x00000100                __STACK_SIZE = 0x100

.text           0x08000000     0x1d48
 *(.isr_vector)
 .isr_vector    0x08000000      0x188 obj\release\src\startup_stm32f30x.o
                0x08000000                __isr_vector
 *(.text*)
 .text          0x08000188       0x5c e:/1.11/share/em_armgcc/bin/../lib/gcc/arm-none-eabi/5.4.1/armv7e-m/crtbegin.o
 .text          0x080001e4       0x74 e:/1.11/share/em_armgcc/bin/../lib/gcc/arm-none-eabi/5.4.1/../../../../arm-none-eabi/lib/armv7e-m/crt0.o
                0x080001e4                _start
                0x080001e4                _mainCRTStartup
 .text.GPIO_PinAFConfig
                0x08000258       0x28 obj\release\spl\src\stm32f30x_gpio.o
                0x08000258                GPIO_PinAFConfig
 .text.RCC_GetClocksFreq
                0x08000280      0x29c obj\release\spl\src\stm32f30x_rcc.o
                0x08000280                RCC_GetClocksFreq
 .text.SPI_I2S_SendData16
                0x0800051c        0x4 obj\release\spl\src\stm32f30x_spi.o
                0x0800051c                SPI_I2S_SendData16
 .text.SPI_I2S_ReceiveData16
                0x08000520        0x8 obj\release\spl\src\stm32f30x_spi.o
                0x08000520                SPI_I2S_ReceiveData16
 .text.SPI_GetReceptionFIFOStatus
                0x08000528        0x8 obj\release\spl\src\stm32f30x_spi.o
                0x08000528                SPI_GetReceptionFIFOStatus
 .text.SPI_I2S_GetFlagStatus
                0x08000530        0xc obj\release\spl\src\stm32f30x_spi.o
                0x08000530                SPI_I2S_GetFlagStatus
 .text.USART_SendData
                0x0800053c        0x8 obj\release\spl\src\stm32f30x_usart.o
                0x0800053c                USART_SendData
 .text.USART_GetFlagStatus
                0x08000544        0xc obj\release\spl\src\stm32f30x_usart.o
                0x08000544                USART_GetFlagStatus
 .text.uart_putc
                0x08000550       0x1c obj\release\src\30021_io.o
                0x08000550                uart_putc
 .text._write_r
                0x0800056c       0x34 obj\release\src\30021_io.o
                0x0800056c                _write_r
 .text.init_usb_uart
                0x080005a0      0x124 obj\release\src\30021_io.o
                0x080005a0                init_usb_uart
 .text.accel_read_reg
                0x080006c4       0x30 obj\release\src\accel.o
                0x080006c4                accel_read_reg
 .text.accel_write_reg
                0x080006f4       0x4c obj\release\src\accel.o
                0x080006f4                accel_write_reg
 .text.accel_setup
                0x08000740       0x18 obj\release\src\accel.o
                0x08000740                accel_setup
 .text.accel_whoami
                0x08000758       0x18 obj\release\src\accel.o
                0x08000758                accel_whoami
 .text.initPin  0x08000770       0xd4 obj\release\src\gpio.o
                0x08000770                initPin
 .text.initPinAlternate
                0x08000844       0x28 obj\release\src\gpio.o
                0x08000844                initPinAlternate
 .text.startup.main
                0x0800086c       0x20 obj\release\src\main.o
                0x0800086c                main
 .text.spi3_recv_byte
                0x0800088c       0x1c obj\release\src\spi.o
                0x0800088c                spi3_recv_byte
 .text.spi3_transmit_word
                0x080008a8       0x2c obj\release\src\spi.o
                0x080008a8                spi3_transmit_word
 .text.spi3_init
                0x080008d4       0xf0 obj\release\src\spi.o
                0x080008d4                spi3_init
 .text          0x080009c4       0xe4 obj\release\src\startup_stm32f30x.o
                0x080009c4                Reset_Handler
                0x08000a0a                NMI_Handler
                0x08000a0c                HardFault_Handler
                0x08000a0e                MemManage_Handler
                0x08000a10                BusFault_Handler
                0x08000a12                UsageFault_Handler
                0x08000a14                SVC_Handler
                0x08000a16                DebugMon_Handler
                0x08000a18                PendSV_Handler
                0x08000a1a                SysTick_Handler
                0x08000a1c                WWDG_IRQHandler
                0x08000a1e                PVD_IRQHandler
                0x08000a20                TAMPER_STAMP_IRQHandler
                0x08000a22                RTC_WKUP_IRQHandler
                0x08000a24                FLASH_IRQHandler
                0x08000a26                RCC_IRQHandler
                0x08000a28                EXTI0_IRQHandler
                0x08000a2a                EXTI1_IRQHandler
                0x08000a2c                EXTI2_TS_IRQHandler
                0x08000a2e                EXTI3_IRQHandler
                0x08000a30                EXTI4_IRQHandler
                0x08000a32                DMA1_Channel1_IRQHandler
                0x08000a34                DMA1_Channel2_IRQHandler
                0x08000a36                DMA1_Channel3_IRQHandler
                0x08000a38                DMA1_Channel4_IRQHandler
                0x08000a3a                DMA1_Channel5_IRQHandler
                0x08000a3c                DMA1_Channel6_IRQHandler
                0x08000a3e                DMA1_Channel7_IRQHandler
                0x08000a40                ADC1_2_IRQHandler
                0x08000a42                USB_HP_CAN1_TX_IRQHandler
                0x08000a44                USB_LP_CAN1_RX0_IRQHandler
                0x08000a46                CAN1_RX1_IRQHandler
                0x08000a48                CAN1_SCE_IRQHandler
                0x08000a4a                EXTI9_5_IRQHandler
                0x08000a4c                TIM1_BRK_TIM15_IRQHandler
                0x08000a4e                TIM1_UP_TIM16_IRQHandler
                0x08000a50                TIM1_TRG_COM_TIM17_IRQHandler
                0x08000a52                TIM1_CC_IRQHandler
                0x08000a54                TIM2_IRQHandler
                0x08000a56                TIM3_IRQHandler
                0x08000a58                TIM4_IRQHandler
                0x08000a5a                I2C1_EV_IRQHandler
                0x08000a5c                I2C1_ER_IRQHandler
                0x08000a5e                I2C2_EV_IRQHandler
                0x08000a60                I2C2_ER_IRQHandler
                0x08000a62                SPI1_IRQHandler
                0x08000a64                SPI2_IRQHandler
                0x08000a66                USART1_IRQHandler
                0x08000a68                USART2_IRQHandler
                0x08000a6a                USART3_IRQHandler
                0x08000a6c                EXTI15_10_IRQHandler
                0x08000a6e                RTC_Alarm_IRQHandler
                0x08000a70                USBWakeUp_IRQHandler
                0x08000a72                TIM8_BRK_IRQHandler
                0x08000a74                TIM8_UP_IRQHandler
                0x08000a76                TIM8_TRG_COM_IRQHandler
                0x08000a78                TIM8_CC_IRQHandler
                0x08000a7a                ADC3_IRQHandler
                0x08000a7c                SPI3_IRQHandler
                0x08000a7e                UART4_IRQHandler
                0x08000a80                UART5_IRQHandler
                0x08000a82                TIM6_DAC_IRQHandler
                0x08000a84                TIM7_IRQHandler
                0x08000a86                DMA2_Channel1_IRQHandler
                0x08000a88                DMA2_Channel2_IRQHandler
                0x08000a8a                DMA2_Channel3_IRQHandler
                0x08000a8c                DMA2_Channel4_IRQHandler
                0x08000a8e                DMA2_Channel5_IRQHandler
                0x08000a90                ADC4_IRQHandler
                0x08000a92                COMP1_2_3_IRQHandler
                0x08000a94                COMP4_5_6_IRQHandler
                0x08000a96                COMP7_IRQHandler
                0x08000a98                USB_HP_IRQHandler
                0x08000a9a                USB_LP_IRQHandler
                0x08000a9c                USBWakeUp_RMP_IRQHandler
                0x08000a9e                FPU_IRQHandler
 .text.SystemInit
                0x08000aa8       0xb4 obj\release\src\system_stm32f30x.o
                0x08000aa8                SystemInit
 .text.exit     0x08000b5c       0x28 e:/1.11/share/em_armgcc/bin/../lib/gcc/arm-none-eabi/5.4.1/../../../../arm-none-eabi/lib/armv7e-m\libg_n.a(lib_a-exit.o)
                0x08000b5c                exit
 .text.__libc_init_array
                0x08000b84       0x4c e:/1.11/share/em_armgcc/bin/../lib/gcc/arm-none-eabi/5.4.1/../../../../arm-none-eabi/lib/armv7e-m\libg_n.a(lib_a-init.o)
                0x08000b84                __libc_init_array
 .text.memset   0x08000bd0       0x10 e:/1.11/share/em_armgcc/bin/../lib/gcc/arm-none-eabi/5.4.1/../../../../arm-none-eabi/lib/armv7e-m\libg_n.a(lib_a-memset.o)
                0x08000bd0                memset
 .text.printf   0x08000be0       0x30 e:/1.11/share/em_armgcc/bin/../lib/gcc/arm-none-eabi/5.4.1/../../../../arm-none-eabi/lib/armv7e-m\libg_n.a(lib_a-printf.o)
                0x08000be0                iprintf
                0x08000be0                printf
 .text.setbuf   0x08000c10       0x10 e:/1.11/share/em_armgcc/bin/../lib/gcc/arm-none-eabi/5.4.1/../../../../arm-none-eabi/lib/armv7e-m\libg_n.a(lib_a-setbuf.o)
                0x08000c10                setbuf
 .text.setvbuf  0x08000c20      0x154 e:/1.11/share/em_armgcc/bin/../lib/gcc/arm-none-eabi/5.4.1/../../../../arm-none-eabi/lib/armv7e-m\libg_n.a(lib_a-setvbuf.o)
                0x08000c20                setvbuf
 .text.__sflush_r
                0x08000d74      0x110 e:/1.11/share/em_armgcc/bin/../lib/gcc/arm-none-eabi/5.4.1/../../../../arm-none-eabi/lib/armv7e-m\libg_n.a(lib_a-fflush.o)
                0x08000d74                __sflush_r
 .text._fflush_r
                0x08000e84       0x54 e:/1.11/share/em_armgcc/bin/../lib/gcc/arm-none-eabi/5.4.1/../../../../arm-none-eabi/lib/armv7e-m\libg_n.a(lib_a-fflush.o)
                0x08000e84                _fflush_r
 .text._cleanup_r
                0x08000ed8        0xc e:/1.11/share/em_armgcc/bin/../lib/gcc/arm-none-eabi/5.4.1/../../../../arm-none-eabi/lib/armv7e-m\libg_n.a(lib_a-findfp.o)
                0x08000ed8                _cleanup_r
 .text.std.isra.0
                0x08000ee4       0x48 e:/1.11/share/em_armgcc/bin/../lib/gcc/arm-none-eabi/5.4.1/../../../../arm-none-eabi/lib/armv7e-m\libg_n.a(lib_a-findfp.o)
 .text.__sfmoreglue
                0x08000f2c       0x2c e:/1.11/share/em_armgcc/bin/../lib/gcc/arm-none-eabi/5.4.1/../../../../arm-none-eabi/lib/armv7e-m\libg_n.a(lib_a-findfp.o)
                0x08000f2c                __sfmoreglue
 .text.__sinit  0x08000f58       0x60 e:/1.11/share/em_armgcc/bin/../lib/gcc/arm-none-eabi/5.4.1/../../../../arm-none-eabi/lib/armv7e-m\libg_n.a(lib_a-findfp.o)
                0x08000f58                __sinit
 .text.__sfp    0x08000fb8       0x78 e:/1.11/share/em_armgcc/bin/../lib/gcc/arm-none-eabi/5.4.1/../../../../arm-none-eabi/lib/armv7e-m\libg_n.a(lib_a-findfp.o)
                0x08000fb8                __sfp
 .text._fwalk_reent
                0x08001030       0x3c e:/1.11/share/em_armgcc/bin/../lib/gcc/arm-none-eabi/5.4.1/../../../../arm-none-eabi/lib/armv7e-m\libg_n.a(lib_a-fwalk.o)
                0x08001030                _fwalk_reent
 .text.__swhatbuf_r
                0x0800106c       0x46 e:/1.11/share/em_armgcc/bin/../lib/gcc/arm-none-eabi/5.4.1/../../../../arm-none-eabi/lib/armv7e-m\libg_n.a(lib_a-makebuf.o)
                0x0800106c                __swhatbuf_r
 *fill*         0x080010b2        0x2 
 .text.__smakebuf_r
                0x080010b4       0x78 e:/1.11/share/em_armgcc/bin/../lib/gcc/arm-none-eabi/5.4.1/../../../../arm-none-eabi/lib/armv7e-m\libg_n.a(lib_a-makebuf.o)
                0x080010b4                __smakebuf_r
 .text.malloc   0x0800112c       0x10 e:/1.11/share/em_armgcc/bin/../lib/gcc/arm-none-eabi/5.4.1/../../../../arm-none-eabi/lib/armv7e-m\libg_n.a(lib_a-malloc.o)
                0x0800112c                malloc
 .text._free_r  0x0800113c       0x9c e:/1.11/share/em_armgcc/bin/../lib/gcc/arm-none-eabi/5.4.1/../../../../arm-none-eabi/lib/armv7e-m\libg_n.a(lib_a-nano-freer.o)
                0x0800113c                _free_r
 .text._malloc_r
                0x080011d8       0xbc e:/1.11/share/em_armgcc/bin/../lib/gcc/arm-none-eabi/5.4.1/../../../../arm-none-eabi/lib/armv7e-m\libg_n.a(lib_a-nano-mallocr.o)
                0x080011d8                _malloc_r
 .text.__sfputc_r
                0x08001294       0x2c e:/1.11/share/em_armgcc/bin/../lib/gcc/arm-none-eabi/5.4.1/../../../../arm-none-eabi/lib/armv7e-m\libg_n.a(lib_a-nano-vfprintf.o)
 .text.__sfputs_r
                0x080012c0       0x24 e:/1.11/share/em_armgcc/bin/../lib/gcc/arm-none-eabi/5.4.1/../../../../arm-none-eabi/lib/armv7e-m\libg_n.a(lib_a-nano-vfprintf.o)
                0x080012c0                __sfputs_r
 .text._vfprintf_r
                0x080012e4      0x238 e:/1.11/share/em_armgcc/bin/../lib/gcc/arm-none-eabi/5.4.1/../../../../arm-none-eabi/lib/armv7e-m\libg_n.a(lib_a-nano-vfprintf.o)
                0x080012e4                _vfprintf_r
                0x080012e4                _vfiprintf_r
 .text._printf_common
                0x0800151c       0xec e:/1.11/share/em_armgcc/bin/../lib/gcc/arm-none-eabi/5.4.1/../../../../arm-none-eabi/lib/armv7e-m\libg_n.a(lib_a-nano-vfprintf_i.o)
                0x0800151c                _printf_common
 .text._printf_i
                0x08001608      0x24c e:/1.11/share/em_armgcc/bin/../lib/gcc/arm-none-eabi/5.4.1/../../../../arm-none-eabi/lib/armv7e-m\libg_n.a(lib_a-nano-vfprintf_i.o)
                0x08001608                _printf_i
 .text._sbrk_r  0x08001854       0x20 e:/1.11/share/em_armgcc/bin/../lib/gcc/arm-none-eabi/5.4.1/../../../../arm-none-eabi/lib/armv7e-m\libg_n.a(lib_a-sbrkr.o)
                0x08001854                _sbrk_r
 .text.__sread  0x08001874       0x22 e:/1.11/share/em_armgcc/bin/../lib/gcc/arm-none-eabi/5.4.1/../../../../arm-none-eabi/lib/armv7e-m\libg_n.a(lib_a-stdio.o)
                0x08001874                __sread
 .text.__swrite
                0x08001896       0x38 e:/1.11/share/em_armgcc/bin/../lib/gcc/arm-none-eabi/5.4.1/../../../../arm-none-eabi/lib/armv7e-m\libg_n.a(lib_a-stdio.o)
                0x08001896                __swrite
 .text.__sseek  0x080018ce       0x24 e:/1.11/share/em_armgcc/bin/../lib/gcc/arm-none-eabi/5.4.1/../../../../arm-none-eabi/lib/armv7e-m\libg_n.a(lib_a-stdio.o)
                0x080018ce                __sseek
 .text.__sclose
                0x080018f2        0x8 e:/1.11/share/em_armgcc/bin/../lib/gcc/arm-none-eabi/5.4.1/../../../../arm-none-eabi/lib/armv7e-m\libg_n.a(lib_a-stdio.o)
                0x080018f2                __sclose
 *fill*         0x080018fa        0x2 
 .text.__swbuf_r
                0x080018fc       0xa8 e:/1.11/share/em_armgcc/bin/../lib/gcc/arm-none-eabi/5.4.1/../../../../arm-none-eabi/lib/armv7e-m\libg_n.a(lib_a-wbuf.o)
                0x080018fc                __swbuf_r
 .text.__swsetup_r
                0x080019a4       0xdc e:/1.11/share/em_armgcc/bin/../lib/gcc/arm-none-eabi/5.4.1/../../../../arm-none-eabi/lib/armv7e-m\libg_n.a(lib_a-wsetup.o)
                0x080019a4                __swsetup_r
 .text._close_r
                0x08001a80       0x20 e:/1.11/share/em_armgcc/bin/../lib/gcc/arm-none-eabi/5.4.1/../../../../arm-none-eabi/lib/armv7e-m\libg_n.a(lib_a-closer.o)
                0x08001a80                _close_r
 .text._fstat_r
                0x08001aa0       0x24 e:/1.11/share/em_armgcc/bin/../lib/gcc/arm-none-eabi/5.4.1/../../../../arm-none-eabi/lib/armv7e-m\libg_n.a(lib_a-fstatr.o)
                0x08001aa0                _fstat_r
 .text._isatty_r
                0x08001ac4       0x20 e:/1.11/share/em_armgcc/bin/../lib/gcc/arm-none-eabi/5.4.1/../../../../arm-none-eabi/lib/armv7e-m\libg_n.a(lib_a-isattyr.o)
                0x08001ac4                _isatty_r
 .text._lseek_r
                0x08001ae4       0x24 e:/1.11/share/em_armgcc/bin/../lib/gcc/arm-none-eabi/5.4.1/../../../../arm-none-eabi/lib/armv7e-m\libg_n.a(lib_a-lseekr.o)
                0x08001ae4                _lseek_r
 *fill*         0x08001b08        0x8 
 .text          0x08001b10       0xa0 e:/1.11/share/em_armgcc/bin/../lib/gcc/arm-none-eabi/5.4.1/../../../../arm-none-eabi/lib/armv7e-m\libg_n.a(lib_a-memchr.o)
                0x08001b10                memchr
 .text.__malloc_lock
                0x08001bb0        0x2 e:/1.11/share/em_armgcc/bin/../lib/gcc/arm-none-eabi/5.4.1/../../../../arm-none-eabi/lib/armv7e-m\libg_n.a(lib_a-mlock.o)
                0x08001bb0                __malloc_lock
 .text.__malloc_unlock
                0x08001bb2        0x2 e:/1.11/share/em_armgcc/bin/../lib/gcc/arm-none-eabi/5.4.1/../../../../arm-none-eabi/lib/armv7e-m\libg_n.a(lib_a-mlock.o)
                0x08001bb2                __malloc_unlock
 .text._read_r  0x08001bb4       0x24 e:/1.11/share/em_armgcc/bin/../lib/gcc/arm-none-eabi/5.4.1/../../../../arm-none-eabi/lib/armv7e-m\libg_n.a(lib_a-readr.o)
                0x08001bb4                _read_r
 .text._close   0x08001bd8       0x10 e:/1.11/share/em_armgcc/bin/../lib/gcc/arm-none-eabi/5.4.1/../../../../arm-none-eabi/lib/armv7e-m\libnosys_s.a(close.o)
                0x08001bd8                _close
 .text._fstat   0x08001be8       0x10 e:/1.11/share/em_armgcc/bin/../lib/gcc/arm-none-eabi/5.4.1/../../../../arm-none-eabi/lib/armv7e-m\libnosys_s.a(fstat.o)
                0x08001be8                _fstat
 .text._isatty  0x08001bf8       0x10 e:/1.11/share/em_armgcc/bin/../lib/gcc/arm-none-eabi/5.4.1/../../../../arm-none-eabi/lib/armv7e-m\libnosys_s.a(isatty.o)
                0x08001bf8                _isatty
 .text._lseek   0x08001c08       0x10 e:/1.11/share/em_armgcc/bin/../lib/gcc/arm-none-eabi/5.4.1/../../../../arm-none-eabi/lib/armv7e-m\libnosys_s.a(lseek.o)
                0x08001c08                _lseek
 .text._read    0x08001c18       0x10 e:/1.11/share/em_armgcc/bin/../lib/gcc/arm-none-eabi/5.4.1/../../../../arm-none-eabi/lib/armv7e-m\libnosys_s.a(read.o)
                0x08001c18                _read
 .text._sbrk    0x08001c28       0x1c e:/1.11/share/em_armgcc/bin/../lib/gcc/arm-none-eabi/5.4.1/../../../../arm-none-eabi/lib/armv7e-m\libnosys_s.a(sbrk.o)
                0x08001c28                _sbrk
 .text._exit    0x08001c44        0x2 e:/1.11/share/em_armgcc/bin/../lib/gcc/arm-none-eabi/5.4.1/../../../../arm-none-eabi/lib/armv7e-m\libnosys_s.a(_exit.o)
                0x08001c44                _exit
 *(.init)
 *fill*         0x08001c46        0x2 
 .init          0x08001c48        0x4 e:/1.11/share/em_armgcc/bin/../lib/gcc/arm-none-eabi/5.4.1/armv7e-m/crti.o
                0x08001c48                _init
 .init          0x08001c4c        0x8 e:/1.11/share/em_armgcc/bin/../lib/gcc/arm-none-eabi/5.4.1/armv7e-m/crtn.o
 *(.fini)
 .fini          0x08001c54        0x4 e:/1.11/share/em_armgcc/bin/../lib/gcc/arm-none-eabi/5.4.1/armv7e-m/crti.o
                0x08001c54                _fini
 .fini          0x08001c58        0x8 e:/1.11/share/em_armgcc/bin/../lib/gcc/arm-none-eabi/5.4.1/armv7e-m/crtn.o
 *crtbegin.o(.ctors)
 *crtbegin?.o(.ctors)
 *(EXCLUDE_FILE(*crtend.o *crtend?.o) .ctors)
 *(SORT(.ctors.*))
 *(.ctors)
 *crtbegin.o(.dtors)
 *crtbegin?.o(.dtors)
 *(EXCLUDE_FILE(*crtend.o *crtend?.o) .dtors)
 *(SORT(.dtors.*))
 *(.dtors)
 *(.rodata*)
 .rodata.str1.4
                0x08001c60       0x48 obj\release\src\accel.o
                                 0x45 (size before relaxing)
 .rodata.str1.1
                0x08001ca8        0x2 e:/1.11/share/em_armgcc/bin/../lib/gcc/arm-none-eabi/5.4.1/../../../../arm-none-eabi/lib/armv7e-m\libg_n.a(lib_a-impure.o)
 *fill*         0x08001caa        0x2 
 .rodata._global_impure_ptr
                0x08001cac        0x4 e:/1.11/share/em_armgcc/bin/../lib/gcc/arm-none-eabi/5.4.1/../../../../arm-none-eabi/lib/armv7e-m\libg_n.a(lib_a-impure.o)
                0x08001cac                _global_impure_ptr
 .rodata.__sf_fake_stdin
                0x08001cb0       0x20 e:/1.11/share/em_armgcc/bin/../lib/gcc/arm-none-eabi/5.4.1/../../../../arm-none-eabi/lib/armv7e-m\libg_n.a(lib_a-findfp.o)
                0x08001cb0                __sf_fake_stdin
 .rodata.__sf_fake_stdout
                0x08001cd0       0x20 e:/1.11/share/em_armgcc/bin/../lib/gcc/arm-none-eabi/5.4.1/../../../../arm-none-eabi/lib/armv7e-m\libg_n.a(lib_a-findfp.o)
                0x08001cd0                __sf_fake_stdout
 .rodata.__sf_fake_stderr
                0x08001cf0       0x20 e:/1.11/share/em_armgcc/bin/../lib/gcc/arm-none-eabi/5.4.1/../../../../arm-none-eabi/lib/armv7e-m\libg_n.a(lib_a-findfp.o)
                0x08001cf0                __sf_fake_stderr
 .rodata.str1.1
                0x08001d10       0x11 e:/1.11/share/em_armgcc/bin/../lib/gcc/arm-none-eabi/5.4.1/../../../../arm-none-eabi/lib/armv7e-m\libg_n.a(lib_a-nano-vfprintf.o)
 .rodata.str1.1
                0x08001d21       0x22 e:/1.11/share/em_armgcc/bin/../lib/gcc/arm-none-eabi/5.4.1/../../../../arm-none-eabi/lib/armv7e-m\libg_n.a(lib_a-nano-vfprintf_i.o)
 *(.eh_frame*)
 *fill*         0x08001d43        0x1 
 .eh_frame      0x08001d44        0x0 e:/1.11/share/em_armgcc/bin/../lib/gcc/arm-none-eabi/5.4.1/armv7e-m/crtbegin.o
 .eh_frame      0x08001d44        0x4 e:/1.11/share/em_armgcc/bin/../lib/gcc/arm-none-eabi/5.4.1/armv7e-m/crtend.o

.glue_7         0x08001d48        0x0
 .glue_7        0x08001d48        0x0 linker stubs

.glue_7t        0x08001d48        0x0
 .glue_7t       0x08001d48        0x0 linker stubs

.vfp11_veneer   0x08001d48        0x0
 .vfp11_veneer  0x08001d48        0x0 linker stubs

.v4_bx          0x08001d48        0x0
 .v4_bx         0x08001d48        0x0 linker stubs

.iplt           0x08001d48        0x0
 .iplt          0x08001d48        0x0 e:/1.11/share/em_armgcc/bin/../lib/gcc/arm-none-eabi/5.4.1/armv7e-m/crtbegin.o

.ARM.extab
 *(.ARM.extab* .gnu.linkonce.armextab.*)
                0x08001d48                __exidx_start = .

.ARM.exidx      0x08001d48        0x8
 *(.ARM.exidx* .gnu.linkonce.armexidx.*)
 .ARM.exidx     0x08001d48        0x8 e:/1.11/share/em_armgcc/bin/../lib/gcc/arm-none-eabi/5.4.1/../../../../arm-none-eabi/lib/armv7e-m/crt0.o
                0x08001d50                __exidx_end = .
                0x08001d50                __etext = .

.rel.dyn        0x08001d50        0x0
 .rel.iplt      0x08001d50        0x0 e:/1.11/share/em_armgcc/bin/../lib/gcc/arm-none-eabi/5.4.1/armv7e-m/crtbegin.o

.data           0x20000000       0x98 load address 0x08001d50
                0x20000000                __data_start__ = .
 *(vtable)
 *(.data*)
 .data.ADCPrescTable
                0x20000000       0x1a obj\release\spl\src\stm32f30x_rcc.o
 *fill*         0x2000001a        0x2 
 .data.APBAHBPrescTable
                0x2000001c       0x10 obj\release\spl\src\stm32f30x_rcc.o
 .data.impure_data
                0x2000002c       0x60 e:/1.11/share/em_armgcc/bin/../lib/gcc/arm-none-eabi/5.4.1/../../../../arm-none-eabi/lib/armv7e-m\libg_n.a(lib_a-impure.o)
 .data._impure_ptr
                0x2000008c        0x4 e:/1.11/share/em_armgcc/bin/../lib/gcc/arm-none-eabi/5.4.1/../../../../arm-none-eabi/lib/armv7e-m\libg_n.a(lib_a-impure.o)
                0x2000008c                _impure_ptr
                0x20000090                . = ALIGN (0x4)
                0x20000090                PROVIDE (__preinit_array_start, .)
 *(.preinit_array)
                0x20000090                PROVIDE (__preinit_array_end, .)
                0x20000090                . = ALIGN (0x4)
                0x20000090                PROVIDE (__init_array_start, .)
 *(SORT(.init_array.*))
 *(.init_array)
 .init_array    0x20000090        0x4 e:/1.11/share/em_armgcc/bin/../lib/gcc/arm-none-eabi/5.4.1/armv7e-m/crtbegin.o
                0x20000094                PROVIDE (__init_array_end, .)
                0x20000094                . = ALIGN (0x4)
                [!provide]                PROVIDE (__fini_array_start, .)
 *(SORT(.fini_array.*))
 *(.fini_array)
 .fini_array    0x20000094        0x4 e:/1.11/share/em_armgcc/bin/../lib/gcc/arm-none-eabi/5.4.1/armv7e-m/crtbegin.o
                [!provide]                PROVIDE (__fini_array_end, .)
                0x20000098                . = ALIGN (0x4)
                0x20000098                __data_end__ = .

.jcr            0x20000098        0x0 load address 0x08001de8
 .jcr           0x20000098        0x0 e:/1.11/share/em_armgcc/bin/../lib/gcc/arm-none-eabi/5.4.1/armv7e-m/crtbegin.o

.igot.plt       0x20000098        0x0 load address 0x08001de8
 .igot.plt      0x20000098        0x0 e:/1.11/share/em_armgcc/bin/../lib/gcc/arm-none-eabi/5.4.1/armv7e-m/crtbegin.o

.bss            0x20000098       0x2c load address 0x08001de8
                0x20000098                __bss_start__ = .
 *(.bss*)
 .bss           0x20000098       0x1c e:/1.11/share/em_armgcc/bin/../lib/gcc/arm-none-eabi/5.4.1/armv7e-m/crtbegin.o
 .bss.__malloc_sbrk_start
                0x200000b4        0x4 e:/1.11/share/em_armgcc/bin/../lib/gcc/arm-none-eabi/5.4.1/../../../../arm-none-eabi/lib/armv7e-m\libg_n.a(lib_a-nano-mallocr.o)
                0x200000b4                __malloc_sbrk_start
 .bss.__malloc_free_list
                0x200000b8        0x4 e:/1.11/share/em_armgcc/bin/../lib/gcc/arm-none-eabi/5.4.1/../../../../arm-none-eabi/lib/armv7e-m\libg_n.a(lib_a-nano-mallocr.o)
                0x200000b8                __malloc_free_list
 .bss.heap_end.4167
                0x200000bc        0x4 e:/1.11/share/em_armgcc/bin/../lib/gcc/arm-none-eabi/5.4.1/../../../../arm-none-eabi/lib/armv7e-m\libnosys_s.a(sbrk.o)
 *(COMMON)
 COMMON         0x200000c0        0x4 e:/1.11/share/em_armgcc/bin/../lib/gcc/arm-none-eabi/5.4.1/../../../../arm-none-eabi/lib/armv7e-m\libg_n.a(lib_a-reent.o)
                0x200000c0                errno
                0x200000c4                __bss_end__ = .

.heap           0x200000c8        0x0
                0x200000c8                __end__ = .
                0x200000c8                end = __end__
 *(.heap*)
 .heap          0x200000c8        0x0 obj\release\src\startup_stm32f30x.o
                0x200000c8                __HeapLimit = .

.stack_dummy    0x200000c8      0x100
 *(.stack)
 .stack         0x200000c8      0x100 obj\release\src\startup_stm32f30x.o
                0x20004000                __StackTop = (ORIGIN (RAM) + LENGTH (RAM))
                0x20003f00                __StackLimit = (__StackTop - SIZEOF (.stack_dummy))
                0x20004000                PROVIDE (__stack, __StackTop)
                0x00000001                ASSERT ((__StackLimit >= __HeapLimit), region RAM overflowed with stack)
LOAD obj\release\spl\src\stm32f30x_adc.o
LOAD obj\release\spl\src\stm32f30x_can.o
LOAD obj\release\spl\src\stm32f30x_comp.o
LOAD obj\release\spl\src\stm32f30x_crc.o
LOAD obj\release\spl\src\stm32f30x_dac.o
LOAD obj\release\spl\src\stm32f30x_dbgmcu.o
LOAD obj\release\spl\src\stm32f30x_dma.o
LOAD obj\release\spl\src\stm32f30x_exti.o
LOAD obj\release\spl\src\stm32f30x_flash.o
LOAD obj\release\spl\src\stm32f30x_gpio.o
LOAD obj\release\spl\src\stm32f30x_i2c.o
LOAD obj\release\spl\src\stm32f30x_iwdg.o
LOAD obj\release\spl\src\stm32f30x_misc.o
LOAD obj\release\spl\src\stm32f30x_opamp.o
LOAD obj\release\spl\src\stm32f30x_pwr.o
LOAD obj\release\spl\src\stm32f30x_rcc.o
LOAD obj\release\spl\src\stm32f30x_rtc.o
LOAD obj\release\spl\src\stm32f30x_spi.o
LOAD obj\release\spl\src\stm32f30x_syscfg.o
LOAD obj\release\spl\src\stm32f30x_tim.o
LOAD obj\release\spl\src\stm32f30x_usart.o
LOAD obj\release\spl\src\stm32f30x_wwdg.o
LOAD obj\release\src\30021_io.o
LOAD obj\release\src\accel.o
LOAD obj\release\src\gpio.o
LOAD obj\release\src\mag.o
LOAD obj\release\src\main.o
LOAD obj\release\src\spi.o
LOAD obj\release\src\startup_stm32f30x.o
LOAD obj\release\src\system_stm32f30x.o
START GROUP
LOAD e:/1.11/share/em_armgcc/bin/../lib/gcc/arm-none-eabi/5.4.1/armv7e-m\libgcc.a
LOAD e:/1.11/share/em_armgcc/bin/../lib/gcc/arm-none-eabi/5.4.1/../../../../arm-none-eabi/lib/armv7e-m\libg_n.a
LOAD e:/1.11/share/em_armgcc/bin/../lib/gcc/arm-none-eabi/5.4.1/../../../../arm-none-eabi/lib/armv7e-m\libc_n.a
END GROUP
START GROUP
LOAD e:/1.11/share/em_armgcc/bin/../lib/gcc/arm-none-eabi/5.4.1/armv7e-m\libgcc.a
LOAD e:/1.11/share/em_armgcc/bin/../lib/gcc/arm-none-eabi/5.4.1/../../../../arm-none-eabi/lib/armv7e-m\libc_n.a
LOAD e:/1.11/share/em_armgcc/bin/../lib/gcc/arm-none-eabi/5.4.1/../../../../arm-none-eabi/lib/armv7e-m\libnosys_s.a
END GROUP
LOAD e:/1.11/share/em_armgcc/bin/../lib/gcc/arm-none-eabi/5.4.1/armv7e-m/crtend.o
LOAD e:/1.11/share/em_armgcc/bin/../lib/gcc/arm-none-eabi/5.4.1/armv7e-m/crtn.o
OUTPUT(bin\Release\Acc_Mag.elf elf32-littlearm)

.ARM.attributes
                0x00000000       0x2a
 .ARM.attributes
                0x00000000       0x1e e:/1.11/share/em_armgcc/bin/../lib/gcc/arm-none-eabi/5.4.1/armv7e-m/crti.o
 .ARM.attributes
                0x0000001e       0x2e e:/1.11/share/em_armgcc/bin/../lib/gcc/arm-none-eabi/5.4.1/armv7e-m/crtbegin.o
 .ARM.attributes
                0x0000004c       0x1c e:/1.11/share/em_armgcc/bin/../lib/gcc/arm-none-eabi/5.4.1/../../../../arm-none-eabi/lib/armv7e-m/crt0.o
 .ARM.attributes
                0x00000068       0x33 obj\release\spl\src\stm32f30x_gpio.o
 .ARM.attributes
                0x0000009b       0x33 obj\release\spl\src\stm32f30x_rcc.o
 .ARM.attributes
                0x000000ce       0x33 obj\release\spl\src\stm32f30x_spi.o
 .ARM.attributes
                0x00000101       0x33 obj\release\spl\src\stm32f30x_usart.o
 .ARM.attributes
                0x00000134       0x33 obj\release\src\30021_io.o
 .ARM.attributes
                0x00000167       0x33 obj\release\src\accel.o
 .ARM.attributes
                0x0000019a       0x33 obj\release\src\gpio.o
 .ARM.attributes
                0x000001cd       0x33 obj\release\src\main.o
 .ARM.attributes
                0x00000200       0x33 obj\release\src\spi.o
 .ARM.attributes
                0x00000233       0x1b obj\release\src\startup_stm32f30x.o
 .ARM.attributes
                0x0000024e       0x33 obj\release\src\system_stm32f30x.o
 .ARM.attributes
                0x00000281       0x2e e:/1.11/share/em_armgcc/bin/../lib/gcc/arm-none-eabi/5.4.1/../../../../arm-none-eabi/lib/armv7e-m\libg_n.a(lib_a-exit.o)
 .ARM.attributes
                0x000002af       0x2e e:/1.11/share/em_armgcc/bin/../lib/gcc/arm-none-eabi/5.4.1/../../../../arm-none-eabi/lib/armv7e-m\libg_n.a(lib_a-impure.o)
 .ARM.attributes
                0x000002dd       0x2e e:/1.11/share/em_armgcc/bin/../lib/gcc/arm-none-eabi/5.4.1/../../../../arm-none-eabi/lib/armv7e-m\libg_n.a(lib_a-init.o)
 .ARM.attributes
                0x0000030b       0x2e e:/1.11/share/em_armgcc/bin/../lib/gcc/arm-none-eabi/5.4.1/../../../../arm-none-eabi/lib/armv7e-m\libg_n.a(lib_a-memset.o)
 .ARM.attributes
                0x00000339       0x2e e:/1.11/share/em_armgcc/bin/../lib/gcc/arm-none-eabi/5.4.1/../../../../arm-none-eabi/lib/armv7e-m\libg_n.a(lib_a-printf.o)
 .ARM.attributes
                0x00000367       0x2e e:/1.11/share/em_armgcc/bin/../lib/gcc/arm-none-eabi/5.4.1/../../../../arm-none-eabi/lib/armv7e-m\libg_n.a(lib_a-setbuf.o)
 .ARM.attributes
                0x00000395       0x2e e:/1.11/share/em_armgcc/bin/../lib/gcc/arm-none-eabi/5.4.1/../../../../arm-none-eabi/lib/armv7e-m\libg_n.a(lib_a-setvbuf.o)
 .ARM.attributes
                0x000003c3       0x2e e:/1.11/share/em_armgcc/bin/../lib/gcc/arm-none-eabi/5.4.1/../../../../arm-none-eabi/lib/armv7e-m\libg_n.a(lib_a-fflush.o)
 .ARM.attributes
                0x000003f1       0x2e e:/1.11/share/em_armgcc/bin/../lib/gcc/arm-none-eabi/5.4.1/../../../../arm-none-eabi/lib/armv7e-m\libg_n.a(lib_a-findfp.o)
 .ARM.attributes
                0x0000041f       0x2e e:/1.11/share/em_armgcc/bin/../lib/gcc/arm-none-eabi/5.4.1/../../../../arm-none-eabi/lib/armv7e-m\libg_n.a(lib_a-fwalk.o)
 .ARM.attributes
                0x0000044d       0x2e e:/1.11/share/em_armgcc/bin/../lib/gcc/arm-none-eabi/5.4.1/../../../../arm-none-eabi/lib/armv7e-m\libg_n.a(lib_a-makebuf.o)
 .ARM.attributes
                0x0000047b       0x2e e:/1.11/share/em_armgcc/bin/../lib/gcc/arm-none-eabi/5.4.1/../../../../arm-none-eabi/lib/armv7e-m\libg_n.a(lib_a-malloc.o)
 .ARM.attributes
                0x000004a9       0x2e e:/1.11/share/em_armgcc/bin/../lib/gcc/arm-none-eabi/5.4.1/../../../../arm-none-eabi/lib/armv7e-m\libg_n.a(lib_a-nano-freer.o)
 .ARM.attributes
                0x000004d7       0x2e e:/1.11/share/em_armgcc/bin/../lib/gcc/arm-none-eabi/5.4.1/../../../../arm-none-eabi/lib/armv7e-m\libg_n.a(lib_a-nano-mallocr.o)
 .ARM.attributes
                0x00000505       0x2e e:/1.11/share/em_armgcc/bin/../lib/gcc/arm-none-eabi/5.4.1/../../../../arm-none-eabi/lib/armv7e-m\libg_n.a(lib_a-nano-vfprintf.o)
 .ARM.attributes
                0x00000533       0x2e e:/1.11/share/em_armgcc/bin/../lib/gcc/arm-none-eabi/5.4.1/../../../../arm-none-eabi/lib/armv7e-m\libg_n.a(lib_a-nano-vfprintf_i.o)
 .ARM.attributes
                0x00000561       0x2e e:/1.11/share/em_armgcc/bin/../lib/gcc/arm-none-eabi/5.4.1/../../../../arm-none-eabi/lib/armv7e-m\libg_n.a(lib_a-sbrkr.o)
 .ARM.attributes
                0x0000058f       0x2e e:/1.11/share/em_armgcc/bin/../lib/gcc/arm-none-eabi/5.4.1/../../../../arm-none-eabi/lib/armv7e-m\libg_n.a(lib_a-stdio.o)
 .ARM.attributes
                0x000005bd       0x2e e:/1.11/share/em_armgcc/bin/../lib/gcc/arm-none-eabi/5.4.1/../../../../arm-none-eabi/lib/armv7e-m\libg_n.a(lib_a-wbuf.o)
 .ARM.attributes
                0x000005eb       0x2e e:/1.11/share/em_armgcc/bin/../lib/gcc/arm-none-eabi/5.4.1/../../../../arm-none-eabi/lib/armv7e-m\libg_n.a(lib_a-wsetup.o)
 .ARM.attributes
                0x00000619       0x2e e:/1.11/share/em_armgcc/bin/../lib/gcc/arm-none-eabi/5.4.1/../../../../arm-none-eabi/lib/armv7e-m\libg_n.a(lib_a-closer.o)
 .ARM.attributes
                0x00000647       0x2e e:/1.11/share/em_armgcc/bin/../lib/gcc/arm-none-eabi/5.4.1/../../../../arm-none-eabi/lib/armv7e-m\libg_n.a(lib_a-fstatr.o)
 .ARM.attributes
                0x00000675       0x2e e:/1.11/share/em_armgcc/bin/../lib/gcc/arm-none-eabi/5.4.1/../../../../arm-none-eabi/lib/armv7e-m\libg_n.a(lib_a-isattyr.o)
 .ARM.attributes
                0x000006a3       0x2e e:/1.11/share/em_armgcc/bin/../lib/gcc/arm-none-eabi/5.4.1/../../../../arm-none-eabi/lib/armv7e-m\libg_n.a(lib_a-lseekr.o)
 .ARM.attributes
                0x000006d1       0x1c e:/1.11/share/em_armgcc/bin/../lib/gcc/arm-none-eabi/5.4.1/../../../../arm-none-eabi/lib/armv7e-m\libg_n.a(lib_a-memchr.o)
 .ARM.attributes
                0x000006ed       0x2e e:/1.11/share/em_armgcc/bin/../lib/gcc/arm-none-eabi/5.4.1/../../../../arm-none-eabi/lib/armv7e-m\libg_n.a(lib_a-mlock.o)
 .ARM.attributes
                0x0000071b       0x2e e:/1.11/share/em_armgcc/bin/../lib/gcc/arm-none-eabi/5.4.1/../../../../arm-none-eabi/lib/armv7e-m\libg_n.a(lib_a-readr.o)
 .ARM.attributes
                0x00000749       0x2e e:/1.11/share/em_armgcc/bin/../lib/gcc/arm-none-eabi/5.4.1/../../../../arm-none-eabi/lib/armv7e-m\libg_n.a(lib_a-reent.o)
 .ARM.attributes
                0x00000777       0x2e e:/1.11/share/em_armgcc/bin/../lib/gcc/arm-none-eabi/5.4.1/../../../../arm-none-eabi/lib/armv7e-m\libnosys_s.a(close.o)
 .ARM.attributes
                0x000007a5       0x2e e:/1.11/share/em_armgcc/bin/../lib/gcc/arm-none-eabi/5.4.1/../../../../arm-none-eabi/lib/armv7e-m\libnosys_s.a(fstat.o)
 .ARM.attributes
                0x000007d3       0x2e e:/1.11/share/em_armgcc/bin/../lib/gcc/arm-none-eabi/5.4.1/../../../../arm-none-eabi/lib/armv7e-m\libnosys_s.a(isatty.o)
 .ARM.attributes
                0x00000801       0x2e e:/1.11/share/em_armgcc/bin/../lib/gcc/arm-none-eabi/5.4.1/../../../../arm-none-eabi/lib/armv7e-m\libnosys_s.a(lseek.o)
 .ARM.attributes
                0x0000082f       0x2e e:/1.11/share/em_armgcc/bin/../lib/gcc/arm-none-eabi/5.4.1/../../../../arm-none-eabi/lib/armv7e-m\libnosys_s.a(read.o)
 .ARM.attributes
                0x0000085d       0x2e e:/1.11/share/em_armgcc/bin/../lib/gcc/arm-none-eabi/5.4.1/../../../../arm-none-eabi/lib/armv7e-m\libnosys_s.a(sbrk.o)
 .ARM.attributes
                0x0000088b       0x2e e:/1.11/share/em_armgcc/bin/../lib/gcc/arm-none-eabi/5.4.1/../../../../arm-none-eabi/lib/armv7e-m\libnosys_s.a(_exit.o)
 .ARM.attributes
                0x000008b9       0x2e e:/1.11/share/em_armgcc/bin/../lib/gcc/arm-none-eabi/5.4.1/armv7e-m/crtend.o
 .ARM.attributes
                0x000008e7       0x1e e:/1.11/share/em_armgcc/bin/../lib/gcc/arm-none-eabi/5.4.1/armv7e-m/crtn.o

.comment        0x00000000       0x6e
 .comment       0x00000000       0x6e obj\release\spl\src\stm32f30x_gpio.o
                                 0x6f (size before relaxing)
 .comment       0x0000006e       0x6f obj\release\spl\src\stm32f30x_rcc.o
 .comment       0x0000006e       0x6f obj\release\spl\src\stm32f30x_spi.o
 .comment       0x0000006e       0x6f obj\release\spl\src\stm32f30x_usart.o
 .comment       0x0000006e       0x6f obj\release\src\30021_io.o
 .comment       0x0000006e       0x6f obj\release\src\accel.o
 .comment       0x0000006e       0x6f obj\release\src\gpio.o
 .comment       0x0000006e       0x6f obj\release\src\main.o
 .comment       0x0000006e       0x6f obj\release\src\spi.o
 .comment       0x0000006e       0x6f obj\release\src\system_stm32f30x.o

.debug_info     0x00000000     0x5914
 .debug_info    0x00000000      0x756 obj\release\spl\src\stm32f30x_gpio.o
 .debug_info    0x00000756      0xb7c obj\release\spl\src\stm32f30x_rcc.o
 .debug_info    0x000012d2      0xc4c obj\release\spl\src\stm32f30x_spi.o
 .debug_info    0x00001f1e      0xfeb obj\release\spl\src\stm32f30x_usart.o
 .debug_info    0x00002f09     0x1278 obj\release\src\30021_io.o
 .debug_info    0x00004181      0x5ce obj\release\src\accel.o
 .debug_info    0x0000474f      0x5ce obj\release\src\gpio.o
 .debug_info    0x00004d1d      0x1cc obj\release\src\main.o
 .debug_info    0x00004ee9      0x54a obj\release\src\spi.o
 .debug_info    0x00005433       0x66 obj\release\src\startup_stm32f30x.o
 .debug_info    0x00005499      0x47b obj\release\src\system_stm32f30x.o

.debug_abbrev   0x00000000     0x116f
 .debug_abbrev  0x00000000      0x1e6 obj\release\spl\src\stm32f30x_gpio.o
 .debug_abbrev  0x000001e6      0x299 obj\release\spl\src\stm32f30x_rcc.o
 .debug_abbrev  0x0000047f      0x1d9 obj\release\spl\src\stm32f30x_spi.o
 .debug_abbrev  0x00000658      0x1ca obj\release\spl\src\stm32f30x_usart.o
 .debug_abbrev  0x00000822      0x2d7 obj\release\src\30021_io.o
 .debug_abbrev  0x00000af9      0x1b3 obj\release\src\accel.o
 .debug_abbrev  0x00000cac      0x149 obj\release\src\gpio.o
 .debug_abbrev  0x00000df5       0xfe obj\release\src\main.o
 .debug_abbrev  0x00000ef3      0x161 obj\release\src\spi.o
 .debug_abbrev  0x00001054       0x14 obj\release\src\startup_stm32f30x.o
 .debug_abbrev  0x00001068      0x107 obj\release\src\system_stm32f30x.o

.debug_loc      0x00000000     0x2902
 .debug_loc     0x00000000      0x32b obj\release\spl\src\stm32f30x_gpio.o
 .debug_loc     0x0000032b      0xb6f obj\release\spl\src\stm32f30x_rcc.o
 .debug_loc     0x00000e9a      0x6af obj\release\spl\src\stm32f30x_spi.o
 .debug_loc     0x00001549      0x94c obj\release\spl\src\stm32f30x_usart.o
 .debug_loc     0x00001e95      0x38b obj\release\src\30021_io.o
 .debug_loc     0x00002220      0x127 obj\release\src\accel.o
 .debug_loc     0x00002347      0x420 obj\release\src\gpio.o
 .debug_loc     0x00002767       0x34 obj\release\src\main.o
 .debug_loc     0x0000279b       0x5e obj\release\src\spi.o
 .debug_loc     0x000027f9      0x109 obj\release\src\system_stm32f30x.o

.debug_aranges  0x00000000      0x608
 .debug_aranges
                0x00000000       0x80 obj\release\spl\src\stm32f30x_gpio.o
 .debug_aranges
                0x00000080      0x150 obj\release\spl\src\stm32f30x_rcc.o
 .debug_aranges
                0x000001d0      0x118 obj\release\spl\src\stm32f30x_spi.o
 .debug_aranges
                0x000002e8      0x1a0 obj\release\spl\src\stm32f30x_usart.o
 .debug_aranges
                0x00000488       0x58 obj\release\src\30021_io.o
 .debug_aranges
                0x000004e0       0x48 obj\release\src\accel.o
 .debug_aranges
                0x00000528       0x48 obj\release\src\gpio.o
 .debug_aranges
                0x00000570       0x20 obj\release\src\main.o
 .debug_aranges
                0x00000590       0x30 obj\release\src\spi.o
 .debug_aranges
                0x000005c0       0x20 obj\release\src\startup_stm32f30x.o
 .debug_aranges
                0x000005e0       0x28 obj\release\src\system_stm32f30x.o

.debug_ranges   0x00000000      0x588
 .debug_ranges  0x00000000       0x70 obj\release\spl\src\stm32f30x_gpio.o
 .debug_ranges  0x00000070      0x160 obj\release\spl\src\stm32f30x_rcc.o
 .debug_ranges  0x000001d0      0x108 obj\release\spl\src\stm32f30x_spi.o
 .debug_ranges  0x000002d8      0x190 obj\release\spl\src\stm32f30x_usart.o
 .debug_ranges  0x00000468       0x48 obj\release\src\30021_io.o
 .debug_ranges  0x000004b0       0x38 obj\release\src\accel.o
 .debug_ranges  0x000004e8       0x38 obj\release\src\gpio.o
 .debug_ranges  0x00000520       0x10 obj\release\src\main.o
 .debug_ranges  0x00000530       0x20 obj\release\src\spi.o
 .debug_ranges  0x00000550       0x38 obj\release\src\system_stm32f30x.o

.debug_line     0x00000000     0x1c93
 .debug_line    0x00000000      0x27b obj\release\spl\src\stm32f30x_gpio.o
 .debug_line    0x0000027b      0x50a obj\release\spl\src\stm32f30x_rcc.o
 .debug_line    0x00000785      0x437 obj\release\spl\src\stm32f30x_spi.o
 .debug_line    0x00000bbc      0x5b1 obj\release\spl\src\stm32f30x_usart.o
 .debug_line    0x0000116d      0x355 obj\release\src\30021_io.o
 .debug_line    0x000014c2      0x19a obj\release\src\accel.o
 .debug_line    0x0000165c      0x1bd obj\release\src\gpio.o
 .debug_line    0x00001819      0x10a obj\release\src\main.o
 .debug_line    0x00001923      0x162 obj\release\src\spi.o
 .debug_line    0x00001a85       0xbb obj\release\src\startup_stm32f30x.o
 .debug_line    0x00001b40      0x153 obj\release\src\system_stm32f30x.o

.debug_str      0x00000000     0x1c51
 .debug_str     0x00000000      0x495 obj\release\spl\src\stm32f30x_gpio.o
                                0x4eb (size before relaxing)
 .debug_str     0x00000495      0x5fc obj\release\spl\src\stm32f30x_rcc.o
                                0x82a (size before relaxing)
 .debug_str     0x00000a91      0x48b obj\release\spl\src\stm32f30x_spi.o
                                0x83d (size before relaxing)
 .debug_str     0x00000f1c      0x6bd obj\release\spl\src\stm32f30x_usart.o
                                0xa75 (size before relaxing)
 .debug_str     0x000015d9      0x440 obj\release\src\30021_io.o
                                0x903 (size before relaxing)
 .debug_str     0x00001a19       0xa8 obj\release\src\accel.o
                                0x34e (size before relaxing)
 .debug_str     0x00001ac1       0xa0 obj\release\src\gpio.o
                                0x31d (size before relaxing)
 .debug_str     0x00001b61       0x1a obj\release\src\main.o
                                0x202 (size before relaxing)
 .debug_str     0x00001b7b        0xa obj\release\src\spi.o
                                0x365 (size before relaxing)
 .debug_str     0x00001b85       0xcc obj\release\src\system_stm32f30x.o
                                0x307 (size before relaxing)

.debug_frame    0x00000000     0x15a8
 .debug_frame   0x00000000      0x130 obj\release\spl\src\stm32f30x_gpio.o
 .debug_frame   0x00000130      0x298 obj\release\spl\src\stm32f30x_rcc.o
 .debug_frame   0x000003c8      0x278 obj\release\spl\src\stm32f30x_spi.o
 .debug_frame   0x00000640      0x394 obj\release\spl\src\stm32f30x_usart.o
 .debug_frame   0x000009d4       0xf4 obj\release\src\30021_io.o
 .debug_frame   0x00000ac8       0xbc obj\release\src\accel.o
 .debug_frame   0x00000b84       0xec obj\release\src\gpio.o
 .debug_frame   0x00000c70       0x28 obj\release\src\main.o
 .debug_frame   0x00000c98       0x60 obj\release\src\spi.o
 .debug_frame   0x00000cf8       0x3c obj\release\src\system_stm32f30x.o
 .debug_frame   0x00000d34       0x28 e:/1.11/share/em_armgcc/bin/../lib/gcc/arm-none-eabi/5.4.1/../../../../arm-none-eabi/lib/armv7e-m\libg_n.a(lib_a-exit.o)
 .debug_frame   0x00000d5c       0x2c e:/1.11/share/em_armgcc/bin/../lib/gcc/arm-none-eabi/5.4.1/../../../../arm-none-eabi/lib/armv7e-m\libg_n.a(lib_a-init.o)
 .debug_frame   0x00000d88       0x20 e:/1.11/share/em_armgcc/bin/../lib/gcc/arm-none-eabi/5.4.1/../../../../arm-none-eabi/lib/armv7e-m\libg_n.a(lib_a-memset.o)
 .debug_frame   0x00000da8       0x74 e:/1.11/share/em_armgcc/bin/../lib/gcc/arm-none-eabi/5.4.1/../../../../arm-none-eabi/lib/armv7e-m\libg_n.a(lib_a-printf.o)
 .debug_frame   0x00000e1c       0x20 e:/1.11/share/em_armgcc/bin/../lib/gcc/arm-none-eabi/5.4.1/../../../../arm-none-eabi/lib/armv7e-m\libg_n.a(lib_a-setbuf.o)
 .debug_frame   0x00000e3c       0x38 e:/1.11/share/em_armgcc/bin/../lib/gcc/arm-none-eabi/5.4.1/../../../../arm-none-eabi/lib/armv7e-m\libg_n.a(lib_a-setvbuf.o)
 .debug_frame   0x00000e74       0x68 e:/1.11/share/em_armgcc/bin/../lib/gcc/arm-none-eabi/5.4.1/../../../../arm-none-eabi/lib/armv7e-m\libg_n.a(lib_a-fflush.o)
 .debug_frame   0x00000edc      0x11c e:/1.11/share/em_armgcc/bin/../lib/gcc/arm-none-eabi/5.4.1/../../../../arm-none-eabi/lib/armv7e-m\libg_n.a(lib_a-findfp.o)
 .debug_frame   0x00000ff8       0x54 e:/1.11/share/em_armgcc/bin/../lib/gcc/arm-none-eabi/5.4.1/../../../../arm-none-eabi/lib/armv7e-m\libg_n.a(lib_a-fwalk.o)
 .debug_frame   0x0000104c       0x54 e:/1.11/share/em_armgcc/bin/../lib/gcc/arm-none-eabi/5.4.1/../../../../arm-none-eabi/lib/armv7e-m\libg_n.a(lib_a-makebuf.o)
 .debug_frame   0x000010a0       0x30 e:/1.11/share/em_armgcc/bin/../lib/gcc/arm-none-eabi/5.4.1/../../../../arm-none-eabi/lib/armv7e-m\libg_n.a(lib_a-malloc.o)
 .debug_frame   0x000010d0       0x38 e:/1.11/share/em_armgcc/bin/../lib/gcc/arm-none-eabi/5.4.1/../../../../arm-none-eabi/lib/armv7e-m\libg_n.a(lib_a-nano-freer.o)
 .debug_frame   0x00001108       0x2c e:/1.11/share/em_armgcc/bin/../lib/gcc/arm-none-eabi/5.4.1/../../../../arm-none-eabi/lib/armv7e-m\libg_n.a(lib_a-nano-mallocr.o)
 .debug_frame   0x00001134       0xac e:/1.11/share/em_armgcc/bin/../lib/gcc/arm-none-eabi/5.4.1/../../../../arm-none-eabi/lib/armv7e-m\libg_n.a(lib_a-nano-vfprintf.o)
 .debug_frame   0x000011e0       0x60 e:/1.11/share/em_armgcc/bin/../lib/gcc/arm-none-eabi/5.4.1/../../../../arm-none-eabi/lib/armv7e-m\libg_n.a(lib_a-nano-vfprintf_i.o)
 .debug_frame   0x00001240       0x2c e:/1.11/share/em_armgcc/bin/../lib/gcc/arm-none-eabi/5.4.1/../../../../arm-none-eabi/lib/armv7e-m\libg_n.a(lib_a-sbrkr.o)
 .debug_frame   0x0000126c       0x88 e:/1.11/share/em_armgcc/bin/../lib/gcc/arm-none-eabi/5.4.1/../../../../arm-none-eabi/lib/armv7e-m\libg_n.a(lib_a-stdio.o)
 .debug_frame   0x000012f4       0x40 e:/1.11/share/em_armgcc/bin/../lib/gcc/arm-none-eabi/5.4.1/../../../../arm-none-eabi/lib/armv7e-m\libg_n.a(lib_a-wbuf.o)
 .debug_frame   0x00001334       0x2c e:/1.11/share/em_armgcc/bin/../lib/gcc/arm-none-eabi/5.4.1/../../../../arm-none-eabi/lib/armv7e-m\libg_n.a(lib_a-wsetup.o)
 .debug_frame   0x00001360       0x2c e:/1.11/share/em_armgcc/bin/../lib/gcc/arm-none-eabi/5.4.1/../../../../arm-none-eabi/lib/armv7e-m\libg_n.a(lib_a-closer.o)
 .debug_frame   0x0000138c       0x2c e:/1.11/share/em_armgcc/bin/../lib/gcc/arm-none-eabi/5.4.1/../../../../arm-none-eabi/lib/armv7e-m\libg_n.a(lib_a-fstatr.o)
 .debug_frame   0x000013b8       0x2c e:/1.11/share/em_armgcc/bin/../lib/gcc/arm-none-eabi/5.4.1/../../../../arm-none-eabi/lib/armv7e-m\libg_n.a(lib_a-isattyr.o)
 .debug_frame   0x000013e4       0x2c e:/1.11/share/em_armgcc/bin/../lib/gcc/arm-none-eabi/5.4.1/../../../../arm-none-eabi/lib/armv7e-m\libg_n.a(lib_a-lseekr.o)
 .debug_frame   0x00001410       0x30 e:/1.11/share/em_armgcc/bin/../lib/gcc/arm-none-eabi/5.4.1/../../../../arm-none-eabi/lib/armv7e-m\libg_n.a(lib_a-mlock.o)
 .debug_frame   0x00001440       0x2c e:/1.11/share/em_armgcc/bin/../lib/gcc/arm-none-eabi/5.4.1/../../../../arm-none-eabi/lib/armv7e-m\libg_n.a(lib_a-readr.o)
 .debug_frame   0x0000146c       0x5c e:/1.11/share/em_armgcc/bin/../lib/gcc/arm-none-eabi/5.4.1/../../../../arm-none-eabi/lib/armv7e-m\libg_n.a(lib_a-reent.o)
 .debug_frame   0x000014c8       0x20 e:/1.11/share/em_armgcc/bin/../lib/gcc/arm-none-eabi/5.4.1/../../../../arm-none-eabi/lib/armv7e-m\libnosys_s.a(close.o)
 .debug_frame   0x000014e8       0x20 e:/1.11/share/em_armgcc/bin/../lib/gcc/arm-none-eabi/5.4.1/../../../../arm-none-eabi/lib/armv7e-m\libnosys_s.a(fstat.o)
 .debug_frame   0x00001508       0x20 e:/1.11/share/em_armgcc/bin/../lib/gcc/arm-none-eabi/5.4.1/../../../../arm-none-eabi/lib/armv7e-m\libnosys_s.a(isatty.o)
 .debug_frame   0x00001528       0x20 e:/1.11/share/em_armgcc/bin/../lib/gcc/arm-none-eabi/5.4.1/../../../../arm-none-eabi/lib/armv7e-m\libnosys_s.a(lseek.o)
 .debug_frame   0x00001548       0x20 e:/1.11/share/em_armgcc/bin/../lib/gcc/arm-none-eabi/5.4.1/../../../../arm-none-eabi/lib/armv7e-m\libnosys_s.a(read.o)
 .debug_frame   0x00001568       0x20 e:/1.11/share/em_armgcc/bin/../lib/gcc/arm-none-eabi/5.4.1/../../../../arm-none-eabi/lib/armv7e-m\libnosys_s.a(sbrk.o)
 .debug_frame   0x00001588       0x20 e:/1.11/share/em_armgcc/bin/../lib/gcc/arm-none-eabi/5.4.1/../../../../arm-none-eabi/lib/armv7e-m\libnosys_s.a(_exit.o)

.stab           0x00000000       0x84
 .stab          0x00000000       0x24 e:/1.11/share/em_armgcc/bin/../lib/gcc/arm-none-eabi/5.4.1/../../../../arm-none-eabi/lib/armv7e-m\libnosys_s.a(close.o)
 .stab          0x00000024       0x18 e:/1.11/share/em_armgcc/bin/../lib/gcc/arm-none-eabi/5.4.1/../../../../arm-none-eabi/lib/armv7e-m\libnosys_s.a(fstat.o)
                                 0x24 (size before relaxing)
 .stab          0x0000003c       0x18 e:/1.11/share/em_armgcc/bin/../lib/gcc/arm-none-eabi/5.4.1/../../../../arm-none-eabi/lib/armv7e-m\libnosys_s.a(isatty.o)
                                 0x24 (size before relaxing)
 .stab          0x00000054       0x18 e:/1.11/share/em_armgcc/bin/../lib/gcc/arm-none-eabi/5.4.1/../../../../arm-none-eabi/lib/armv7e-m\libnosys_s.a(lseek.o)
                                 0x24 (size before relaxing)
 .stab          0x0000006c       0x18 e:/1.11/share/em_armgcc/bin/../lib/gcc/arm-none-eabi/5.4.1/../../../../arm-none-eabi/lib/armv7e-m\libnosys_s.a(read.o)
                                 0x24 (size before relaxing)

.stabstr        0x00000000      0x117
 .stabstr       0x00000000      0x117 e:/1.11/share/em_armgcc/bin/../lib/gcc/arm-none-eabi/5.4.1/../../../../arm-none-eabi/lib/armv7e-m\libnosys_s.a(close.o)
